Component: ARM Compiler 5.06 update 3 (build 300) Tool: armlink [4d35c9]

==============================================================================

Section Cross References

    startup_stm32f334x8.o(STACK) refers (Special) to heapauxi.o(.text) for __use_two_region_memory
    startup_stm32f334x8.o(HEAP) refers (Special) to heapauxi.o(.text) for __use_two_region_memory
    startup_stm32f334x8.o(RESET) refers (Special) to heapauxi.o(.text) for __use_two_region_memory
    startup_stm32f334x8.o(RESET) refers to startup_stm32f334x8.o(STACK) for __initial_sp
    startup_stm32f334x8.o(RESET) refers to startup_stm32f334x8.o(.text) for Reset_Handler
    startup_stm32f334x8.o(RESET) refers to stm32f3xx_it.o(i.NMI_Handler) for NMI_Handler
    startup_stm32f334x8.o(RESET) refers to stm32f3xx_it.o(i.HardFault_Handler) for HardFault_Handler
    startup_stm32f334x8.o(RESET) refers to stm32f3xx_it.o(i.MemManage_Handler) for MemManage_Handler
    startup_stm32f334x8.o(RESET) refers to stm32f3xx_it.o(i.BusFault_Handler) for BusFault_Handler
    startup_stm32f334x8.o(RESET) refers to stm32f3xx_it.o(i.UsageFault_Handler) for UsageFault_Handler
    startup_stm32f334x8.o(RESET) refers to stm32f3xx_it.o(i.SVC_Handler) for SVC_Handler
    startup_stm32f334x8.o(RESET) refers to stm32f3xx_it.o(i.DebugMon_Handler) for DebugMon_Handler
    startup_stm32f334x8.o(RESET) refers to stm32f3xx_it.o(i.PendSV_Handler) for PendSV_Handler
    startup_stm32f334x8.o(RESET) refers to stm32f3xx_it.o(i.SysTick_Handler) for SysTick_Handler
    startup_stm32f334x8.o(RESET) refers to stm32f3xx_it.o(i.DMA1_Channel1_IRQHandler) for DMA1_Channel1_IRQHandler
    startup_stm32f334x8.o(RESET) refers to stm32f3xx_it.o(i.DMA1_Channel2_IRQHandler) for DMA1_Channel2_IRQHandler
    startup_stm32f334x8.o(RESET) refers to stm32f3xx_it.o(i.CAN_RX0_IRQHandler) for CAN_RX0_IRQHandler
    startup_stm32f334x8.o(RESET) refers to stm32f3xx_it.o(i.TIM6_DAC1_IRQHandler) for TIM6_DAC1_IRQHandler
    startup_stm32f334x8.o(.text) refers (Special) to heapauxi.o(.text) for __use_two_region_memory
    startup_stm32f334x8.o(.text) refers to system_stm32f3xx.o(i.SystemInit) for SystemInit
    startup_stm32f334x8.o(.text) refers to __main.o(!!!main) for __main
    startup_stm32f334x8.o(.text) refers to startup_stm32f334x8.o(HEAP) for Heap_Mem
    startup_stm32f334x8.o(.text) refers to startup_stm32f334x8.o(STACK) for Stack_Mem
    main.o(i.SystemClock_Config) refers to rt_memclr_w.o(.text) for __aeabi_memclr4
    main.o(i.SystemClock_Config) refers to stm32f3xx_hal_rcc.o(i.HAL_RCC_OscConfig) for HAL_RCC_OscConfig
    main.o(i.SystemClock_Config) refers to stm32f3xx_hal_rcc.o(i.HAL_RCC_ClockConfig) for HAL_RCC_ClockConfig
    main.o(i.SystemClock_Config) refers to stm32f3xx_hal_rcc_ex.o(i.HAL_RCCEx_PeriphCLKConfig) for HAL_RCCEx_PeriphCLKConfig
    main.o(i.SystemClock_Config) refers to stm32f3xx_hal_rcc.o(i.HAL_RCC_EnableCSS) for HAL_RCC_EnableCSS
    adc.o(i.HAL_ADC_MspDeInit) refers to stm32f3xx_hal_gpio.o(i.HAL_GPIO_DeInit) for HAL_GPIO_DeInit
    adc.o(i.HAL_ADC_MspDeInit) refers to stm32f3xx_hal_dma.o(i.HAL_DMA_DeInit) for HAL_DMA_DeInit
    adc.o(i.HAL_ADC_MspDeInit) refers to adc.o(.data) for .data
    adc.o(i.HAL_ADC_MspInit) refers to rt_memclr_w.o(.text) for __aeabi_memclr4
    adc.o(i.HAL_ADC_MspInit) refers to stm32f3xx_hal_gpio.o(i.HAL_GPIO_Init) for HAL_GPIO_Init
    adc.o(i.HAL_ADC_MspInit) refers to stm32f3xx_hal_dma.o(i.HAL_DMA_Init) for HAL_DMA_Init
    adc.o(i.HAL_ADC_MspInit) refers to main.o(i.Error_Handler) for Error_Handler
    adc.o(i.HAL_ADC_MspInit) refers to adc.o(.data) for .data
    adc.o(i.HAL_ADC_MspInit) refers to adc.o(.bss) for .bss
    adc.o(i.MX_ADC1_Init) refers to rt_memclr_w.o(.text) for __aeabi_memclr4
    adc.o(i.MX_ADC1_Init) refers to stm32f3xx_hal_adc_ex.o(i.HAL_ADC_Init) for HAL_ADC_Init
    adc.o(i.MX_ADC1_Init) refers to main.o(i.Error_Handler) for Error_Handler
    adc.o(i.MX_ADC1_Init) refers to stm32f3xx_hal_adc_ex.o(i.HAL_ADCEx_MultiModeConfigChannel) for HAL_ADCEx_MultiModeConfigChannel
    adc.o(i.MX_ADC1_Init) refers to stm32f3xx_hal_adc_ex.o(i.HAL_ADC_ConfigChannel) for HAL_ADC_ConfigChannel
    adc.o(i.MX_ADC1_Init) refers to adc.o(.bss) for .bss
    adc.o(i.MX_ADC2_Init) refers to rt_memclr_w.o(.text) for __aeabi_memclr4
    adc.o(i.MX_ADC2_Init) refers to stm32f3xx_hal_adc_ex.o(i.HAL_ADC_Init) for HAL_ADC_Init
    adc.o(i.MX_ADC2_Init) refers to main.o(i.Error_Handler) for Error_Handler
    adc.o(i.MX_ADC2_Init) refers to stm32f3xx_hal_adc_ex.o(i.HAL_ADC_ConfigChannel) for HAL_ADC_ConfigChannel
    adc.o(i.MX_ADC2_Init) refers to adc.o(.bss) for .bss
    can.o(i.HAL_CAN_MspDeInit) refers to stm32f3xx_hal_gpio.o(i.HAL_GPIO_DeInit) for HAL_GPIO_DeInit
    can.o(i.HAL_CAN_MspDeInit) refers to stm32f3xx_hal_cortex.o(i.HAL_NVIC_DisableIRQ) for HAL_NVIC_DisableIRQ
    can.o(i.HAL_CAN_MspInit) refers to rt_memclr_w.o(.text) for __aeabi_memclr4
[...]
    i.MemManage_Handler                      0x08005070   Section        0  stm32f3xx_it.o(i.MemManage_Handler)
    i.NMI_Handler                            0x08005072   Section        0  stm32f3xx_it.o(i.NMI_Handler)
    i.PID_calc                               0x08005078   Section        0  pid.o(i.PID_calc)
    i.PID_init                               0x080051a0   Section        0  pid.o(i.PID_init)
    i.PendSV_Handler                         0x080051f0   Section        0  stm32f3xx_it.o(i.PendSV_Handler)
    i.Running_Diagnose                       0x080051f4   Section        0  supercap.o(i.Running_Diagnose)
    Running_Diagnose                         0x080051f5   Thumb Code   174  supercap.o(i.Running_Diagnose)
    i.SVC_Handler                            0x080052c8   Section        0  stm32f3xx_it.o(i.SVC_Handler)
    i.Set_Board_Config                       0x080052cc   Section        0  supercap.o(i.Set_Board_Config)
    Set_Board_Config                         0x080052cd   Thumb Code   382  supercap.o(i.Set_Board_Config)
    i.SysTick_Handler                        0x0800549c   Section        0  stm32f3xx_it.o(i.SysTick_Handler)
    i.SystemClock_Config                     0x080054a0   Section        0  main.o(i.SystemClock_Config)
    i.SystemInit                             0x08005528   Section        0  system_stm32f3xx.o(i.SystemInit)
    i.TIM6_DAC1_IRQHandler                   0x08005538   Section        0  stm32f3xx_it.o(i.TIM6_DAC1_IRQHandler)
    i.TIM_Base_SetConfig                     0x08005544   Section        0  stm32f3xx_hal_tim.o(i.TIM_Base_SetConfig)
    i.TIM_CCxChannelCmd                      0x080055cc   Section        0  stm32f3xx_hal_tim.o(i.TIM_CCxChannelCmd)
    i.TIM_CCxNChannelCmd                     0x080055e6   Section        0  stm32f3xx_hal_tim_ex.o(i.TIM_CCxNChannelCmd)
    TIM_CCxNChannelCmd                       0x080055e7   Thumb Code    26  stm32f3xx_hal_tim_ex.o(i.TIM_CCxNChannelCmd)
    i.TIM_ETR_SetConfig                      0x08005600   Section        0  stm32f3xx_hal_tim.o(i.TIM_ETR_SetConfig)
    i.TIM_ITRx_SetConfig                     0x08005614   Section        0  stm32f3xx_hal_tim.o(i.TIM_ITRx_SetConfig)
    TIM_ITRx_SetConfig                       0x08005615   Thumb Code    16  stm32f3xx_hal_tim.o(i.TIM_ITRx_SetConfig)
    i.TIM_OC1_SetConfig                      0x08005624   Section        0  stm32f3xx_hal_tim.o(i.TIM_OC1_SetConfig)
    TIM_OC1_SetConfig                        0x08005625   Thumb Code   116  stm32f3xx_hal_tim.o(i.TIM_OC1_SetConfig)
    i.TIM_OC2_SetConfig                      0x080056ac   Section        0  stm32f3xx_hal_tim.o(i.TIM_OC2_SetConfig)
    i.TIM_OC3_SetConfig                      0x0800572c   Section        0  stm32f3xx_hal_tim.o(i.TIM_OC3_SetConfig)
    TIM_OC3_SetConfig                        0x0800572d   Thumb Code   106  stm32f3xx_hal_tim.o(i.TIM_OC3_SetConfig)
    i.TIM_OC4_SetConfig                      0x080057ac   Section        0  stm32f3xx_hal_tim.o(i.TIM_OC4_SetConfig)
    TIM_OC4_SetConfig                        0x080057ad   Thumb Code    86  stm32f3xx_hal_tim.o(i.TIM_OC4_SetConfig)
    i.TIM_OC5_SetConfig                      0x08005818   Section        0  stm32f3xx_hal_tim.o(i.TIM_OC5_SetConfig)
    TIM_OC5_SetConfig                        0x08005819   Thumb Code    80  stm32f3xx_hal_tim.o(i.TIM_OC5_SetConfig)
    i.TIM_OC6_SetConfig                      0x0800587c   Section        0  stm32f3xx_hal_tim.o(i.TIM_OC6_SetConfig)
    TIM_OC6_SetConfig                        0x0800587d   Thumb Code    82  stm32f3xx_hal_tim.o(i.TIM_OC6_SetConfig)
    i.TIM_TI1_ConfigInputStage               0x080058e4   Section        0  stm32f3xx_hal_tim.o(i.TIM_TI1_ConfigInputStage)
    TIM_TI1_ConfigInputStage                 0x080058e5   Thumb Code    34  stm32f3xx_hal_tim.o(i.TIM_TI1_ConfigInputStage)
    i.TIM_TI2_ConfigInputStage               0x08005906   Section        0  stm32f3xx_hal_tim.o(i.TIM_TI2_ConfigInputStage)
    TIM_TI2_ConfigInputStage                 0x08005907   Thumb Code    36  stm32f3xx_hal_tim.o(i.TIM_TI2_ConfigInputStage)
    i.UART_AdvFeatureConfig                  0x0800592a   Section        0  stm32f3xx_hal_uart.o(i.UART_AdvFeatureConfig)
    i.UART_CheckIdleState                    0x080059f2   Section        0  stm32f3xx_hal_uart.o(i.UART_CheckIdleState)
    i.UART_SetConfig                         0x08005a50   Section        0  stm32f3xx_hal_uart.o(i.UART_SetConfig)
    i.UART_WaitOnFlagUntilTimeout            0x08005b94   Section        0  stm32f3xx_hal_uart.o(i.UART_WaitOnFlagUntilTimeout)
    i.Update_Buzzer_PWM                      0x08005c5c   Section        0  bsp_tim.o(i.Update_Buzzer_PWM)
    i.Update_LED_PWM                         0x08005c68   Section        0  bsp_tim.o(i.Update_LED_PWM)
    i.UsageFault_Handler                     0x08005c84   Section        0  stm32f3xx_it.o(i.UsageFault_Handler)
    i.Window_Filter_Calc                     0x08005c86   Section        0  filter.o(i.Window_Filter_Calc)
    i.Window_Filter_Init                     0x08005cc6   Section        0  filter.o(i.Window_Filter_Init)
    i.__ARM_fpclassify                       0x08005ce4   Section        0  fpclassify.o(i.__ARM_fpclassify)
    i.__NVIC_SetPriority                     0x08005d14   Section        0  stm32f3xx_hal_cortex.o(i.__NVIC_SetPriority)
    __NVIC_SetPriority                       0x08005d15   Thumb Code    32  stm32f3xx_hal_cortex.o(i.__NVIC_SetPriority)
    i.__hardfp_fmaxf                         0x08005d34   Section        0  fmaxf.o(i.__hardfp_fmaxf)
    i.__hardfp_fminf                         0x08005d7c   Section        0  fminf.o(i.__hardfp_fminf)
    i._is_digit                              0x08005dc4   Section        0  __printf_wp.o(i._is_digit)
    i.buckboost_pwm_update                   0x08005dd4   Section        0  power_loop.o(i.buckboost_pwm_update)
    buckboost_pwm_update                     0x08005dd5   Thumb Code   192  power_loop.o(i.buckboost_pwm_update)
    i.control_calc                           0x08005eb0   Section        0  power_loop.o(i.control_calc)
    control_calc                             0x08005eb1   Thumb Code   354  power_loop.o(i.control_calc)
    i.main                                   0x0800601c   Section        0  supercap.o(i.main)
    locale$$code                             0x08006188   Section       44  lc_numeric_c.o(locale$$code)
    x$fpl$dretinf                            0x080061b4   Section       12  dretinf.o(x$fpl$dretinf)
    $v0                                      0x080061b4   Number         0  dretinf.o(x$fpl$dretinf)
    x$fpl$f2d                                0x080061c0   Section       86  f2d.o(x$fpl$f2d)
    $v0                                      0x080061c0   Number         0  f2d.o(x$fpl$f2d)
    x$fpl$fcmp4                              0x08006218   Section       82  fcmp4.o(x$fpl$fcmp4)
    $v0                                      0x08006218   Number         0  fcmp4.o(x$fpl$fcmp4)
    x$fpl$fcmpinf                            0x0800626a   Section       24  fcmpi.o(x$fpl$fcmpinf)
    $v0                                      0x0800626a   Number         0  fcmpi.o(x$fpl$fcmpinf)
    x$fpl$fnaninf                            0x08006282   Section      140  fnaninf.o(x$fpl$fnaninf)
    $v0                                      0x08006282   Number         0  fnaninf.o(x$fpl$fnaninf)
    x$fpl$fpinit                             0x0800630e   Section       10  fpinit.o(x$fpl$fpinit)
    $v0                                      0x0800630e   Number         0  fpinit.o(x$fpl$fpinit)
    x$fpl$printf1                            0x08006318   Section        4  printf1.o(x$fpl$printf1)
    $v0                                      0x08006318   Number         0  printf1.o(x$fpl$printf1)
    .constdata                               0x0800631c   Section      400  supercap.o(.constdata)
    x$fpl$usenofp                            0x0800631c   Section        0  usenofp.o(x$fpl$usenofp)
    .constdata                               0x080064ac   Section       32  stm32f3xx_hal_rcc.o(.constdata)
    .constdata                               0x080064cc   Section       16  system_stm32f3xx.o(.constdata)
    .constdata                               0x080064dc   Section        8  system_stm32f3xx.o(.constdata)
    .constdata                               0x080064e4   Section      148  bigflt0.o(.constdata)
    tenpwrs_x                                0x080064e4   Data          60  bigflt0.o(.constdata)
    tenpwrs_i                                0x08006520   Data          64  bigflt0.o(.constdata)
    .conststring                             0x08006578   Section      101  supercap.o(.conststring)
    locale$$data                             0x08006600   Section       28  lc_numeric_c.o(locale$$data)
    __lcnum_c_name                           0x08006604   Data           2  lc_numeric_c.o(locale$$data)
    __lcnum_c_start                          0x0800660c   Data           0  lc_numeric_c.o(locale$$data)
    __lcnum_c_point                          0x08006618   Data           0  lc_numeric_c.o(locale$$data)
    __lcnum_c_thousands                      0x0800661a   Data           0  lc_numeric_c.o(locale$$data)
    __lcnum_c_grouping                       0x0800661b   Data           0  lc_numeric_c.o(locale$$data)
    __lcnum_c_end                            0x0800661c   Data           0  lc_numeric_c.o(locale$$data)
    .data                                    0x20000000   Section        4  adc.o(.data)
    HAL_RCC_ADC12_CLK_ENABLED                0x20000000   Data           4  adc.o(.data)
    .data                                    0x20000004   Section        8  power_loop.o(.data)
    .data                                    0x2000000c   Section       16  supercap.o(.data)
    disable_cnt                              0x2000000c   Data           2  supercap.o(.data)
    .data                                    0x2000001c   Section       12  stm32f3xx_hal.o(.data)
    .data                                    0x20000028   Section        4  system_stm32f3xx.o(.data)
    .bss                                     0x2000002c   Section      296  adc.o(.bss)
    .bss                                     0x20000154   Section       40  can.o(.bss)
    .bss                                     0x2000017c   Section      220  hrtim.o(.bss)
    .bss                                     0x20000258   Section      304  tim.o(.bss)
    .bss                                     0x20000388   Section      264  usart.o(.bss)
    .bss                                     0x20000490   Section     1612  power_loop.o(.bss)
    .bss                                     0x20000adc   Section      100  supercap.o(.bss)
    .bss                                     0x20000b40   Section       96  libspace.o(.bss)
    HEAP                                     0x20000ba0   Section      512  startup_stm32f334x8.o(HEAP)
    Heap_Mem                                 0x20000ba0   Data         512  startup_stm32f334x8.o(HEAP)
    STACK                                    0x20000da0   Section     1024  startup_stm32f334x8.o(STACK)
    Stack_Mem                                0x20000da0   Data        1024  startup_stm32f334x8.o(STACK)
    __initial_sp                             0x200011a0   Data           0  startup_stm32f334x8.o(STACK)

    Global Symbols

    Symbol Name                              Value     Ov Type        Size  Object(Section)

    BuildAttributes$$THM_ISAv4$E$P$D$K$B$S$7EM$VFPi3$EXTD16$VFPS$VFMA$PE$A:L22UL41UL21$X:L11$S22US41US21$IEEE1$IW$USESV6$~STKCKD$USESV7$~SHL$OTIME$ROPI$IEEEJ$EBA8$UX$STANDARDLIB$REQ8$PRES8$EABIv2 0x00000000   Number         0  anon$$obj.o ABSOLUTE
    __ARM_use_no_argv                        0x00000000   Number         0  supercap.o ABSOLUTE
    _printf_flags                            0x00000000   Number         0  printf_stubs.o ABSOLUTE
    _printf_return_value                     0x00000000   Number         0  printf_stubs.o ABSOLUTE
    _printf_sizespec                         0x00000000   Number         0  printf_stubs.o ABSOLUTE
    _printf_widthprec                        0x00000000   Number         0  printf_stubs.o ABSOLUTE
    __ARM_exceptions_init                     - Undefined Weak Reference
    __alloca_initialize                       - Undefined Weak Reference
    __arm_preinit_                            - Undefined Weak Reference
    __cpp_initialize__aeabi_                  - Undefined Weak Reference
    __cxa_finalize                            - Undefined Weak Reference
    __sigvec_lookup                           - Undefined Weak Reference
    _atexit_init                              - Undefined Weak Reference
    _call_atexit_fns                          - Undefined Weak Reference
    _clock_init                               - Undefined Weak Reference
    _fp_trap_init                             - Undefined Weak Reference
    _fp_trap_shutdown                         - Undefined Weak Reference
    _get_lc_collate                           - Undefined Weak Reference
    _get_lc_ctype                             - Undefined Weak Reference
    _get_lc_monetary                          - Undefined Weak Reference
    _get_lc_time                              - Undefined Weak Reference
    _getenv_init                              - Undefined Weak Reference
    _handle_redirection                       - Undefined Weak Reference
    _init_alloc                               - Undefined Weak Reference
    _init_user_alloc                          - Undefined Weak Reference
    _initio                                   - Undefined Weak Reference
    _rand_init                                - Undefined Weak Reference
    _signal_finish                            - Undefined Weak Reference
    _signal_init                              - Undefined Weak Reference
    _terminate_alloc                          - Undefined Weak Reference
    _terminate_user_alloc                     - Undefined Weak Reference
    _terminateio                              - Undefined Weak Reference
    __Vectors_Size                           0x00000188   Number         0  startup_stm32f334x8.o ABSOLUTE
    __Vectors                                0x08000000   Data           4  startup_stm32f334x8.o(RESET)
    __Vectors_End                            0x08000188   Data           0  startup_stm32f334x8.o(RESET)
    __main                                   0x08000189   Thumb Code     8  __main.o(!!!main)
    __scatterload                            0x08000191   Thumb Code     0  __scatter.o(!!!scatter)
    __scatterload_rt2                        0x08000191   Thumb Code    44  __scatter.o(!!!scatter)
    __scatterload_rt2_thumb_only             0x08000191   Thumb Code     0  __scatter.o(!!!scatter)
    __scatterload_null                       0x0800019f   Thumb Code     0  __scatter.o(!!!scatter)
    __scatterload_copy                       0x080001c5   Thumb Code    26  __scatter_copy.o(!!handler_copy)
    __scatterload_zeroinit                   0x080001e1   Thumb Code    28  __scatter_zi.o(!!handler_zi)
    _printf_f                                0x080001fd   Thumb Code     0  _printf_f.o(.ARM.Collect$$_printf_percent$$00000003)
    _printf_percent                          0x080001fd   Thumb Code     0  _printf_percent.o(.ARM.Collect$$_printf_percent$$00000000)
    _printf_percent_end                      0x08000203   Thumb Code     0  _printf_percent_end.o(.ARM.Collect$$_printf_percent$$00000017)
    __rt_lib_init                            0x08000207   Thumb Code     0  libinit.o(.ARM.Collect$$libinit$$00000000)
    __rt_lib_init_fp_1                       0x08000209   Thumb Code     0  libinit2.o(.ARM.Collect$$libinit$$00000001)
    __rt_lib_init_heap_1                     0x0800020d   Thumb Code     0  libinit2.o(.ARM.Collect$$libinit$$0000000A)
    __rt_lib_init_lc_common                  0x0800020d   Thumb Code     0  libinit2.o(.ARM.Collect$$libinit$$0000000F)
    __rt_lib_init_preinit_1                  0x0800020d   Thumb Code     0  libinit2.o(.ARM.Collect$$libinit$$00000004)
    __rt_lib_init_rand_1                     0x0800020d   Thumb Code     0  libinit2.o(.ARM.Collect$$libinit$$0000000E)
    __rt_lib_init_user_alloc_1               0x0800020d   Thumb Code     0  libinit2.o(.ARM.Collect$$libinit$$0000000C)
    __rt_lib_init_lc_collate_1               0x08000213   Thumb Code     0  libinit2.o(.ARM.Collect$$libinit$$00000011)
    __rt_lib_init_lc_ctype_1                 0x08000213   Thumb Code     0  libinit2.o(.ARM.Collect$$libinit$$00000013)
    __rt_lib_init_lc_monetary_1              0x08000213   Thumb Code     0  libinit2.o(.ARM.Collect$$libinit$$00000015)
    __rt_lib_init_lc_numeric_2               0x08000213   Thumb Code     0  libinit2.o(.ARM.Collect$$libinit$$00000016)
    __rt_lib_init_alloca_1                   0x0800021d   Thumb Code     0  libinit2.o(.ARM.Collect$$libinit$$0000002E)
    __rt_lib_init_argv_1                     0x0800021d   Thumb Code     0  libinit2.o(.ARM.Collect$$libinit$$0000002C)
    __rt_lib_init_atexit_1                   0x0800021d   Thumb Code     0  libinit2.o(.ARM.Collect$$libinit$$0000001B)
    __rt_lib_init_clock_1                    0x0800021d   Thumb Code     0  libinit2.o(.ARM.Collect$$libinit$$00000021)
    __rt_lib_init_cpp_1                      0x0800021d   Thumb Code     0  libinit2.o(.ARM.Collect$$libinit$$00000032)
    __rt_lib_init_exceptions_1               0x0800021d   Thumb Code     0  libinit2.o(.ARM.Collect$$libinit$$00000030)
    __rt_lib_init_fp_trap_1                  0x0800021d   Thumb Code     0  libinit2.o(.ARM.Collect$$libinit$$0000001F)
    __rt_lib_init_getenv_1                   0x0800021d   Thumb Code     0  libinit2.o(.ARM.Collect$$libinit$$00000023)
    __rt_lib_init_lc_numeric_1               0x0800021d   Thumb Code     0  libinit2.o(.ARM.Collect$$libinit$$00000017)
    __rt_lib_init_lc_time_1                  0x0800021d   Thumb Code     0  libinit2.o(.ARM.Collect$$libinit$$00000019)
    __rt_lib_init_return                     0x0800021d   Thumb Code     0  libinit2.o(.ARM.Collect$$libinit$$00000033)
    __rt_lib_init_signal_1                   0x0800021d   Thumb Code     0  libinit2.o(.ARM.Collect$$libinit$$0000001D)
    __rt_lib_init_stdio_1                    0x0800021d   Thumb Code     0  libinit2.o(.ARM.Collect$$libinit$$00000025)
    __rt_lib_shutdown                        0x0800021f   Thumb Code     0  libshutdown.o(.ARM.Collect$$libshutdown$$00000000)
    __rt_lib_shutdown_cpp_1                  0x08000221   Thumb Code     0  libshutdown2.o(.ARM.Collect$$libshutdown$$00000002)
    __rt_lib_shutdown_fp_trap_1              0x08000221   Thumb Code     0  libshutdown2.o(.ARM.Collect$$libshutdown$$00000007)
    __rt_lib_shutdown_heap_1                 0x08000221   Thumb Code     0  libshutdown2.o(.ARM.Collect$$libshutdown$$0000000F)
    __rt_lib_shutdown_return                 0x08000221   Thumb Code     0  libshutdown2.o(.ARM.Collect$$libshutdown$$00000010)
    __rt_lib_shutdown_signal_1               0x08000221   Thumb Code     0  libshutdown2.o(.ARM.Collect$$libshutdown$$0000000A)
    __rt_lib_shutdown_stdio_1                0x08000221   Thumb Code     0  libshutdown2.o(.ARM.Collect$$libshutdown$$00000004)
    __rt_lib_shutdown_user_alloc_1           0x08000221   Thumb Code     0  libshutdown2.o(.ARM.Collect$$libshutdown$$0000000C)
    __rt_entry                               0x08000223   Thumb Code     0  __rtentry.o(.ARM.Collect$$rtentry$$00000000)
    __rt_entry_presh_1                       0x08000223   Thumb Code     0  __rtentry2.o(.ARM.Collect$$rtentry$$00000002)
    __rt_entry_sh                            0x08000223   Thumb Code     0  __rtentry4.o(.ARM.Collect$$rtentry$$00000004)
    __rt_entry_li                            0x08000229   Thumb Code     0  __rtentry2.o(.ARM.Collect$$rtentry$$0000000A)
    __rt_entry_postsh_1                      0x08000229   Thumb Code     0  __rtentry2.o(.ARM.Collect$$rtentry$$00000009)
    __rt_entry_main                          0x0800022d   Thumb Code     0  __rtentry2.o(.ARM.Collect$$rtentry$$0000000D)
    __rt_entry_postli_1                      0x0800022d   Thumb Code     0  __rtentry2.o(.ARM.Collect$$rtentry$$0000000C)
    __rt_exit                                0x08000235   Thumb Code     0  rtexit.o(.ARM.Collect$$rtexit$$00000000)
    __rt_exit_ls                             0x08000237   Thumb Code     0  rtexit2.o(.ARM.Collect$$rtexit$$00000003)
    __rt_exit_prels_1                        0x08000237   Thumb Code     0  rtexit2.o(.ARM.Collect$$rtexit$$00000002)
    __rt_exit_exit                           0x0800023b   Thumb Code     0  rtexit2.o(.ARM.Collect$$rtexit$$00000004)
    Reset_Handler                            0x08000241   Thumb Code     8  startup_stm32f334x8.o(.text)
    ADC1_2_IRQHandler                        0x0800025b   Thumb Code     0  startup_stm32f334x8.o(.text)
    CAN_RX1_IRQHandler                       0x0800025b   Thumb Code     0  startup_stm32f334x8.o(.text)
    CAN_SCE_IRQHandler                       0x0800025b   Thumb Code     0  startup_stm32f334x8.o(.text)
    CAN_TX_IRQHandler                        0x0800025b   Thumb Code     0  startup_stm32f334x8.o(.text)
    COMP2_IRQHandler                         0x0800025b   Thumb Code     0  startup_stm32f334x8.o(.text)
    COMP4_6_IRQHandler                       0x0800025b   Thumb Code     0  startup_stm32f334x8.o(.text)
    DMA1_Channel3_IRQHandler                 0x0800025b   Thumb Code     0  startup_stm32f334x8.o(.text)
    DMA1_Channel4_IRQHandler                 0x0800025b   Thumb Code     0  startup_stm32f334x8.o(.text)
    DMA1_Channel5_IRQHandler                 0x0800025b   Thumb Code     0  startup_stm32f334x8.o(.text)
    DMA1_Channel6_IRQHandler                 0x0800025b   Thumb Code     0  startup_stm32f334x8.o(.text)
    DMA1_Channel7_IRQHandler                 0x0800025b   Thumb Code     0  startup_stm32f334x8.o(.text)
    EXTI0_IRQHandler                         0x0800025b   Thumb Code     0  startup_stm32f334x8.o(.text)
    EXTI15_10_IRQHandler                     0x0800025b   Thumb Code     0  startup_stm32f334x8.o(.text)
    EXTI1_IRQHandler                         0x0800025b   Thumb Code     0  startup_stm32f334x8.o(.text)
    EXTI2_TSC_IRQHandler                     0x0800025b   Thumb Code     0  startup_stm32f334x8.o(.text)
    EXTI3_IRQHandler                         0x0800025b   Thumb Code     0  startup_stm32f334x8.o(.text)
    EXTI4_IRQHandler                         0x0800025b   Thumb Code     0  startup_stm32f334x8.o(.text)
    EXTI9_5_IRQHandler                       0x0800025b   Thumb Code     0  startup_stm32f334x8.o(.text)
    FLASH_IRQHandler                         0x0800025b   Thumb Code     0  startup_stm32f334x8.o(.text)
    FPU_IRQHandler                           0x0800025b   Thumb Code     0  startup_stm32f334x8.o(.text)
    HRTIM1_FLT_IRQHandler                    0x0800025b   Thumb Code     0  startup_stm32f334x8.o(.text)
    HRTIM1_Master_IRQHandler                 0x0800025b   Thumb Code     0  startup_stm32f334x8.o(.text)
    HRTIM1_TIMA_IRQHandler                   0x0800025b   Thumb Code     0  startup_stm32f334x8.o(.text)
    HRTIM1_TIMB_IRQHandler                   0x0800025b   Thumb Code     0  startup_stm32f334x8.o(.text)
    HRTIM1_TIMC_IRQHandler                   0x0800025b   Thumb Code     0  startup_stm32f334x8.o(.text)
    HRTIM1_TIMD_IRQHandler                   0x0800025b   Thumb Code     0  startup_stm32f334x8.o(.text)
    HRTIM1_TIME_IRQHandler                   0x0800025b   Thumb Code     0  startup_stm32f334x8.o(.text)
    I2C1_ER_IRQHandler                       0x0800025b   Thumb Code     0  startup_stm32f334x8.o(.text)
    I2C1_EV_IRQHandler                       0x0800025b   Thumb Code     0  startup_stm32f334x8.o(.text)
    PVD_IRQHandler                           0x0800025b   Thumb Code     0  startup_stm32f334x8.o(.text)
    RCC_IRQHandler                           0x0800025b   Thumb Code     0  startup_stm32f334x8.o(.text)
    RTC_Alarm_IRQHandler                     0x0800025b   Thumb Code     0  startup_stm32f334x8.o(.text)
    RTC_WKUP_IRQHandler                      0x0800025b   Thumb Code     0  startup_stm32f334x8.o(.text)
    SPI1_IRQHandler                          0x0800025b   Thumb Code     0  startup_stm32f334x8.o(.text)
    TAMP_STAMP_IRQHandler                    0x0800025b   Thumb Code     0  startup_stm32f334x8.o(.text)
    TIM1_BRK_TIM15_IRQHandler                0x0800025b   Thumb Code     0  startup_stm32f334x8.o(.text)
    TIM1_CC_IRQHandler                       0x0800025b   Thumb Code     0  startup_stm32f334x8.o(.text)
    TIM1_TRG_COM_TIM17_IRQHandler            0x0800025b   Thumb Code     0  startup_stm32f334x8.o(.text)
    TIM1_UP_TIM16_IRQHandler                 0x0800025b   Thumb Code     0  startup_stm32f334x8.o(.text)
    TIM2_IRQHandler                          0x0800025b   Thumb Code     0  startup_stm32f334x8.o(.text)
    TIM3_IRQHandler                          0x0800025b   Thumb Code     0  startup_stm32f334x8.o(.text)
    TIM7_DAC2_IRQHandler                     0x0800025b   Thumb Code     0  startup_stm32f334x8.o(.text)
    USART1_IRQHandler                        0x0800025b   Thumb Code     0  startup_stm32f334x8.o(.text)
    USART2_IRQHandler                        0x0800025b   Thumb Code     0  startup_stm32f334x8.o(.text)
    USART3_IRQHandler                        0x0800025b   Thumb Code     0  startup_stm32f334x8.o(.text)
    WWDG_IRQHandler                          0x0800025b   Thumb Code     0  startup_stm32f334x8.o(.text)
    __user_initial_stackheap                 0x0800025d   Thumb Code     0  startup_stm32f334x8.o(.text)
    __aeabi_uldivmod                         0x08000281   Thumb Code     0  lludivv7m.o(.text)
    _ll_udiv                                 0x08000281   Thumb Code   238  lludivv7m.o(.text)
    __2sprintf                               0x08000371   Thumb Code    34  noretval__2sprintf.o(.text)
    _printf_pre_padding                      0x08000399   Thumb Code    44  _printf_pad.o(.text)
    _printf_post_padding                     0x080003c5   Thumb Code    34  _printf_pad.o(.text)
    __printf                                 0x080003e7   Thumb Code   270  __printf_wp.o(.text)
    strlen                                   0x080004f5   Thumb Code    62  strlen.o(.text)
    __aeabi_memclr4                          0x08000533   Thumb Code     0  rt_memclr_w.o(.text)
    __aeabi_memclr8                          0x08000533   Thumb Code     0  rt_memclr_w.o(.text)
    __rt_memclr_w                            0x08000533   Thumb Code    78  rt_memclr_w.o(.text)
    _memset_w                                0x08000537   Thumb Code     0  rt_memclr_w.o(.text)
    __use_two_region_memory                  0x08000581   Thumb Code     2  heapauxi.o(.text)
    __rt_heap_escrow$2region                 0x08000583   Thumb Code     2  heapauxi.o(.text)
    __rt_heap_expand$2region                 0x08000585   Thumb Code     2  heapauxi.o(.text)
    __lib_sel_fp_printf                      0x08000587   Thumb Code     2  _printf_fp_dec.o(.text)
    _printf_fp_dec_real                      0x08000735   Thumb Code   620  _printf_fp_dec.o(.text)
    _printf_char_common                      0x080009ab   Thumb Code    32  _printf_char_common.o(.text)
    _sputc                                   0x080009d1   Thumb Code    10  _sputc.o(.text)
    __rt_locale                              0x080009dd   Thumb Code     8  rt_locale_intlibspace.o(.text)
    _ll_udiv10                               0x080009e5   Thumb Code   138  lludiv10.o(.text)
    _printf_fp_infnan                        0x08000a71   Thumb Code   112  _printf_fp_infnan.o(.text)
    _btod_etento                             0x08000af1   Thumb Code   216  bigflt0.o(.text)
    __user_libspace                          0x08000bcd   Thumb Code     8  libspace.o(.text)
    __user_perproc_libspace                  0x08000bcd   Thumb Code     0  libspace.o(.text)
    __user_perthread_libspace                0x08000bcd   Thumb Code     0  libspace.o(.text)
    __user_setup_stackheap                   0x08000bd5   Thumb Code    74  sys_stackheap_outer.o(.text)
    exit                                     0x08000c1f   Thumb Code    18  exit.o(.text)
    strcmp                                   0x08000c31   Thumb Code   128  strcmpv7m.o(.text)
    _sys_exit                                0x08000cb1   Thumb Code     8  sys_exit.o(.text)
    __I$use$semihosting                      0x08000cbd   Thumb Code     0  use_no_semi.o(.text)
    __use_no_semihosting_swi                 0x08000cbd   Thumb Code     2  use_no_semi.o(.text)
    __semihosting_library_function           0x08000cbf   Thumb Code     0  indicate_semi.o(.text)
    _btod_d2e                                0x08000cbf   Thumb Code    62  btod.o(CL$$btod_d2e)
    _d2e_denorm_low                          0x08000cfd   Thumb Code    70  btod.o(CL$$btod_d2e_denorm_low)
    _d2e_norm_op1                            0x08000d43   Thumb Code    96  btod.o(CL$$btod_d2e_norm_op1)
    __btod_div_common                        0x08000da3   Thumb Code   696  btod.o(CL$$btod_div_common)
    _e2e                                     0x080010db   Thumb Code   198  btod.o(CL$$btod_e2e)
    _btod_ediv                               0x080011a1   Thumb Code    40  btod.o(CL$$btod_ediv)
    _btod_emul                               0x080011c9   Thumb Code    40  btod.o(CL$$btod_emul)
    __btod_mult_common                       0x080011f1   Thumb Code   580  btod.o(CL$$btod_mult_common)
    ADC_Linear_calibration_init              0x0800156d   Thumb Code    46  adc_to_elec.o(i.ADC_Linear_calibration_init)
    ADC_Value_To_Elec                        0x0800159b   Thumb Code    50  adc_to_elec.o(i.ADC_Value_To_Elec)
    BSP_ADC_Init                             0x080015cd   Thumb Code    34  bsp_adc.o(i.BSP_ADC_Init)
    BSP_ADC_Start_DMA                        0x080015f9   Thumb Code     4  bsp_adc.o(i.BSP_ADC_Start_DMA)
    BSP_CAN_Init                             0x080015fd   Thumb Code    56  bsp_can.o(i.BSP_CAN_Init)
    BSP_GPIO_Init                            0x08001639   Thumb Code     4  bsp_gpio.o(i.BSP_GPIO_Init)
    BSP_HRTIM_Enable_PWM                     0x0800163d   Thumb Code     8  bsp_hrtim.o(i.BSP_HRTIM_Enable_PWM)
    BSP_HRTIM_Init                           0x08001649   Thumb Code    20  bsp_hrtim.o(i.BSP_HRTIM_Init)
    BSP_HRTIM_Update_PWM                     0x08001661   Thumb Code    22  bsp_hrtim.o(i.BSP_HRTIM_Update_PWM)
    BSP_TIM_Init                             0x0800167d   Thumb Code    54  bsp_tim.o(i.BSP_TIM_Init)
    BSP_TIM_Start_Loop_Timer                 0x080016c1   Thumb Code     6  bsp_tim.o(i.BSP_TIM_Start_Loop_Timer)
    BSP_UART_INIT                            0x080016cd   Thumb Code    14  bsp_uart.o(i.BSP_UART_INIT)
    BusFault_Handler                         0x080016db   Thumb Code     2  stm32f3xx_it.o(i.BusFault_Handler)
    CAN_RX0_IRQHandler                       0x080016dd   Thumb Code     6  stm32f3xx_it.o(i.CAN_RX0_IRQHandler)
    DMA1_Channel1_IRQHandler                 0x08001895   Thumb Code     6  stm32f3xx_it.o(i.DMA1_Channel1_IRQHandler)
    DMA1_Channel2_IRQHandler                 0x080018a1   Thumb Code     6  stm32f3xx_it.o(i.DMA1_Channel2_IRQHandler)
    DebugMon_Handler                         0x080018f7   Thumb Code     2  stm32f3xx_it.o(i.DebugMon_Handler)
    Error_Handler                            0x080018f9   Thumb Code     4  main.o(i.Error_Handler)
    HAL_ADCEx_Calibration_Start              0x080018fd   Thumb Code   158  stm32f3xx_hal_adc_ex.o(i.HAL_ADCEx_Calibration_Start)
    HAL_ADCEx_MultiModeConfigChannel         0x0800199d   Thumb Code   214  stm32f3xx_hal_adc_ex.o(i.HAL_ADCEx_MultiModeConfigChannel)
    HAL_ADC_ConfigChannel                    0x08001a7d   Thumb Code   828  stm32f3xx_hal_adc_ex.o(i.HAL_ADC_ConfigChannel)
    HAL_ADC_ConvCpltCallback                 0x08001dcd   Thumb Code     2  stm32f3xx_hal_adc.o(i.HAL_ADC_ConvCpltCallback)
    HAL_ADC_ConvHalfCpltCallback             0x08001dcf   Thumb Code     2  stm32f3xx_hal_adc.o(i.HAL_ADC_ConvHalfCpltCallback)
    HAL_ADC_ErrorCallback                    0x08001dd1   Thumb Code     2  stm32f3xx_hal_adc.o(i.HAL_ADC_ErrorCallback)
    HAL_ADC_Init                             0x08001dd5   Thumb Code   462  stm32f3xx_hal_adc_ex.o(i.HAL_ADC_Init)
    HAL_ADC_MspInit                          0x08001fbd   Thumb Code   230  adc.o(i.HAL_ADC_MspInit)
    HAL_ADC_Start_DMA                        0x080020bd   Thumb Code   246  stm32f3xx_hal_adc_ex.o(i.HAL_ADC_Start_DMA)
    HAL_CAN_ActivateNotification             0x080021c5   Thumb Code    36  stm32f3xx_hal_can.o(i.HAL_CAN_ActivateNotification)
    HAL_CAN_AddTxMessage                     0x080021e9   Thumb Code   200  stm32f3xx_hal_can.o(i.HAL_CAN_AddTxMessage)
    HAL_CAN_ConfigFilter                     0x080022b1   Thumb Code   238  stm32f3xx_hal_can.o(i.HAL_CAN_ConfigFilter)
    HAL_CAN_ErrorCallback                    0x0800239f   Thumb Code     2  stm32f3xx_hal_can.o(i.HAL_CAN_ErrorCallback)
    HAL_CAN_GetRxMessage                     0x080023a1   Thumb Code   232  stm32f3xx_hal_can.o(i.HAL_CAN_GetRxMessage)
    HAL_CAN_IRQHandler                       0x08002489   Thumb Code   508  stm32f3xx_hal_can.o(i.HAL_CAN_IRQHandler)
    HAL_CAN_Init                             0x08002685   Thumb Code   282  stm32f3xx_hal_can.o(i.HAL_CAN_Init)
    HAL_CAN_MspInit                          0x080027a1   Thumb Code   106  can.o(i.HAL_CAN_MspInit)
    HAL_CAN_RxFifo0FullCallback              0x08002819   Thumb Code     2  stm32f3xx_hal_can.o(i.HAL_CAN_RxFifo0FullCallback)
    HAL_CAN_RxFifo0MsgPendingCallback        0x0800281d   Thumb Code    92  supercap.o(i.HAL_CAN_RxFifo0MsgPendingCallback)
    HAL_CAN_RxFifo1FullCallback              0x08002891   Thumb Code     2  stm32f3xx_hal_can.o(i.HAL_CAN_RxFifo1FullCallback)
    HAL_CAN_RxFifo1MsgPendingCallback        0x08002893   Thumb Code     2  stm32f3xx_hal_can.o(i.HAL_CAN_RxFifo1MsgPendingCallback)
    HAL_CAN_SleepCallback                    0x08002895   Thumb Code     2  stm32f3xx_hal_can.o(i.HAL_CAN_SleepCallback)
    HAL_CAN_Start                            0x08002899   Thumb Code    88  stm32f3xx_hal_can.o(i.HAL_CAN_Start)
    HAL_CAN_TxMailbox0AbortCallback          0x080028f1   Thumb Code     2  stm32f3xx_hal_can.o(i.HAL_CAN_TxMailbox0AbortCallback)
    HAL_CAN_TxMailbox0CompleteCallback       0x080028f3   Thumb Code     2  stm32f3xx_hal_can.o(i.HAL_CAN_TxMailbox0CompleteCallback)
    HAL_CAN_TxMailbox1AbortCallback          0x080028f5   Thumb Code     2  stm32f3xx_hal_can.o(i.HAL_CAN_TxMailbox1AbortCallback)
    HAL_CAN_TxMailbox1CompleteCallback       0x080028f7   Thumb Code     2  stm32f3xx_hal_can.o(i.HAL_CAN_TxMailbox1CompleteCallback)
    HAL_CAN_TxMailbox2AbortCallback          0x080028f9   Thumb Code     2  stm32f3xx_hal_can.o(i.HAL_CAN_TxMailbox2AbortCallback)
    HAL_CAN_TxMailbox2CompleteCallback       0x080028fb   Thumb Code     2  stm32f3xx_hal_can.o(i.HAL_CAN_TxMailbox2CompleteCallback)
    HAL_CAN_WakeUpFromRxMsgCallback          0x080028fd   Thumb Code     2  stm32f3xx_hal_can.o(i.HAL_CAN_WakeUpFromRxMsgCallback)
    HAL_DMA_IRQHandler                       0x080028ff   Thumb Code   168  stm32f3xx_hal_dma.o(i.HAL_DMA_IRQHandler)
    HAL_DMA_Init                             0x080029a7   Thumb Code    78  stm32f3xx_hal_dma.o(i.HAL_DMA_Init)
    HAL_DMA_Start_IT                         0x080029f5   Thumb Code   112  stm32f3xx_hal_dma.o(i.HAL_DMA_Start_IT)
    HAL_Delay                                0x08002a65   Thumb Code    32  stm32f3xx_hal.o(i.HAL_Delay)
    HAL_GPIO_Init                            0x08002a89   Thumb Code   518  stm32f3xx_hal_gpio.o(i.HAL_GPIO_Init)
    HAL_GetTick                              0x08002ca9   Thumb Code     6  stm32f3xx_hal.o(i.HAL_GetTick)
    HAL_HRTIM_DLLCalibrationStart            0x08002cb5   Thumb Code    98  stm32f3xx_hal_hrtim.o(i.HAL_HRTIM_DLLCalibrationStart)
    HAL_HRTIM_DeadTimeConfig                 0x08002d19   Thumb Code   136  stm32f3xx_hal_hrtim.o(i.HAL_HRTIM_DeadTimeConfig)
    HAL_HRTIM_Init                           0x08002da5   Thumb Code   180  stm32f3xx_hal_hrtim.o(i.HAL_HRTIM_Init)
    HAL_HRTIM_MspInit                        0x08002e61   Thumb Code    30  hrtim.o(i.HAL_HRTIM_MspInit)
    HAL_HRTIM_MspPostInit                    0x08002e89   Thumb Code    76  hrtim.o(i.HAL_HRTIM_MspPostInit)
    HAL_HRTIM_PollForDLLCalibration          0x08002edd   Thumb Code    66  stm32f3xx_hal_hrtim.o(i.HAL_HRTIM_PollForDLLCalibration)
    HAL_HRTIM_TimeBaseConfig                 0x08002f1f   Thumb Code   122  stm32f3xx_hal_hrtim.o(i.HAL_HRTIM_TimeBaseConfig)
    HAL_HRTIM_WaveformCompareConfig          0x08002f99   Thumb Code   308  stm32f3xx_hal_hrtim.o(i.HAL_HRTIM_WaveformCompareConfig)
    HAL_HRTIM_WaveformCountStart             0x080030cd   Thumb Code    44  stm32f3xx_hal_hrtim.o(i.HAL_HRTIM_WaveformCountStart)
    HAL_HRTIM_WaveformOutputConfig           0x080030f9   Thumb Code    54  stm32f3xx_hal_hrtim.o(i.HAL_HRTIM_WaveformOutputConfig)
    HAL_HRTIM_WaveformOutputStart            0x0800312f   Thumb Code    48  stm32f3xx_hal_hrtim.o(i.HAL_HRTIM_WaveformOutputStart)
    HAL_HRTIM_WaveformTimerConfig            0x0800315f   Thumb Code   186  stm32f3xx_hal_hrtim.o(i.HAL_HRTIM_WaveformTimerConfig)
    HAL_IncTick                              0x08003219   Thumb Code    12  stm32f3xx_hal.o(i.HAL_IncTick)
    HAL_Init                                 0x08003229   Thumb Code    32  stm32f3xx_hal.o(i.HAL_Init)
    HAL_InitTick                             0x0800324d   Thumb Code    54  stm32f3xx_hal.o(i.HAL_InitTick)
    HAL_MspInit                              0x0800328d   Thumb Code    38  stm32f3xx_hal_msp.o(i.HAL_MspInit)
    HAL_NVIC_EnableIRQ                       0x080032b9   Thumb Code    26  stm32f3xx_hal_cortex.o(i.HAL_NVIC_EnableIRQ)
    HAL_NVIC_SetPriority                     0x080032d5   Thumb Code    60  stm32f3xx_hal_cortex.o(i.HAL_NVIC_SetPriority)
    HAL_NVIC_SetPriorityGrouping             0x08003315   Thumb Code    26  stm32f3xx_hal_cortex.o(i.HAL_NVIC_SetPriorityGrouping)
    HAL_RCCEx_PeriphCLKConfig                0x08003339   Thumb Code   378  stm32f3xx_hal_rcc_ex.o(i.HAL_RCCEx_PeriphCLKConfig)
    HAL_RCC_CSSCallback                      0x080034c1   Thumb Code     2  stm32f3xx_hal_rcc.o(i.HAL_RCC_CSSCallback)
    HAL_RCC_ClockConfig                      0x080034c5   Thumb Code   308  stm32f3xx_hal_rcc.o(i.HAL_RCC_ClockConfig)
    HAL_RCC_EnableCSS                        0x0800360d   Thumb Code    20  stm32f3xx_hal_rcc.o(i.HAL_RCC_EnableCSS)
    HAL_RCC_GetPCLK1Freq                     0x08003625   Thumb Code    34  stm32f3xx_hal_rcc.o(i.HAL_RCC_GetPCLK1Freq)
    HAL_RCC_GetPCLK2Freq                     0x08003655   Thumb Code    34  stm32f3xx_hal_rcc.o(i.HAL_RCC_GetPCLK2Freq)
    HAL_RCC_GetSysClockFreq                  0x08003685   Thumb Code    96  stm32f3xx_hal_rcc.o(i.HAL_RCC_GetSysClockFreq)
    HAL_RCC_NMI_IRQHandler                   0x080036f9   Thumb Code    20  stm32f3xx_hal_rcc.o(i.HAL_RCC_NMI_IRQHandler)
    HAL_RCC_OscConfig                        0x08003711   Thumb Code  1480  stm32f3xx_hal_rcc.o(i.HAL_RCC_OscConfig)
    HAL_SYSTICK_Config                       0x08003cd9   Thumb Code    40  stm32f3xx_hal_cortex.o(i.HAL_SYSTICK_Config)
    HAL_TIMEx_Break2Callback                 0x08003d01   Thumb Code     2  stm32f3xx_hal_tim_ex.o(i.HAL_TIMEx_Break2Callback)
    HAL_TIMEx_BreakCallback                  0x08003d03   Thumb Code     2  stm32f3xx_hal_tim_ex.o(i.HAL_TIMEx_BreakCallback)
    HAL_TIMEx_CommutCallback                 0x08003d05   Thumb Code     2  stm32f3xx_hal_tim_ex.o(i.HAL_TIMEx_CommutCallback)
    HAL_TIMEx_ConfigBreakDeadTime            0x08003d09   Thumb Code   126  stm32f3xx_hal_tim_ex.o(i.HAL_TIMEx_ConfigBreakDeadTime)
    HAL_TIMEx_MasterConfigSynchronization    0x08003d8d   Thumb Code   104  stm32f3xx_hal_tim_ex.o(i.HAL_TIMEx_MasterConfigSynchronization)
    HAL_TIMEx_PWMN_Start                     0x08003e01   Thumb Code   146  stm32f3xx_hal_tim_ex.o(i.HAL_TIMEx_PWMN_Start)
    HAL_TIM_Base_Init                        0x08003ea5   Thumb Code    98  stm32f3xx_hal_tim.o(i.HAL_TIM_Base_Init)
    HAL_TIM_Base_MspInit                     0x08003f09   Thumb Code    72  tim.o(i.HAL_TIM_Base_MspInit)
    HAL_TIM_Base_Start_IT                    0x08003f5d   Thumb Code    82  stm32f3xx_hal_tim.o(i.HAL_TIM_Base_Start_IT)
    HAL_TIM_ConfigClockSource                0x08003fc1   Thumb Code   220  stm32f3xx_hal_tim.o(i.HAL_TIM_ConfigClockSource)
    HAL_TIM_IC_CaptureCallback               0x080040a1   Thumb Code     2  stm32f3xx_hal_tim.o(i.HAL_TIM_IC_CaptureCallback)
    HAL_TIM_IRQHandler                       0x080040a3   Thumb Code   388  stm32f3xx_hal_tim.o(i.HAL_TIM_IRQHandler)
    HAL_TIM_MspPostInit                      0x08004229   Thumb Code   150  tim.o(i.HAL_TIM_MspPostInit)
    HAL_TIM_OC_DelayElapsedCallback          0x080042d1   Thumb Code     2  stm32f3xx_hal_tim.o(i.HAL_TIM_OC_DelayElapsedCallback)
    HAL_TIM_PWM_ConfigChannel                0x080042d3   Thumb Code   292  stm32f3xx_hal_tim.o(i.HAL_TIM_PWM_ConfigChannel)
    HAL_TIM_PWM_Init                         0x080043f7   Thumb Code    98  stm32f3xx_hal_tim.o(i.HAL_TIM_PWM_Init)
    HAL_TIM_PWM_MspInit                      0x08004459   Thumb Code    52  tim.o(i.HAL_TIM_PWM_MspInit)
    HAL_TIM_PWM_PulseFinishedCallback        0x08004495   Thumb Code     2  stm32f3xx_hal_tim.o(i.HAL_TIM_PWM_PulseFinishedCallback)
    HAL_TIM_PWM_Start                        0x08004499   Thumb Code   202  stm32f3xx_hal_tim.o(i.HAL_TIM_PWM_Start)
    HAL_TIM_PeriodElapsedCallback            0x0800457d   Thumb Code    12  power_loop.o(i.HAL_TIM_PeriodElapsedCallback)
    HAL_TIM_TriggerCallback                  0x0800458d   Thumb Code     2  stm32f3xx_hal_tim.o(i.HAL_TIM_TriggerCallback)
    HAL_UART_Init                            0x0800458f   Thumb Code   102  stm32f3xx_hal_uart.o(i.HAL_UART_Init)
    HAL_UART_MspInit                         0x080045f5   Thumb Code   188  usart.o(i.HAL_UART_MspInit)
    HAL_UART_Transmit                        0x080046c1   Thumb Code   182  stm32f3xx_hal_uart.o(i.HAL_UART_Transmit)
    HardFault_Handler                        0x080049e1   Thumb Code     2  stm32f3xx_it.o(i.HardFault_Handler)
    MX_ADC1_Init                             0x080049e5   Thumb Code   162  adc.o(i.MX_ADC1_Init)
    MX_ADC2_Init                             0x08004a8d   Thumb Code   122  adc.o(i.MX_ADC2_Init)
    MX_CAN_Init                              0x08004b11   Thumb Code    60  can.o(i.MX_CAN_Init)
    MX_DMA_Init                              0x08004b55   Thumb Code    56  dma.o(i.MX_DMA_Init)
    MX_GPIO_Init                             0x08004b91   Thumb Code    70  gpio.o(i.MX_GPIO_Init)
    MX_HRTIM1_Init                           0x08004bdd   Thumb Code   514  hrtim.o(i.MX_HRTIM1_Init)
    MX_TIM1_Init                             0x08004de9   Thumb Code   206  tim.o(i.MX_TIM1_Init)
    MX_TIM2_Init                             0x08004ec1   Thumb Code   108  tim.o(i.MX_TIM2_Init)
    MX_TIM3_Init                             0x08004f31   Thumb Code   122  tim.o(i.MX_TIM3_Init)
    MX_TIM6_Init                             0x08004fb5   Thumb Code    60  tim.o(i.MX_TIM6_Init)
    MX_USART2_UART_Init                      0x08004ff9   Thumb Code    52  usart.o(i.MX_USART2_UART_Init)
    MX_USART3_UART_Init                      0x08005035   Thumb Code    52  usart.o(i.MX_USART3_UART_Init)
    MemManage_Handler                        0x08005071   Thumb Code     2  stm32f3xx_it.o(i.MemManage_Handler)
    NMI_Handler                              0x08005073   Thumb Code     6  stm32f3xx_it.o(i.NMI_Handler)
    PID_calc                                 0x08005079   Thumb Code   292  pid.o(i.PID_calc)
    PID_init                                 0x080051a1   Thumb Code    74  pid.o(i.PID_init)
    PendSV_Handler                           0x080051f1   Thumb Code     2  stm32f3xx_it.o(i.PendSV_Handler)
    SVC_Handler                              0x080052c9   Thumb Code     2  stm32f3xx_it.o(i.SVC_Handler)
    SysTick_Handler                          0x0800549d   Thumb Code     4  stm32f3xx_it.o(i.SysTick_Handler)
    SystemClock_Config                       0x080054a1   Thumb Code   136  main.o(i.SystemClock_Config)
    SystemInit                               0x08005529   Thumb Code    12  system_stm32f3xx.o(i.SystemInit)
    TIM6_DAC1_IRQHandler                     0x08005539   Thumb Code     6  stm32f3xx_it.o(i.TIM6_DAC1_IRQHandler)
    TIM_Base_SetConfig                       0x08005545   Thumb Code   114  stm32f3xx_hal_tim.o(i.TIM_Base_SetConfig)
    TIM_CCxChannelCmd                        0x080055cd   Thumb Code    26  stm32f3xx_hal_tim.o(i.TIM_CCxChannelCmd)
    TIM_ETR_SetConfig                        0x08005601   Thumb Code    20  stm32f3xx_hal_tim.o(i.TIM_ETR_SetConfig)
    TIM_OC2_SetConfig                        0x080056ad   Thumb Code   108  stm32f3xx_hal_tim.o(i.TIM_OC2_SetConfig)
    UART_AdvFeatureConfig                    0x0800592b   Thumb Code   200  stm32f3xx_hal_uart.o(i.UART_AdvFeatureConfig)
    UART_CheckIdleState                      0x080059f3   Thumb Code    92  stm32f3xx_hal_uart.o(i.UART_CheckIdleState)
    UART_SetConfig                           0x08005a51   Thumb Code   298  stm32f3xx_hal_uart.o(i.UART_SetConfig)
    UART_WaitOnFlagUntilTimeout              0x08005b95   Thumb Code   198  stm32f3xx_hal_uart.o(i.UART_WaitOnFlagUntilTimeout)
    Update_Buzzer_PWM                        0x08005c5d   Thumb Code     8  bsp_tim.o(i.Update_Buzzer_PWM)
    Update_LED_PWM                           0x08005c69   Thumb Code    18  bsp_tim.o(i.Update_LED_PWM)
    UsageFault_Handler                       0x08005c85   Thumb Code     2  stm32f3xx_it.o(i.UsageFault_Handler)
    Window_Filter_Calc                       0x08005c87   Thumb Code    64  filter.o(i.Window_Filter_Calc)
    Window_Filter_Init                       0x08005cc7   Thumb Code    30  filter.o(i.Window_Filter_Init)
    __ARM_fpclassify                         0x08005ce5   Thumb Code    48  fpclassify.o(i.__ARM_fpclassify)
    __hardfp_fmaxf                           0x08005d35   Thumb Code    72  fmaxf.o(i.__hardfp_fmaxf)
    __hardfp_fminf                           0x08005d7d   Thumb Code    72  fminf.o(i.__hardfp_fminf)
    _is_digit                                0x08005dc5   Thumb Code    14  __printf_wp.o(i._is_digit)
    main                                     0x0800601d   Thumb Code   328  supercap.o(i.main)
    _get_lc_numeric                          0x08006189   Thumb Code    44  lc_numeric_c.o(locale$$code)
    __fpl_dretinf                            0x080061b5   Thumb Code    12  dretinf.o(x$fpl$dretinf)
    __aeabi_f2d                              0x080061c1   Thumb Code     0  f2d.o(x$fpl$f2d)
    _f2d                                     0x080061c1   Thumb Code    86  f2d.o(x$fpl$f2d)
    __fcmp4                                  0x08006219   Thumb Code    24  fcmp4.o(x$fpl$fcmp4)
    __ARM_fcmp4                              0x08006231   Thumb Code     0  fcmp4.o(x$fpl$fcmp4)
    _fcmp4                                   0x08006231   Thumb Code    58  fcmp4.o(x$fpl$fcmp4)
    __fpl_fcmp_Inf                           0x0800626b   Thumb Code    24  fcmpi.o(x$fpl$fcmpinf)
    __fpl_fnaninf                            0x08006283   Thumb Code   140  fnaninf.o(x$fpl$fnaninf)
    _fp_init                                 0x0800630f   Thumb Code    10  fpinit.o(x$fpl$fpinit)
    __fplib_config_fpu_vfp                   0x08006317   Thumb Code     0  fpinit.o(x$fpl$fpinit)
    __fplib_config_pureend_doubles           0x08006317   Thumb Code     0  fpinit.o(x$fpl$fpinit)
    _printf_fp_dec                           0x08006319   Thumb Code     4  printf1.o(x$fpl$printf1)
    __I$use$fp                               0x0800631c   Number         0  usenofp.o(x$fpl$usenofp)
    samp_parameters                          0x0800631c   Data         200  supercap.o(.constdata)
    calibration_parameters                   0x080063e4   Data         200  supercap.o(.constdata)
    aPLLMULFactorTable                       0x080064ac   Data          16  stm32f3xx_hal_rcc.o(.constdata)
    aPredivFactorTable                       0x080064bc   Data          16  stm32f3xx_hal_rcc.o(.constdata)
    AHBPrescTable                            0x080064cc   Data          16  system_stm32f3xx.o(.constdata)
    APBPrescTable                            0x080064dc   Data           8  system_stm32f3xx.o(.constdata)
    Region$$Table$$Base                      0x080065e0   Number         0  anon$$obj.o(Region$$Table)
    Region$$Table$$Limit                     0x08006600   Number         0  anon$$obj.o(Region$$Table)
    status                                   0x20000004   Data           3  power_loop.o(.data)
    debug_loop_count                         0x20000008   Data           4  power_loop.o(.data)
    s_code                                   0x20000010   Data           4  supercap.o(.data)
    debug_count                              0x20000014   Data           4  supercap.o(.data)
    last_can_tick                            0x20000018   Data           4  supercap.o(.data)
    uwTickFreq                               0x2000001c   Data           1  stm32f3xx_hal.o(.data)
    uwTickPrio                               0x20000020   Data           4  stm32f3xx_hal.o(.data)
    uwTick                                   0x20000024   Data           4  stm32f3xx_hal.o(.data)
    SystemCoreClock                          0x20000028   Data           4  system_stm32f3xx.o(.data)
    hadc1                                    0x2000002c   Data          80  adc.o(.bss)
    hadc2                                    0x2000007c   Data          80  adc.o(.bss)
    hdma_adc1                                0x200000cc   Data          68  adc.o(.bss)
    hdma_adc2                                0x20000110   Data          68  adc.o(.bss)
    hcan                                     0x20000154   Data          40  can.o(.bss)
    hhrtim1                                  0x2000017c   Data         220  hrtim.o(.bss)
    htim1                                    0x20000258   Data          76  tim.o(.bss)
    htim2                                    0x200002a4   Data          76  tim.o(.bss)
    htim3                                    0x200002f0   Data          76  tim.o(.bss)
    htim6                                    0x2000033c   Data          76  tim.o(.bss)
    huart2                                   0x20000388   Data         132  usart.o(.bss)
    huart3                                   0x2000040c   Data         132  usart.o(.bss)
    samp                                     0x20000490   Data        1308  power_loop.o(.bss)
    control                                  0x200009ac   Data         288  power_loop.o(.bss)
    debug1                                   0x20000acc   Data          16  power_loop.o(.bss)
    uart2_send_str                           0x20000adc   Data         100  supercap.o(.bss)
    __libspace_start                         0x20000b40   Data          96  libspace.o(.bss)
    __temporary_stack_top$libspace           0x20000ba0   Data           0  libspace.o(.bss)



==============================================================================

Memory Map of the image

  Image Entry point : 0x08000189

  Load Region LR_IROM1 (Base: 0x08000000, Size: 0x00006648, Max: 0x00010000, ABSOLUTE)

    Execution Region ER_IROM1 (Exec base: 0x08000000, Load base: 0x08000000, Size: 0x0000661c, Max: 0x00010000, ABSOLUTE)

    Exec Addr    Load Addr    Size         Type   Attr      Idx    E Section Name        Object

    0x08000000   0x08000000   0x00000188   Data   RO            3    RESET               startup_stm32f334x8.o
    0x08000188   0x08000188   0x00000008   Code   RO         5495  * !!!main             c_w.l(__main.o)
    0x08000190   0x08000190   0x00000034   Code   RO         5737    !!!scatter          c_w.l(__scatter.o)
    0x080001c4   0x080001c4   0x0000001a   Code   RO         5739    !!handler_copy      c_w.l(__scatter_copy.o)
    0x080001de   0x080001de   0x00000002   PAD
    0x080001e0   0x080001e0   0x0000001c   Code   RO         5741    !!handler_zi        c_w.l(__scatter_zi.o)
    0x080001fc   0x080001fc   0x00000000   Code   RO         5486    .ARM.Collect$$_printf_percent$$00000000  c_w.l(_printf_percent.o)
    0x080001fc   0x080001fc   0x00000006   Code   RO         5485    .ARM.Collect$$_printf_percent$$00000003  c_w.l(_printf_f.o)
    0x08000202   0x08000202   0x00000004   Code   RO         5520    .ARM.Collect$$_printf_percent$$00000017  c_w.l(_printf_percent_end.o)
    0x08000206   0x08000206   0x00000002   Code   RO         5610    .ARM.Collect$$libinit$$00000000  c_w.l(libinit.o)
    0x08000208   0x08000208   0x00000004   Code   RO         5611    .ARM.Collect$$libinit$$00000001  c_w.l(libinit2.o)
    0x0800020c   0x0800020c   0x00000000   Code   RO         5614    .ARM.Collect$$libinit$$00000004  c_w.l(libinit2.o)
    0x0800020c   0x0800020c   0x00000000   Code   RO         5617    .ARM.Collect$$libinit$$0000000A  c_w.l(libinit2.o)
    0x0800020c   0x0800020c   0x00000000   Code   RO         5619    .ARM.Collect$$libinit$$0000000C  c_w.l(libinit2.o)
    0x0800020c   0x0800020c   0x00000000   Code   RO         5621    .ARM.Collect$$libinit$$0000000E  c_w.l(libinit2.o)
    0x0800020c   0x0800020c   0x00000006   Code   RO         5622    .ARM.Collect$$libinit$$0000000F  c_w.l(libinit2.o)
    0x08000212   0x08000212   0x00000000   Code   RO         5624    .ARM.Collect$$libinit$$00000011  c_w.l(libinit2.o)
    0x08000212   0x08000212   0x00000000   Code   RO         5626    .ARM.Collect$$libinit$$00000013  c_w.l(libinit2.o)
    0x08000212   0x08000212   0x00000000   Code   RO         5628    .ARM.Collect$$libinit$$00000015  c_w.l(libinit2.o)
    0x08000212   0x08000212   0x0000000a   Code   RO         5629    .ARM.Collect$$libinit$$00000016  c_w.l(libinit2.o)
    0x0800021c   0x0800021c   0x00000000   Code   RO         5630    .ARM.Collect$$libinit$$00000017  c_w.l(libinit2.o)
    0x0800021c   0x0800021c   0x00000000   Code   RO         5632    .ARM.Collect$$libinit$$00000019  c_w.l(libinit2.o)
    0x0800021c   0x0800021c   0x00000000   Code   RO         5634    .ARM.Collect$$libinit$$0000001B  c_w.l(libinit2.o)
    0x0800021c   0x0800021c   0x00000000   Code   RO         5636    .ARM.Collect$$libinit$$0000001D  c_w.l(libinit2.o)
    0x0800021c   0x0800021c   0x00000000   Code   RO         5638    .ARM.Collect$$libinit$$0000001F  c_w.l(libinit2.o)
    0x0800021c   0x0800021c   0x00000000   Code   RO         5640    .ARM.Collect$$libinit$$00000021  c_w.l(libinit2.o)
    0x0800021c   0x0800021c   0x00000000   Code   RO         5642    .ARM.Collect$$libinit$$00000023  c_w.l(libinit2.o)
    0x0800021c   0x0800021c   0x00000000   Code   RO         5644    .ARM.Collect$$libinit$$00000025  c_w.l(libinit2.o)
    0x0800021c   0x0800021c   0x00000000   Code   RO         5648    .ARM.Collect$$libinit$$0000002C  c_w.l(libinit2.o)
    0x0800021c   0x0800021c   0x00000000   Code   RO         5650    .ARM.Collect$$libinit$$0000002E  c_w.l(libinit2.o)
    0x0800021c   0x0800021c   0x00000000   Code   RO         5652    .ARM.Collect$$libinit$$00000030  c_w.l(libinit2.o)
    0x0800021c   0x0800021c   0x00000000   Code   RO         5654    .ARM.Collect$$libinit$$00000032  c_w.l(libinit2.o)
    0x0800021c   0x0800021c   0x00000002   Code   RO         5655    .ARM.Collect$$libinit$$00000033  c_w.l(libinit2.o)
    0x0800021e   0x0800021e   0x00000002   Code   RO         5702    .ARM.Collect$$libshutdown$$00000000  c_w.l(libshutdown.o)
    0x08000220   0x08000220   0x00000000   Code   RO         5720    .ARM.Collect$$libshutdown$$00000002  c_w.l(libshutdown2.o)
    0x08000220   0x08000220   0x00000000   Code   RO         5722    .ARM.Collect$$libshutdown$$00000004  c_w.l(libshutdown2.o)
    0x08000220   0x08000220   0x00000000   Code   RO         5725    .ARM.Collect$$libshutdown$$00000007  c_w.l(libshutdown2.o)
    0x08000220   0x08000220   0x00000000   Code   RO         5728    .ARM.Collect$$libshutdown$$0000000A  c_w.l(libshutdown2.o)
    0x08000220   0x08000220   0x00000000   Code   RO         5730    .ARM.Collect$$libshutdown$$0000000C  c_w.l(libshutdown2.o)
    0x08000220   0x08000220   0x00000000   Code   RO         5733    .ARM.Collect$$libshutdown$$0000000F  c_w.l(libshutdown2.o)
    0x08000220   0x08000220   0x00000002   Code   RO         5734    .ARM.Collect$$libshutdown$$00000010  c_w.l(libshutdown2.o)
    0x08000222   0x08000222   0x00000000   Code   RO         5509    .ARM.Collect$$rtentry$$00000000  c_w.l(__rtentry.o)
    0x08000222   0x08000222   0x00000000   Code   RO         5531    .ARM.Collect$$rtentry$$00000002  c_w.l(__rtentry2.o)
    0x08000222   0x08000222   0x00000006   Code   RO         5543    .ARM.Collect$$rtentry$$00000004  c_w.l(__rtentry4.o)
    0x08000228   0x08000228   0x00000000   Code   RO         5533    .ARM.Collect$$rtentry$$00000009  c_w.l(__rtentry2.o)
    0x08000228   0x08000228   0x00000004   Code   RO         5534    .ARM.Collect$$rtentry$$0000000A  c_w.l(__rtentry2.o)
    0x0800022c   0x0800022c   0x00000000   Code   RO         5536    .ARM.Collect$$rtentry$$0000000C  c_w.l(__rtentry2.o)
    0x0800022c   0x0800022c   0x00000008   Code   RO         5537    .ARM.Collect$$rtentry$$0000000D  c_w.l(__rtentry2.o)
    0x08000234   0x08000234   0x00000002   Code   RO         5656    .ARM.Collect$$rtexit$$00000000  c_w.l(rtexit.o)
    0x08000236   0x08000236   0x00000000   Code   RO         5671    .ARM.Collect$$rtexit$$00000002  c_w.l(rtexit2.o)
    0x08000236   0x08000236   0x00000004   Code   RO         5672    .ARM.Collect$$rtexit$$00000003  c_w.l(rtexit2.o)
    0x0800023a   0x0800023a   0x00000006   Code   RO         5673    .ARM.Collect$$rtexit$$00000004  c_w.l(rtexit2.o)
    0x08000240   0x08000240   0x00000040   Code   RO            4    .text               startup_stm32f334x8.o
    0x08000280   0x08000280   0x000000ee   Code   RO         5453    .text               c_w.l(lludivv7m.o)
    0x0800036e   0x0800036e   0x00000002   PAD
    0x08000370   0x08000370   0x00000028   Code   RO         5459    .text               c_w.l(noretval__2sprintf.o)
    0x08000398   0x08000398   0x0000004e   Code   RO         5463    .text               c_w.l(_printf_pad.o)
    0x080003e6   0x080003e6   0x0000010e   Code   RO         5473    .text               c_w.l(__printf_wp.o)
    0x080004f4   0x080004f4   0x0000003e   Code   RO         5487    .text               c_w.l(strlen.o)
    0x08000532   0x08000532   0x0000004e   Code   RO         5491    .text               c_w.l(rt_memclr_w.o)
    0x08000580   0x08000580   0x00000006   Code   RO         5493    .text               c_w.l(heapauxi.o)
    0x08000586   0x08000586   0x0000041a   Code   RO         5514    .text               c_w.l(_printf_fp_dec.o)
    0x080009a0   0x080009a0   0x00000030   Code   RO         5516    .text               c_w.l(_printf_char_common.o)
    0x080009d0   0x080009d0   0x0000000a   Code   RO         5518    .text               c_w.l(_sputc.o)
    0x080009da   0x080009da   0x00000002   PAD
    0x080009dc   0x080009dc   0x00000008   Code   RO         5550    .text               c_w.l(rt_locale_intlibspace.o)
    0x080009e4   0x080009e4   0x0000008a   Code   RO         5552    .text               c_w.l(lludiv10.o)
    0x08000a6e   0x08000a6e   0x00000002   PAD
    0x08000a70   0x08000a70   0x00000080   Code   RO         5554    .text               c_w.l(_printf_fp_infnan.o)
    0x08000af0   0x08000af0   0x000000dc   Code   RO         5558    .text               c_w.l(bigflt0.o)
    0x08000bcc   0x08000bcc   0x00000008   Code   RO         5592    .text               c_w.l(libspace.o)
    0x08000bd4   0x08000bd4   0x0000004a   Code   RO         5595    .text               c_w.l(sys_stackheap_outer.o)
    0x08000c1e   0x08000c1e   0x00000012   Code   RO         5597    .text               c_w.l(exit.o)
    0x08000c30   0x08000c30   0x00000080   Code   RO         5603    .text               c_w.l(strcmpv7m.o)
    0x08000cb0   0x08000cb0   0x0000000c   Code   RO         5668    .text               c_w.l(sys_exit.o)
    0x08000cbc   0x08000cbc   0x00000002   Code   RO         5689    .text               c_w.l(use_no_semi.o)
    0x08000cbe   0x08000cbe   0x00000000   Code   RO         5691    .text               c_w.l(indicate_semi.o)
    0x08000cbe   0x08000cbe   0x0000003e   Code   RO         5561    CL$$btod_d2e        c_w.l(btod.o)
    0x08000cfc   0x08000cfc   0x00000046   Code   RO         5563    CL$$btod_d2e_denorm_low  c_w.l(btod.o)
    0x08000d42   0x08000d42   0x00000060   Code   RO         5562    CL$$btod_d2e_norm_op1  c_w.l(btod.o)
    0x08000da2   0x08000da2   0x00000338   Code   RO         5571    CL$$btod_div_common  c_w.l(btod.o)
    0x080010da   0x080010da   0x000000c6   Code   RO         5568    CL$$btod_e2e        c_w.l(btod.o)
    0x080011a0   0x080011a0   0x00000028   Code   RO         5565    CL$$btod_ediv       c_w.l(btod.o)
    0x080011c8   0x080011c8   0x00000028   Code   RO         5564    CL$$btod_emul       c_w.l(btod.o)
    0x080011f0   0x080011f0   0x00000244   Code   RO         5570    CL$$btod_mult_common  c_w.l(btod.o)
    0x08001434   0x08001434   0x00000044   Code   RO         1201    i.ADC_DMAConvCplt   stm32f3xx_hal_adc_ex.o
    0x08001478   0x08001478   0x00000016   Code   RO         1202    i.ADC_DMAError      stm32f3xx_hal_adc_ex.o
    0x0800148e   0x0800148e   0x00000006   Code   RO         1203    i.ADC_DMAHalfConvCplt  stm32f3xx_hal_adc_ex.o
    0x08001494   0x08001494   0x0000006a   Code   RO         1204    i.ADC_Disable       stm32f3xx_hal_adc_ex.o
    0x080014fe   0x080014fe   0x00000002   PAD
    0x08001500   0x08001500   0x0000006c   Code   RO         1205    i.ADC_Enable        stm32f3xx_hal_adc_ex.o
    0x0800156c   0x0800156c   0x0000002e   Code   RO          615    i.ADC_Linear_calibration_init  adc_to_elec.o
    0x0800159a   0x0800159a   0x00000032   Code   RO          616    i.ADC_Value_To_Elec  adc_to_elec.o
    0x080015cc   0x080015cc   0x0000002c   Code   RO          840    i.BSP_ADC_Init      bsp_adc.o
    0x080015f8   0x080015f8   0x00000004   Code   RO          841    i.BSP_ADC_Start_DMA  bsp_adc.o
    0x080015fc   0x080015fc   0x0000003c   Code   RO          873    i.BSP_CAN_Init      bsp_can.o
    0x08001638   0x08001638   0x00000004   Code   RO          900    i.BSP_GPIO_Init     bsp_gpio.o
    0x0800163c   0x0800163c   0x0000000c   Code   RO          928    i.BSP_HRTIM_Enable_PWM  bsp_hrtim.o
    0x08001648   0x08001648   0x00000018   Code   RO          929    i.BSP_HRTIM_Init    bsp_hrtim.o
    0x08001660   0x08001660   0x0000001c   Code   RO          930    i.BSP_HRTIM_Update_PWM  bsp_hrtim.o
    0x0800167c   0x0800167c   0x00000044   Code   RO          972    i.BSP_TIM_Init      bsp_tim.o
    0x080016c0   0x080016c0   0x0000000c   Code   RO          973    i.BSP_TIM_Start_Loop_Timer  bsp_tim.o
    0x080016cc   0x080016cc   0x0000000e   Code   RO         1023    i.BSP_UART_INIT     bsp_uart.o
    0x080016da   0x080016da   0x00000002   Code   RO          494    i.BusFault_Handler  stm32f3xx_it.o
    0x080016dc   0x080016dc   0x0000000c   Code   RO          495    i.CAN_RX0_IRQHandler  stm32f3xx_it.o
    0x080016e8   0x080016e8   0x000000fc   Code   RO          750    i.CAN_Send          supercap.o
    0x080017e4   0x080017e4   0x000000b0   Code   RO          751    i.Calc_CAP_Remain_And_Current  supercap.o
    0x08001894   0x08001894   0x0000000c   Code   RO          496    i.DMA1_Channel1_IRQHandler  stm32f3xx_it.o
    0x080018a0   0x080018a0   0x0000000c   Code   RO          497    i.DMA1_Channel2_IRQHandler  stm32f3xx_it.o
    0x080018ac   0x080018ac   0x00000020   Code   RO         1851    i.DMA_CalcBaseAndBitshift  stm32f3xx_hal_dma.o
    0x080018cc   0x080018cc   0x0000002a   Code   RO         1852    i.DMA_SetConfig     stm32f3xx_hal_dma.o
    0x080018f6   0x080018f6   0x00000002   Code   RO          498    i.DebugMon_Handler  stm32f3xx_it.o
    0x080018f8   0x080018f8   0x00000004   Code   RO           13    i.Error_Handler     main.o
    0x080018fc   0x080018fc   0x0000009e   Code   RO         1208    i.HAL_ADCEx_Calibration_Start  stm32f3xx_hal_adc_ex.o
    0x0800199a   0x0800199a   0x00000002   PAD
    0x0800199c   0x0800199c   0x000000e0   Code   RO         1220    i.HAL_ADCEx_MultiModeConfigChannel  stm32f3xx_hal_adc_ex.o
    0x08001a7c   0x08001a7c   0x00000350   Code   RO         1229    i.HAL_ADC_ConfigChannel  stm32f3xx_hal_adc_ex.o
    0x08001dcc   0x08001dcc   0x00000002   Code   RO         1052    i.HAL_ADC_ConvCpltCallback  stm32f3xx_hal_adc.o
    0x08001dce   0x08001dce   0x00000002   Code   RO         1053    i.HAL_ADC_ConvHalfCpltCallback  stm32f3xx_hal_adc.o
    0x08001dd0   0x08001dd0   0x00000002   Code   RO         1055    i.HAL_ADC_ErrorCallback  stm32f3xx_hal_adc.o
    0x08001dd2   0x08001dd2   0x00000002   PAD
    0x08001dd4   0x08001dd4   0x000001e8   Code   RO         1233    i.HAL_ADC_Init      stm32f3xx_hal_adc_ex.o
    0x08001fbc   0x08001fbc   0x00000100   Code   RO          206    i.HAL_ADC_MspInit   adc.o
    0x080020bc   0x080020bc   0x00000108   Code   RO         1237    i.HAL_ADC_Start_DMA  stm32f3xx_hal_adc_ex.o
    0x080021c4   0x080021c4   0x00000024   Code   RO         2983    i.HAL_CAN_ActivateNotification  stm32f3xx_hal_can.o
    0x080021e8   0x080021e8   0x000000c8   Code   RO         2984    i.HAL_CAN_AddTxMessage  stm32f3xx_hal_can.o
    0x080022b0   0x080022b0   0x000000ee   Code   RO         2985    i.HAL_CAN_ConfigFilter  stm32f3xx_hal_can.o
    0x0800239e   0x0800239e   0x00000002   Code   RO         2988    i.HAL_CAN_ErrorCallback  stm32f3xx_hal_can.o
    0x080023a0   0x080023a0   0x000000e8   Code   RO         2991    i.HAL_CAN_GetRxMessage  stm32f3xx_hal_can.o
    0x08002488   0x08002488   0x000001fc   Code   RO         2995    i.HAL_CAN_IRQHandler  stm32f3xx_hal_can.o
    0x08002684   0x08002684   0x0000011a   Code   RO         2996    i.HAL_CAN_Init      stm32f3xx_hal_can.o
    0x0800279e   0x0800279e   0x00000002   PAD
    0x080027a0   0x080027a0   0x00000078   Code   RO          255    i.HAL_CAN_MspInit   can.o
    0x08002818   0x08002818   0x00000002   Code   RO         3003    i.HAL_CAN_RxFifo0FullCallback  stm32f3xx_hal_can.o
    0x0800281a   0x0800281a   0x00000002   PAD
    0x0800281c   0x0800281c   0x00000074   Code   RO          752    i.HAL_CAN_RxFifo0MsgPendingCallback  supercap.o
    0x08002890   0x08002890   0x00000002   Code   RO         3005    i.HAL_CAN_RxFifo1FullCallback  stm32f3xx_hal_can.o
    0x08002892   0x08002892   0x00000002   Code   RO         3006    i.HAL_CAN_RxFifo1MsgPendingCallback  stm32f3xx_hal_can.o
    0x08002894   0x08002894   0x00000002   Code   RO         3007    i.HAL_CAN_SleepCallback  stm32f3xx_hal_can.o
    0x08002896   0x08002896   0x00000002   PAD
    0x08002898   0x08002898   0x00000058   Code   RO         3008    i.HAL_CAN_Start     stm32f3xx_hal_can.o
    0x080028f0   0x080028f0   0x00000002   Code   RO         3010    i.HAL_CAN_TxMailbox0AbortCallback  stm32f3xx_hal_can.o
    0x080028f2   0x080028f2   0x00000002   Code   RO         3011    i.HAL_CAN_TxMailbox0CompleteCallback  stm32f3xx_hal_can.o
    0x080028f4   0x080028f4   0x00000002   Code   RO         3012    i.HAL_CAN_TxMailbox1AbortCallback  stm32f3xx_hal_can.o
    0x080028f6   0x080028f6   0x00000002   Code   RO         3013    i.HAL_CAN_TxMailbox1CompleteCallback  stm32f3xx_hal_can.o
    0x080028f8   0x080028f8   0x00000002   Code   RO         3014    i.HAL_CAN_TxMailbox2AbortCallback  stm32f3xx_hal_can.o
    0x080028fa   0x080028fa   0x00000002   Code   RO         3015    i.HAL_CAN_TxMailbox2CompleteCallback  stm32f3xx_hal_can.o
    0x080028fc   0x080028fc   0x00000002   Code   RO         3017    i.HAL_CAN_WakeUpFromRxMsgCallback  stm32f3xx_hal_can.o
    0x080028fe   0x080028fe   0x000000a8   Code   RO         1858    i.HAL_DMA_IRQHandler  stm32f3xx_hal_dma.o
    0x080029a6   0x080029a6   0x0000004e   Code   RO         1859    i.HAL_DMA_Init      stm32f3xx_hal_dma.o
    0x080029f4   0x080029f4   0x00000070   Code   RO         1863    i.HAL_DMA_Start_IT  stm32f3xx_hal_dma.o
    0x08002a64   0x08002a64   0x00000024   Code   RO         1471    i.HAL_Delay         stm32f3xx_hal.o
    0x08002a88   0x08002a88   0x00000220   Code   RO         1788    i.HAL_GPIO_Init     stm32f3xx_hal_gpio.o
    0x08002ca8   0x08002ca8   0x0000000c   Code   RO         1475    i.HAL_GetTick       stm32f3xx_hal.o
    0x08002cb4   0x08002cb4   0x00000062   Code   RO         3234    i.HAL_HRTIM_DLLCalibrationStart  stm32f3xx_hal_hrtim.o
    0x08002d16   0x08002d16   0x00000002   PAD
    0x08002d18   0x08002d18   0x0000008c   Code   RO         3237    i.HAL_HRTIM_DeadTimeConfig  stm32f3xx_hal_hrtim.o
    0x08002da4   0x08002da4   0x000000bc   Code   RO         3257    i.HAL_HRTIM_Init    stm32f3xx_hal_hrtim.o
    0x08002e60   0x08002e60   0x00000028   Code   RO          321    i.HAL_HRTIM_MspInit  hrtim.o
    0x08002e88   0x08002e88   0x00000054   Code   RO          322    i.HAL_HRTIM_MspPostInit  hrtim.o
    0x08002edc   0x08002edc   0x00000042   Code   RO         3264    i.HAL_HRTIM_PollForDLLCalibration  stm32f3xx_hal_hrtim.o
    0x08002f1e   0x08002f1e   0x0000007a   Code   RO         3304    i.HAL_HRTIM_TimeBaseConfig  stm32f3xx_hal_hrtim.o
    0x08002f98   0x08002f98   0x00000134   Code   RO         3309    i.HAL_HRTIM_WaveformCompareConfig  stm32f3xx_hal_hrtim.o
    0x080030cc   0x080030cc   0x0000002c   Code   RO         3310    i.HAL_HRTIM_WaveformCountStart  stm32f3xx_hal_hrtim.o
    0x080030f8   0x080030f8   0x00000036   Code   RO         3318    i.HAL_HRTIM_WaveformOutputConfig  stm32f3xx_hal_hrtim.o
    0x0800312e   0x0800312e   0x00000030   Code   RO         3319    i.HAL_HRTIM_WaveformOutputStart  stm32f3xx_hal_hrtim.o
    0x0800315e   0x0800315e   0x000000ba   Code   RO         3322    i.HAL_HRTIM_WaveformTimerConfig  stm32f3xx_hal_hrtim.o
    0x08003218   0x08003218   0x00000010   Code   RO         1481    i.HAL_IncTick       stm32f3xx_hal.o
    0x08003228   0x08003228   0x00000024   Code   RO         1482    i.HAL_Init          stm32f3xx_hal.o
    0x0800324c   0x0800324c   0x00000040   Code   RO         1483    i.HAL_InitTick      stm32f3xx_hal.o
    0x0800328c   0x0800328c   0x0000002c   Code   RO          594    i.HAL_MspInit       stm32f3xx_hal_msp.o
    0x080032b8   0x080032b8   0x0000001a   Code   RO         1953    i.HAL_NVIC_EnableIRQ  stm32f3xx_hal_cortex.o
    0x080032d2   0x080032d2   0x00000002   PAD
    0x080032d4   0x080032d4   0x00000040   Code   RO         1959    i.HAL_NVIC_SetPriority  stm32f3xx_hal_cortex.o
    0x08003314   0x08003314   0x00000024   Code   RO         1960    i.HAL_NVIC_SetPriorityGrouping  stm32f3xx_hal_cortex.o
    0x08003338   0x08003338   0x00000188   Code   RO         1745    i.HAL_RCCEx_PeriphCLKConfig  stm32f3xx_hal_rcc_ex.o
    0x080034c0   0x080034c0   0x00000002   Code   RO         1638    i.HAL_RCC_CSSCallback  stm32f3xx_hal_rcc.o
    0x080034c2   0x080034c2   0x00000002   PAD
    0x080034c4   0x080034c4   0x00000148   Code   RO         1639    i.HAL_RCC_ClockConfig  stm32f3xx_hal_rcc.o
    0x0800360c   0x0800360c   0x00000018   Code   RO         1642    i.HAL_RCC_EnableCSS  stm32f3xx_hal_rcc.o
    0x08003624   0x08003624   0x00000030   Code   RO         1646    i.HAL_RCC_GetPCLK1Freq  stm32f3xx_hal_rcc.o
    0x08003654   0x08003654   0x00000030   Code   RO         1647    i.HAL_RCC_GetPCLK2Freq  stm32f3xx_hal_rcc.o
    0x08003684   0x08003684   0x00000074   Code   RO         1648    i.HAL_RCC_GetSysClockFreq  stm32f3xx_hal_rcc.o
    0x080036f8   0x080036f8   0x00000018   Code   RO         1650    i.HAL_RCC_NMI_IRQHandler  stm32f3xx_hal_rcc.o
    0x08003710   0x08003710   0x000005c8   Code   RO         1651    i.HAL_RCC_OscConfig  stm32f3xx_hal_rcc.o
    0x08003cd8   0x08003cd8   0x00000028   Code   RO         1964    i.HAL_SYSTICK_Config  stm32f3xx_hal_cortex.o
    0x08003d00   0x08003d00   0x00000002   Code   RO         4673    i.HAL_TIMEx_Break2Callback  stm32f3xx_hal_tim_ex.o
    0x08003d02   0x08003d02   0x00000002   Code   RO         4674    i.HAL_TIMEx_BreakCallback  stm32f3xx_hal_tim_ex.o
    0x08003d04   0x08003d04   0x00000002   Code   RO         4675    i.HAL_TIMEx_CommutCallback  stm32f3xx_hal_tim_ex.o
    0x08003d06   0x08003d06   0x00000002   PAD
    0x08003d08   0x08003d08   0x00000084   Code   RO         4677    i.HAL_TIMEx_ConfigBreakDeadTime  stm32f3xx_hal_tim_ex.o
    0x08003d8c   0x08003d8c   0x00000074   Code   RO         4694    i.HAL_TIMEx_MasterConfigSynchronization  stm32f3xx_hal_tim_ex.o
    0x08003e00   0x08003e00   0x000000a4   Code   RO         4705    i.HAL_TIMEx_PWMN_Start  stm32f3xx_hal_tim_ex.o
    0x08003ea4   0x08003ea4   0x00000062   Code   RO         3959    i.HAL_TIM_Base_Init  stm32f3xx_hal_tim.o
    0x08003f06   0x08003f06   0x00000002   PAD
    0x08003f08   0x08003f08   0x00000054   Code   RO          369    i.HAL_TIM_Base_MspInit  tim.o
    0x08003f5c   0x08003f5c   0x00000064   Code   RO         3964    i.HAL_TIM_Base_Start_IT  stm32f3xx_hal_tim.o
    0x08003fc0   0x08003fc0   0x000000e0   Code   RO         3968    i.HAL_TIM_ConfigClockSource  stm32f3xx_hal_tim.o
    0x080040a0   0x080040a0   0x00000002   Code   RO         3993    i.HAL_TIM_IC_CaptureCallback  stm32f3xx_hal_tim.o
    0x080040a2   0x080040a2   0x00000184   Code   RO         4007    i.HAL_TIM_IRQHandler  stm32f3xx_hal_tim.o
    0x08004226   0x08004226   0x00000002   PAD
    0x08004228   0x08004228   0x000000a8   Code   RO          370    i.HAL_TIM_MspPostInit  tim.o
    0x080042d0   0x080042d0   0x00000002   Code   RO         4010    i.HAL_TIM_OC_DelayElapsedCallback  stm32f3xx_hal_tim.o
    0x080042d2   0x080042d2   0x00000124   Code   RO         4031    i.HAL_TIM_PWM_ConfigChannel  stm32f3xx_hal_tim.o
    0x080043f6   0x080043f6   0x00000062   Code   RO         4034    i.HAL_TIM_PWM_Init  stm32f3xx_hal_tim.o
    0x08004458   0x08004458   0x0000003c   Code   RO          372    i.HAL_TIM_PWM_MspInit  tim.o
    0x08004494   0x08004494   0x00000002   Code   RO         4037    i.HAL_TIM_PWM_PulseFinishedCallback  stm32f3xx_hal_tim.o
    0x08004496   0x08004496   0x00000002   PAD
    0x08004498   0x08004498   0x000000e4   Code   RO         4039    i.HAL_TIM_PWM_Start  stm32f3xx_hal_tim.o
    0x0800457c   0x0800457c   0x00000010   Code   RO          687    i.HAL_TIM_PeriodElapsedCallback  power_loop.o
    0x0800458c   0x0800458c   0x00000002   Code   RO         4050    i.HAL_TIM_TriggerCallback  stm32f3xx_hal_tim.o
    0x0800458e   0x0800458e   0x00000066   Code   RO         4981    i.HAL_UART_Init     stm32f3xx_hal_uart.o
    0x080045f4   0x080045f4   0x000000cc   Code   RO          447    i.HAL_UART_MspInit  usart.o
    0x080046c0   0x080046c0   0x000000b6   Code   RO         4990    i.HAL_UART_Transmit  stm32f3xx_hal_uart.o
    0x08004776   0x08004776   0x0000005a   Code   RO         3329    i.HRTIM_ForceRegistersUpdate  stm32f3xx_hal_hrtim.o
    0x080047d0   0x080047d0   0x000000ce   Code   RO         3335    i.HRTIM_OutputConfig  stm32f3xx_hal_hrtim.o
    0x0800489e   0x0800489e   0x00000142   Code   RO         3338    i.HRTIM_TimingUnitWaveform_Config  stm32f3xx_hal_hrtim.o
    0x080049e0   0x080049e0   0x00000002   Code   RO          499    i.HardFault_Handler  stm32f3xx_it.o
    0x080049e2   0x080049e2   0x00000002   PAD
    0x080049e4   0x080049e4   0x000000a8   Code   RO          207    i.MX_ADC1_Init      adc.o
    0x08004a8c   0x08004a8c   0x00000084   Code   RO          208    i.MX_ADC2_Init      adc.o
    0x08004b10   0x08004b10   0x00000044   Code   RO          256    i.MX_CAN_Init       can.o
    0x08004b54   0x08004b54   0x0000003c   Code   RO          296    i.MX_DMA_Init       dma.o
    0x08004b90   0x08004b90   0x0000004c   Code   RO          181    i.MX_GPIO_Init      gpio.o
    0x08004bdc   0x08004bdc   0x0000020c   Code   RO          323    i.MX_HRTIM1_Init    hrtim.o
    0x08004de8   0x08004de8   0x000000d8   Code   RO          373    i.MX_TIM1_Init      tim.o
    0x08004ec0   0x08004ec0   0x00000070   Code   RO          374    i.MX_TIM2_Init      tim.o
    0x08004f30   0x08004f30   0x00000084   Code   RO          375    i.MX_TIM3_Init      tim.o
    0x08004fb4   0x08004fb4   0x00000044   Code   RO          376    i.MX_TIM6_Init      tim.o
    0x08004ff8   0x08004ff8   0x0000003c   Code   RO          448    i.MX_USART2_UART_Init  usart.o
    0x08005034   0x08005034   0x0000003c   Code   RO          449    i.MX_USART3_UART_Init  usart.o
    0x08005070   0x08005070   0x00000002   Code   RO          500    i.MemManage_Handler  stm32f3xx_it.o
    0x08005072   0x08005072   0x00000006   Code   RO          501    i.NMI_Handler       stm32f3xx_it.o
    0x08005078   0x08005078   0x00000128   Code   RO          657    i.PID_calc          pid.o
    0x080051a0   0x080051a0   0x00000050   Code   RO          659    i.PID_init          pid.o
    0x080051f0   0x080051f0   0x00000002   Code   RO          502    i.PendSV_Handler    stm32f3xx_it.o
    0x080051f2   0x080051f2   0x00000002   PAD
    0x080051f4   0x080051f4   0x000000d4   Code   RO          753    i.Running_Diagnose  supercap.o
    0x080052c8   0x080052c8   0x00000002   Code   RO          503    i.SVC_Handler       stm32f3xx_it.o
    0x080052ca   0x080052ca   0x00000002   PAD
    0x080052cc   0x080052cc   0x000001d0   Code   RO          754    i.Set_Board_Config  supercap.o
    0x0800549c   0x0800549c   0x00000004   Code   RO          504    i.SysTick_Handler   stm32f3xx_it.o
    0x080054a0   0x080054a0   0x00000088   Code   RO           14    i.SystemClock_Config  main.o
    0x08005528   0x08005528   0x00000010   Code   RO         5417    i.SystemInit        system_stm32f3xx.o
    0x08005538   0x08005538   0x0000000c   Code   RO          505    i.TIM6_DAC1_IRQHandler  stm32f3xx_it.o
    0x08005544   0x08005544   0x00000088   Code   RO         4052    i.TIM_Base_SetConfig  stm32f3xx_hal_tim.o
    0x080055cc   0x080055cc   0x0000001a   Code   RO         4053    i.TIM_CCxChannelCmd  stm32f3xx_hal_tim.o
    0x080055e6   0x080055e6   0x0000001a   Code   RO         4714    i.TIM_CCxNChannelCmd  stm32f3xx_hal_tim_ex.o
    0x08005600   0x08005600   0x00000014   Code   RO         4063    i.TIM_ETR_SetConfig  stm32f3xx_hal_tim.o
    0x08005614   0x08005614   0x00000010   Code   RO         4064    i.TIM_ITRx_SetConfig  stm32f3xx_hal_tim.o
    0x08005624   0x08005624   0x00000088   Code   RO         4065    i.TIM_OC1_SetConfig  stm32f3xx_hal_tim.o
    0x080056ac   0x080056ac   0x00000080   Code   RO         4066    i.TIM_OC2_SetConfig  stm32f3xx_hal_tim.o
    0x0800572c   0x0800572c   0x00000080   Code   RO         4067    i.TIM_OC3_SetConfig  stm32f3xx_hal_tim.o
    0x080057ac   0x080057ac   0x0000006c   Code   RO         4068    i.TIM_OC4_SetConfig  stm32f3xx_hal_tim.o
    0x08005818   0x08005818   0x00000064   Code   RO         4069    i.TIM_OC5_SetConfig  stm32f3xx_hal_tim.o
    0x0800587c   0x0800587c   0x00000068   Code   RO         4070    i.TIM_OC6_SetConfig  stm32f3xx_hal_tim.o
    0x080058e4   0x080058e4   0x00000022   Code   RO         4072    i.TIM_TI1_ConfigInputStage  stm32f3xx_hal_tim.o
    0x08005906   0x08005906   0x00000024   Code   RO         4074    i.TIM_TI2_ConfigInputStage  stm32f3xx_hal_tim.o
    0x0800592a   0x0800592a   0x000000c8   Code   RO         4995    i.UART_AdvFeatureConfig  stm32f3xx_hal_uart.o
    0x080059f2   0x080059f2   0x0000005c   Code   RO         4996    i.UART_CheckIdleState  stm32f3xx_hal_uart.o
    0x08005a4e   0x08005a4e   0x00000002   PAD
    0x08005a50   0x08005a50   0x00000144   Code   RO         5011    i.UART_SetConfig    stm32f3xx_hal_uart.o
    0x08005b94   0x08005b94   0x000000c6   Code   RO         5016    i.UART_WaitOnFlagUntilTimeout  stm32f3xx_hal_uart.o
    0x08005c5a   0x08005c5a   0x00000002   PAD
    0x08005c5c   0x08005c5c   0x0000000c   Code   RO          975    i.Update_Buzzer_PWM  bsp_tim.o
    0x08005c68   0x08005c68   0x0000001c   Code   RO          976    i.Update_LED_PWM    bsp_tim.o
    0x08005c84   0x08005c84   0x00000002   Code   RO          506    i.UsageFault_Handler  stm32f3xx_it.o
    0x08005c86   0x08005c86   0x00000040   Code   RO          639    i.Window_Filter_Calc  filter.o
    0x08005cc6   0x08005cc6   0x0000001e   Code   RO          640    i.Window_Filter_Init  filter.o
    0x08005ce4   0x08005ce4   0x00000030   Code   RO         5590    i.__ARM_fpclassify  m_wm.l(fpclassify.o)
    0x08005d14   0x08005d14   0x00000020   Code   RO         1966    i.__NVIC_SetPriority  stm32f3xx_hal_cortex.o
    0x08005d34   0x08005d34   0x00000048   Code   RO         5501    i.__hardfp_fmaxf    m_wm.l(fmaxf.o)
    0x08005d7c   0x08005d7c   0x00000048   Code   RO         5505    i.__hardfp_fminf    m_wm.l(fminf.o)
    0x08005dc4   0x08005dc4   0x0000000e   Code   RO         5475    i._is_digit         c_w.l(__printf_wp.o)
    0x08005dd2   0x08005dd2   0x00000002   PAD
    0x08005dd4   0x08005dd4   0x000000dc   Code   RO          688    i.buckboost_pwm_update  power_loop.o
    0x08005eb0   0x08005eb0   0x0000016c   Code   RO          689    i.control_calc      power_loop.o
    0x0800601c   0x0800601c   0x0000016c   Code   RO          755    i.main              supercap.o
    0x08006188   0x08006188   0x0000002c   Code   RO         5584    locale$$code        c_w.l(lc_numeric_c.o)
    0x080061b4   0x080061b4   0x0000000c   Code   RO         5521    x$fpl$dretinf       fz_wm.l(dretinf.o)
    0x080061c0   0x080061c0   0x00000056   Code   RO         5497    x$fpl$f2d           fz_wm.l(f2d.o)
    0x08006216   0x08006216   0x00000002   PAD
    0x08006218   0x08006218   0x00000052   Code   RO         5523    x$fpl$fcmp4         fz_wm.l(fcmp4.o)
    0x0800626a   0x0800626a   0x00000018   Code   RO         5586    x$fpl$fcmpinf       fz_wm.l(fcmpi.o)
    0x08006282   0x08006282   0x0000008c   Code   RO         5527    x$fpl$fnaninf       fz_wm.l(fnaninf.o)
    0x0800630e   0x0800630e   0x0000000a   Code   RO         5666    x$fpl$fpinit        fz_wm.l(fpinit.o)
    0x08006318   0x08006318   0x00000004   Code   RO         5499    x$fpl$printf1       fz_wm.l(printf1.o)
    0x0800631c   0x0800631c   0x00000000   Code   RO         5529    x$fpl$usenofp       fz_wm.l(usenofp.o)
    0x0800631c   0x0800631c   0x00000190   Data   RO          757    .constdata          supercap.o
    0x080064ac   0x080064ac   0x00000020   Data   RO         1652    .constdata          stm32f3xx_hal_rcc.o
    0x080064cc   0x080064cc   0x00000010   Data   RO         5418    .constdata          system_stm32f3xx.o
    0x080064dc   0x080064dc   0x00000008   Data   RO         5419    .constdata          system_stm32f3xx.o
    0x080064e4   0x080064e4   0x00000094   Data   RO         5559    .constdata          c_w.l(bigflt0.o)
    0x08006578   0x08006578   0x00000065   Data   RO          758    .conststring        supercap.o
    0x080065dd   0x080065dd   0x00000003   PAD
    0x080065e0   0x080065e0   0x00000020   Data   RO         5735    Region$$Table       anon$$obj.o
    0x08006600   0x08006600   0x0000001c   Data   RO         5583    locale$$data        c_w.l(lc_numeric_c.o)


    Execution Region RW_IRAM2 (Exec base: 0x10000000, Load base: 0x08006648, Size: 0x00000000, Max: 0x00001000, ABSOLUTE)

    **** No section assigned to this execution region ****


    Execution Region RW_IRAM1 (Exec base: 0x20000000, Load base: 0x0800661c, Size: 0x000011a0, Max: 0x00003000, ABSOLUTE)

    Exec Addr    Load Addr    Size         Type   Attr      Idx    E Section Name        Object

    0x20000000   0x0800661c   0x00000004   Data   RW          210    .data               adc.o
    0x20000004   0x08006620   0x00000008   Data   RW          691    .data               power_loop.o
    0x2000000c   0x08006628   0x00000010   Data   RW          759    .data               supercap.o
    0x2000001c   0x08006638   0x0000000c   Data   RW         1489    .data               stm32f3xx_hal.o
    0x20000028   0x08006644   0x00000004   Data   RW         5420    .data               system_stm32f3xx.o
    0x2000002c        -       0x00000128   Zero   RW          209    .bss                adc.o
    0x20000154        -       0x00000028   Zero   RW          257    .bss                can.o
    0x2000017c        -       0x000000dc   Zero   RW          324    .bss                hrtim.o
    0x20000258        -       0x00000130   Zero   RW          377    .bss                tim.o
    0x20000388        -       0x00000108   Zero   RW          450    .bss                usart.o
    0x20000490        -       0x0000064c   Zero   RW          690    .bss                power_loop.o
    0x20000adc        -       0x00000064   Zero   RW          756    .bss                supercap.o
    0x20000b40        -       0x00000060   Zero   RW         5593    .bss                c_w.l(libspace.o)
    0x20000ba0        -       0x00000200   Zero   RW            2    HEAP                startup_stm32f334x8.o
    0x20000da0        -       0x00000400   Zero   RW            1    STACK               startup_stm32f334x8.o


==============================================================================

Image component sizes


      Code (inc. data)   RO Data    RW Data    ZI Data      Debug   Object Name

       556         42          0          4        296       2890   adc.o
        96          0          0          0          0       2610   adc_to_elec.o
        48         10          0          0          0       1371   bsp_adc.o
        60          4          0          0          0        571   bsp_can.o
         4          0          0          0          0        464   bsp_gpio.o
        64         14          0          0          0       1647   bsp_hrtim.o
       120         34          0          0          0       2103   bsp_tim.o
        14          0          0          0          0        504   bsp_uart.o
       188         22          0          0         40       1767   can.o
        60          4          0          0          0        818   dma.o
        94          0          0          0          0       1582   filter.o
        76          6          0          0          0        907   gpio.o
       648         28          0          0        220       2771   hrtim.o
       140          0          0          0          0     778521   main.o
       376         10          0          0          0       2666   pid.o
       600         42          0          8       1612       5786   power_loop.o
        64         26        392          0       1536        860   startup_stm32f334x8.o
       164         28          0         12          0      15329   stm32f3xx_hal.o
         6          0          0          0          0       2102   stm32f3xx_hal_adc.o
      2292         80          0          0          0      10064   stm32f3xx_hal_adc_ex.o
      1608          0          0          0          0      14611   stm32f3xx_hal_can.o
       198         14          0          0          0      32355   stm32f3xx_hal_cortex.o
       432         10          0          0          0       4323   stm32f3xx_hal_dma.o
       544         26          0          0          0       1656   stm32f3xx_hal_gpio.o
      1872         24          0          0          0      13659   stm32f3xx_hal_hrtim.o
        44          6          0          0          0        890   stm32f3xx_hal_msp.o
      2070         88         32          0          0       7659   stm32f3xx_hal_rcc.o
       392         14          0          0          0       1500   stm32f3xx_hal_rcc_ex.o
      2408        196          0          0          0      18348   stm32f3xx_hal_tim.o
       444         36          0          0          0       5551   stm32f3xx_hal_tim_ex.o
      1098         46          0          0          0       6409   stm32f3xx_hal_uart.o
        72         24          0          0          0       6320   stm32f3xx_it.o
      1584        228        501         16        100       6174   supercap.o
        16          4         24          4          0       1183   system_stm32f3xx.o
       840         70          0          0        304       5333   tim.o
       324         32          0          0        264       2555   usart.o

    ----------------------------------------------------------------------
     19652       1168        984         44       4372     963859   Object Totals
         0          0         32          0          0          0   (incl. Generated)
        36          0          3          0          0          0   (incl. Padding)

    ----------------------------------------------------------------------

      Code (inc. data)   RO Data    RW Data    ZI Data      Debug   Library Member Name

         8          0          0          0          0         68   __main.o
       284          0          0          0          0        156   __printf_wp.o
         0          0          0          0          0          0   __rtentry.o
        12          0          0          0          0          0   __rtentry2.o
         6          0          0          0          0          0   __rtentry4.o
        52          8          0          0          0          0   __scatter.o
        26          0          0          0          0          0   __scatter_copy.o
        28          0          0          0          0          0   __scatter_zi.o
        48          6          0          0          0         96   _printf_char_common.o
         6          0          0          0          0          0   _printf_f.o
      1050          0          0          0          0        216   _printf_fp_dec.o
       128         16          0          0          0         84   _printf_fp_infnan.o
        78          0          0          0          0        108   _printf_pad.o
         0          0          0          0          0          0   _printf_percent.o
         4          0          0          0          0          0   _printf_percent_end.o
        10          0          0          0          0         68   _sputc.o
       220          4        148          0          0         96   bigflt0.o
      1910        128          0          0          0        672   btod.o
        18          0          0          0          0         80   exit.o
         6          0          0          0          0        152   heapauxi.o
         0          0          0          0          0          0   indicate_semi.o
        44         10         28          0          0         76   lc_numeric_c.o
         2          0          0          0          0          0   libinit.o
        22          0          0          0          0          0   libinit2.o
         2          0          0          0          0          0   libshutdown.o
         2          0          0          0          0          0   libshutdown2.o
         8          4          0          0         96         68   libspace.o
       138          0          0          0          0         80   lludiv10.o
       238          0          0          0          0        100   lludivv7m.o
        40          6          0          0          0         84   noretval__2sprintf.o
         8          4          0          0          0         68   rt_locale_intlibspace.o
        78          0          0          0          0         80   rt_memclr_w.o
         2          0          0          0          0          0   rtexit.o
        10          0          0          0          0          0   rtexit2.o
       128          0          0          0          0         68   strcmpv7m.o
        62          0          0          0          0         76   strlen.o
        12          4          0          0          0         68   sys_exit.o
        74          0          0          0          0         80   sys_stackheap_outer.o
         2          0          0          0          0         68   use_no_semi.o
        12          0          0          0          0        116   dretinf.o
        86          4          0          0          0        132   f2d.o
        82          4          0          0          0        160   fcmp4.o
        24          0          0          0          0        116   fcmpi.o
       140          4          0          0          0        132   fnaninf.o
        10          0          0          0          0        116   fpinit.o
         4          0          0          0          0        116   printf1.o
         0          0          0          0          0          0   usenofp.o
        72          0          0          0          0        148   fmaxf.o
        72          0          0          0          0        148   fminf.o
        48          0          0          0          0        124   fpclassify.o

    ----------------------------------------------------------------------
      5328        202        176          0         96       4020   Library Totals
        12          0          0          0          0          0   (incl. Padding)

    ----------------------------------------------------------------------

      Code (inc. data)   RO Data    RW Data    ZI Data      Debug   Library Name

      4766        190        176          0         96       2712   c_w.l
       358         12          0          0          0        888   fz_wm.l
       192          0          0          0          0        420   m_wm.l

    ----------------------------------------------------------------------
      5328        202        176          0         96       4020   Library Totals

    ----------------------------------------------------------------------

==============================================================================


      Code (inc. data)   RO Data    RW Data    ZI Data      Debug   

     24980       1370       1160         44       4468     949423   Grand Totals
     24980       1370       1160         44       4468     949423   ELF Image Totals
     24980       1370       1160         44          0          0   ROM Totals

==============================================================================

    Total RO  Size (Code + RO Data)                26140 (  25.53kB)
    Total RW  Size (RW Data + ZI Data)              4512 (   4.41kB)
    Total ROM Size (Code + RO Data + RW Data)      26184 (  25.57kB)

==============================================================================

