Archive member included to satisfy reference by file (symbol)

h:/tools/gcc-arm-none/bin/../lib/gcc/arm-none-eabi/10.3.1/thumb/v7e-m+fp/hard\libgcc.a(_arm_addsubdf3.o)
                              CMakeFiles/SuperCAP.elf.dir/User/Application/supercap.c.obj (__aeabi_f2d)
h:/tools/gcc-arm-none/bin/../lib/gcc/arm-none-eabi/10.3.1/../../../../arm-none-eabi/lib/thumb/v7e-m+fp/hard\libg.a(lib_a-errno.o)
                              CMakeFiles/SuperCAP.elf.dir/Core/Src/syscalls.c.obj (__errno)
h:/tools/gcc-arm-none/bin/../lib/gcc/arm-none-eabi/10.3.1/../../../../arm-none-eabi/lib/thumb/v7e-m+fp/hard\libg.a(lib_a-exit.o)
                              h:/tools/gcc-arm-none/bin/../lib/gcc/arm-none-eabi/10.3.1/../../../../arm-none-eabi/lib/thumb/v7e-m+fp/hard/crt0.o (exit)
h:/tools/gcc-arm-none/bin/../lib/gcc/arm-none-eabi/10.3.1/../../../../arm-none-eabi/lib/thumb/v7e-m+fp/hard\libg.a(lib_a-impure.o)
                              h:/tools/gcc-arm-none/bin/../lib/gcc/arm-none-eabi/10.3.1/../../../../arm-none-eabi/lib/thumb/v7e-m+fp/hard\libg.a(lib_a-exit.o) (_global_impure_ptr)
h:/tools/gcc-arm-none/bin/../lib/gcc/arm-none-eabi/10.3.1/../../../../arm-none-eabi/lib/thumb/v7e-m+fp/hard\libg.a(lib_a-init.o)
                              h:/tools/gcc-arm-none/bin/../lib/gcc/arm-none-eabi/10.3.1/../../../../arm-none-eabi/lib/thumb/v7e-m+fp/hard/crt0.o (__libc_init_array)
h:/tools/gcc-arm-none/bin/../lib/gcc/arm-none-eabi/10.3.1/../../../../arm-none-eabi/lib/thumb/v7e-m+fp/hard\libg.a(lib_a-memset.o)
                              h:/tools/gcc-arm-none/bin/../lib/gcc/arm-none-eabi/10.3.1/../../../../arm-none-eabi/lib/thumb/v7e-m+fp/hard/crt0.o (memset)
h:/tools/gcc-arm-none/bin/../lib/gcc/arm-none-eabi/10.3.1/../../../../arm-none-eabi/lib/thumb/v7e-m+fp/hard\libg.a(lib_a-sprintf.o)
                              CMakeFiles/SuperCAP.elf.dir/User/Application/supercap.c.obj (sprintf)
h:/tools/gcc-arm-none/bin/../lib/gcc/arm-none-eabi/10.3.1/../../../../arm-none-eabi/lib/thumb/v7e-m+fp/hard\libg.a(lib_a-strlen.o)
                              CMakeFiles/SuperCAP.elf.dir/User/Application/supercap.c.obj (strlen)
h:/tools/gcc-arm-none/bin/../lib/gcc/arm-none-eabi/10.3.1/../../../../arm-none-eabi/lib/thumb/v7e-m+fp/hard\libg.a(lib_a-svfprintf.o)
                              h:/tools/gcc-arm-none/bin/../lib/gcc/arm-none-eabi/10.3.1/../../../../arm-none-eabi/lib/thumb/v7e-m+fp/hard\libg.a(lib_a-sprintf.o) (_svfprintf_r)
h:/tools/gcc-arm-none/bin/../lib/gcc/arm-none-eabi/10.3.1/../../../../arm-none-eabi/lib/thumb/v7e-m+fp/hard\libg.a(lib_a-__call_atexit.o)
                              h:/tools/gcc-arm-none/bin/../lib/gcc/arm-none-eabi/10.3.1/../../../../arm-none-eabi/lib/thumb/v7e-m+fp/hard\libg.a(lib_a-exit.o) (__call_exitprocs)
h:/tools/gcc-arm-none/bin/../lib/gcc/arm-none-eabi/10.3.1/../../../../arm-none-eabi/lib/thumb/v7e-m+fp/hard\libg.a(lib_a-atexit.o)
                              h:/tools/gcc-arm-none/bin/../lib/gcc/arm-none-eabi/10.3.1/../../../../arm-none-eabi/lib/thumb/v7e-m+fp/hard\libg.a(lib_a-__call_atexit.o) (atexit)
h:/tools/gcc-arm-none/bin/../lib/gcc/arm-none-eabi/10.3.1/../../../../arm-none-eabi/lib/thumb/v7e-m+fp/hard\libg.a(lib_a-dtoa.o)
                              h:/tools/gcc-arm-none/bin/../lib/gcc/arm-none-eabi/10.3.1/../../../../arm-none-eabi/lib/thumb/v7e-m+fp/hard\libg.a(lib_a-svfprintf.o) (_dtoa_r)
h:/tools/gcc-arm-none/bin/../lib/gcc/arm-none-eabi/10.3.1/../../../../arm-none-eabi/lib/thumb/v7e-m+fp/hard\libg.a(lib_a-fini.o)
                              h:/tools/gcc-arm-none/bin/../lib/gcc/arm-none-eabi/10.3.1/../../../../arm-none-eabi/lib/thumb/v7e-m+fp/hard\libg.a(lib_a-__call_atexit.o) (__libc_fini_array)
h:/tools/gcc-arm-none/bin/../lib/gcc/arm-none-eabi/10.3.1/../../../../arm-none-eabi/lib/thumb/v7e-m+fp/hard\libg.a(lib_a-freer.o)
                              h:/tools/gcc-arm-none/bin/../lib/gcc/arm-none-eabi/10.3.1/../../../../arm-none-eabi/lib/thumb/v7e-m+fp/hard\libg.a(lib_a-svfprintf.o) (_free_r)
h:/tools/gcc-arm-none/bin/../lib/gcc/arm-none-eabi/10.3.1/../../../../arm-none-eabi/lib/thumb/v7e-m+fp/hard\libg.a(lib_a-localeconv.o)
                              h:/tools/gcc-arm-none/bin/../lib/gcc/arm-none-eabi/10.3.1/../../../../arm-none-eabi/lib/thumb/v7e-m+fp/hard\libg.a(lib_a-svfprintf.o) (_localeconv_r)
h:/tools/gcc-arm-none/bin/../lib/gcc/arm-none-eabi/10.3.1/../../../../arm-none-eabi/lib/thumb/v7e-m+fp/hard\libg.a(lib_a-lock.o)
                              h:/tools/gcc-arm-none/bin/../lib/gcc/arm-none-eabi/10.3.1/../../../../arm-none-eabi/lib/thumb/v7e-m+fp/hard\libg.a(lib_a-__call_atexit.o) (__retarget_lock_acquire_recursive)
h:/tools/gcc-arm-none/bin/../lib/gcc/arm-none-eabi/10.3.1/../../../../arm-none-eabi/lib/thumb/v7e-m+fp/hard\libg.a(lib_a-mallocr.o)
                              h:/tools/gcc-arm-none/bin/../lib/gcc/arm-none-eabi/10.3.1/../../../../arm-none-eabi/lib/thumb/v7e-m+fp/hard\libg.a(lib_a-svfprintf.o) (_malloc_r)
[...]
Memory Configuration

Name             Origin             Length             Attributes
CCMRAM           0x10000000         0x00001000         xrw
RAM              0x20000000         0x00003000         xrw
FLASH            0x08000000         0x00010000         xr
*default*        0x00000000         0xffffffff

Linker script and memory map

LOAD h:/tools/gcc-arm-none/bin/../lib/gcc/arm-none-eabi/10.3.1/thumb/v7e-m+fp/hard/crti.o
LOAD h:/tools/gcc-arm-none/bin/../lib/gcc/arm-none-eabi/10.3.1/thumb/v7e-m+fp/hard/crtbegin.o
LOAD h:/tools/gcc-arm-none/bin/../lib/gcc/arm-none-eabi/10.3.1/../../../../arm-none-eabi/lib/thumb/v7e-m+fp/hard/crt0.o
LOAD CMakeFiles/SuperCAP.elf.dir/Core/Src/adc.c.obj
LOAD CMakeFiles/SuperCAP.elf.dir/Core/Src/can.c.obj
LOAD CMakeFiles/SuperCAP.elf.dir/Core/Src/dma.c.obj
LOAD CMakeFiles/SuperCAP.elf.dir/Core/Src/gpio.c.obj
LOAD CMakeFiles/SuperCAP.elf.dir/Core/Src/hrtim.c.obj
LOAD CMakeFiles/SuperCAP.elf.dir/Core/Src/main.c.obj
LOAD CMakeFiles/SuperCAP.elf.dir/Core/Src/stm32f3xx_hal_msp.c.obj
LOAD CMakeFiles/SuperCAP.elf.dir/Core/Src/stm32f3xx_it.c.obj
LOAD CMakeFiles/SuperCAP.elf.dir/Core/Src/syscalls.c.obj
LOAD CMakeFiles/SuperCAP.elf.dir/Core/Src/sysmem.c.obj
LOAD CMakeFiles/SuperCAP.elf.dir/Core/Src/system_stm32f3xx.c.obj
LOAD CMakeFiles/SuperCAP.elf.dir/Core/Src/tim.c.obj
LOAD CMakeFiles/SuperCAP.elf.dir/Core/Src/usart.c.obj
LOAD CMakeFiles/SuperCAP.elf.dir/Core/Startup/startup_stm32f334c8tx.s.obj
LOAD CMakeFiles/SuperCAP.elf.dir/Drivers/STM32F3xx_HAL_Driver/Src/stm32f3xx_hal.c.obj
LOAD CMakeFiles/SuperCAP.elf.dir/Drivers/STM32F3xx_HAL_Driver/Src/stm32f3xx_hal_adc.c.obj
LOAD CMakeFiles/SuperCAP.elf.dir/Drivers/STM32F3xx_HAL_Driver/Src/stm32f3xx_hal_adc_ex.c.obj
LOAD CMakeFiles/SuperCAP.elf.dir/Drivers/STM32F3xx_HAL_Driver/Src/stm32f3xx_hal_can.c.obj
LOAD CMakeFiles/SuperCAP.elf.dir/Drivers/STM32F3xx_HAL_Driver/Src/stm32f3xx_hal_cortex.c.obj
LOAD CMakeFiles/SuperCAP.elf.dir/Drivers/STM32F3xx_HAL_Driver/Src/stm32f3xx_hal_dma.c.obj
LOAD CMakeFiles/SuperCAP.elf.dir/Drivers/STM32F3xx_HAL_Driver/Src/stm32f3xx_hal_exti.c.obj
LOAD CMakeFiles/SuperCAP.elf.dir/Drivers/STM32F3xx_HAL_Driver/Src/stm32f3xx_hal_flash.c.obj
LOAD CMakeFiles/SuperCAP.elf.dir/Drivers/STM32F3xx_HAL_Driver/Src/stm32f3xx_hal_flash_ex.c.obj
LOAD CMakeFiles/SuperCAP.elf.dir/Drivers/STM32F3xx_HAL_Driver/Src/stm32f3xx_hal_gpio.c.obj
LOAD CMakeFiles/SuperCAP.elf.dir/Drivers/STM32F3xx_HAL_Driver/Src/stm32f3xx_hal_hrtim.c.obj
LOAD CMakeFiles/SuperCAP.elf.dir/Drivers/STM32F3xx_HAL_Driver/Src/stm32f3xx_hal_i2c.c.obj
LOAD CMakeFiles/SuperCAP.elf.dir/Drivers/STM32F3xx_HAL_Driver/Src/stm32f3xx_hal_i2c_ex.c.obj
LOAD CMakeFiles/SuperCAP.elf.dir/Drivers/STM32F3xx_HAL_Driver/Src/stm32f3xx_hal_pwr.c.obj
LOAD CMakeFiles/SuperCAP.elf.dir/Drivers/STM32F3xx_HAL_Driver/Src/stm32f3xx_hal_pwr_ex.c.obj
LOAD CMakeFiles/SuperCAP.elf.dir/Drivers/STM32F3xx_HAL_Driver/Src/stm32f3xx_hal_rcc.c.obj
LOAD CMakeFiles/SuperCAP.elf.dir/Drivers/STM32F3xx_HAL_Driver/Src/stm32f3xx_hal_rcc_ex.c.obj
LOAD CMakeFiles/SuperCAP.elf.dir/Drivers/STM32F3xx_HAL_Driver/Src/stm32f3xx_hal_tim.c.obj
LOAD CMakeFiles/SuperCAP.elf.dir/Drivers/STM32F3xx_HAL_Driver/Src/stm32f3xx_hal_tim_ex.c.obj
LOAD CMakeFiles/SuperCAP.elf.dir/Drivers/STM32F3xx_HAL_Driver/Src/stm32f3xx_hal_uart.c.obj
LOAD CMakeFiles/SuperCAP.elf.dir/Drivers/STM32F3xx_HAL_Driver/Src/stm32f3xx_hal_uart_ex.c.obj
LOAD CMakeFiles/SuperCAP.elf.dir/User/Algorithm/adc_to_elec.c.obj
LOAD CMakeFiles/SuperCAP.elf.dir/User/Algorithm/filter.c.obj
LOAD CMakeFiles/SuperCAP.elf.dir/User/Algorithm/pid.c.obj
LOAD CMakeFiles/SuperCAP.elf.dir/User/Application/power_loop.c.obj
LOAD CMakeFiles/SuperCAP.elf.dir/User/Application/supercap.c.obj
LOAD CMakeFiles/SuperCAP.elf.dir/User/Bsp/bsp_adc.c.obj
LOAD CMakeFiles/SuperCAP.elf.dir/User/Bsp/bsp_can.c.obj
LOAD CMakeFiles/SuperCAP.elf.dir/User/Bsp/bsp_gpio.c.obj
LOAD CMakeFiles/SuperCAP.elf.dir/User/Bsp/bsp_hrtim.c.obj
LOAD CMakeFiles/SuperCAP.elf.dir/User/Bsp/bsp_tim.c.obj
LOAD CMakeFiles/SuperCAP.elf.dir/User/Bsp/bsp_uart.c.obj
START GROUP
LOAD h:/tools/gcc-arm-none/bin/../lib/gcc/arm-none-eabi/10.3.1/thumb/v7e-m+fp/hard\libgcc.a
LOAD h:/tools/gcc-arm-none/bin/../lib/gcc/arm-none-eabi/10.3.1/../../../../arm-none-eabi/lib/thumb/v7e-m+fp/hard\libg.a
LOAD h:/tools/gcc-arm-none/bin/../lib/gcc/arm-none-eabi/10.3.1/../../../../arm-none-eabi/lib/thumb/v7e-m+fp/hard\libc.a
END GROUP
LOAD h:/tools/gcc-arm-none/bin/../lib/gcc/arm-none-eabi/10.3.1/thumb/v7e-m+fp/hard/crtend.o
LOAD h:/tools/gcc-arm-none/bin/../lib/gcc/arm-none-eabi/10.3.1/thumb/v7e-m+fp/hard/crtn.o
                0x20003000                _estack = (ORIGIN (RAM) + LENGTH (RAM))
                0x00000200                _Min_Heap_Size = 0x200
                0x00000400                _Min_Stack_Size = 0x400

.isr_vector     0x08000000      0x188
                0x08000000                . = ALIGN (0x4)
 *(.isr_vector)
 .isr_vector    0x08000000      0x188 CMakeFiles/SuperCAP.elf.dir/Core/Startup/startup_stm32f334c8tx.s.obj
                0x08000000                g_pfnVectors
                0x08000188                . = ALIGN (0x4)

.text           0x080001c0     0xc6ec
                0x080001c0                . = ALIGN (0x4)
 *(.text)
 .text          0x080001c0       0x40 h:/tools/gcc-arm-none/bin/../lib/gcc/arm-none-eabi/10.3.1/thumb/v7e-m+fp/hard/crtbegin.o
 .text          0x08000200      0x378 h:/tools/gcc-arm-none/bin/../lib/gcc/arm-none-eabi/10.3.1/thumb/v7e-m+fp/hard\libgcc.a(_arm_addsubdf3.o)
                0x08000200                __aeabi_drsub
                0x08000208                __aeabi_dsub
                0x08000208                __subdf3
                0x0800020c                __aeabi_dadd
                0x0800020c                __adddf3
                0x08000484                __floatunsidf
                0x08000484                __aeabi_ui2d
                0x080004a4                __floatsidf
                0x080004a4                __aeabi_i2d
                0x080004c8                __aeabi_f2d
                0x080004c8                __extendsfdf2
                0x0800050c                __floatundidf
                0x0800050c                __aeabi_ul2d
                0x0800051c                __floatdidf
                0x0800051c                __aeabi_l2d
 *fill*         0x08000578        0x8 
 .text          0x08000580       0xdc h:/tools/gcc-arm-none/bin/../lib/gcc/arm-none-eabi/10.3.1/../../../../arm-none-eabi/lib/thumb/v7e-m+fp/hard\libg.a(lib_a-strlen.o)
                0x08000580                strlen
 *fill*         0x0800065c        0x4 
 .text          0x08000660       0xa0 h:/tools/gcc-arm-none/bin/../lib/gcc/arm-none-eabi/10.3.1/../../../../arm-none-eabi/lib/thumb/v7e-m+fp/hard\libg.a(lib_a-memchr.o)
                0x08000660                memchr
 .text          0x08000700      0x134 h:/tools/gcc-arm-none/bin/../lib/gcc/arm-none-eabi/10.3.1/../../../../arm-none-eabi/lib/thumb/v7e-m+fp/hard\libg.a(lib_a-memcpy.o)
                0x08000700                memcpy
 .text          0x08000834      0x424 h:/tools/gcc-arm-none/bin/../lib/gcc/arm-none-eabi/10.3.1/thumb/v7e-m+fp/hard\libgcc.a(_arm_muldivdf3.o)
                0x08000834                __aeabi_dmul
                0x08000834                __muldf3
                0x08000a88                __divdf3
                0x08000a88                __aeabi_ddiv
 .text          0x08000c58      0x110 h:/tools/gcc-arm-none/bin/../lib/gcc/arm-none-eabi/10.3.1/thumb/v7e-m+fp/hard\libgcc.a(_arm_cmpdf2.o)
                0x08000c58                __gtdf2
                0x08000c58                __gedf2
                0x08000c60                __ltdf2
                0x08000c60                __ledf2
                0x08000c68                __nedf2
                0x08000c68                __eqdf2
                0x08000c68                __cmpdf2
                0x08000ce4                __aeabi_cdrcmple
                0x08000cf4                __aeabi_cdcmpeq
                0x08000cf4                __aeabi_cdcmple
                0x08000d04                __aeabi_dcmpeq
                0x08000d18                __aeabi_dcmplt
                0x08000d2c                __aeabi_dcmple
                0x08000d40                __aeabi_dcmpge
                0x08000d54                __aeabi_dcmpgt
 .text          0x08000d68       0x2c h:/tools/gcc-arm-none/bin/../lib/gcc/arm-none-eabi/10.3.1/thumb/v7e-m+fp/hard\libgcc.a(_arm_unorddf2.o)
                0x08000d68                __unorddf2
                0x08000d68                __aeabi_dcmpun
 .text          0x08000d94       0x50 h:/tools/gcc-arm-none/bin/../lib/gcc/arm-none-eabi/10.3.1/thumb/v7e-m+fp/hard\libgcc.a(_arm_fixdfsi.o)
                0x08000d94                __aeabi_d2iz
                0x08000d94                __fixdfsi
 .text          0x08000de4       0x30 h:/tools/gcc-arm-none/bin/../lib/gcc/arm-none-eabi/10.3.1/thumb/v7e-m+fp/hard\libgcc.a(_aeabi_uldivmod.o)
                0x08000de4                __aeabi_uldivmod
 .text          0x08000e14      0x2d0 h:/tools/gcc-arm-none/bin/../lib/gcc/arm-none-eabi/10.3.1/thumb/v7e-m+fp/hard\libgcc.a(_udivmoddi4.o)
                0x08000e14                __udivmoddi4
 .text          0x080010e4        0x4 h:/tools/gcc-arm-none/bin/../lib/gcc/arm-none-eabi/10.3.1/thumb/v7e-m+fp/hard\libgcc.a(_dvmd_tls.o)
                0x080010e4                __aeabi_idiv0
                0x080010e4                __aeabi_ldiv0
 *(.text*)
 .text.MX_ADC1_Init
                0x080010e8       0xbc CMakeFiles/SuperCAP.elf.dir/Core/Src/adc.c.obj
                0x080010e8                MX_ADC1_Init
 .text.MX_ADC2_Init
                0x080011a4       0x94 CMakeFiles/SuperCAP.elf.dir/Core/Src/adc.c.obj
                0x080011a4                MX_ADC2_Init
 .text.HAL_ADC_MspInit
                0x08001238      0x148 CMakeFiles/SuperCAP.elf.dir/Core/Src/adc.c.obj
                0x08001238                HAL_ADC_MspInit
 .text.MX_CAN_Init
                0x08001380       0x40 CMakeFiles/SuperCAP.elf.dir/Core/Src/can.c.obj
                0x08001380                MX_CAN_Init
 .text.HAL_CAN_MspInit
                0x080013c0       0x7c CMakeFiles/SuperCAP.elf.dir/Core/Src/can.c.obj
                0x080013c0                HAL_CAN_MspInit
 .text.MX_DMA_Init
                0x0800143c       0x44 CMakeFiles/SuperCAP.elf.dir/Core/Src/dma.c.obj
                0x0800143c                MX_DMA_Init
 .text.MX_GPIO_Init
                0x08001480       0x54 CMakeFiles/SuperCAP.elf.dir/Core/Src/gpio.c.obj
                0x08001480                MX_GPIO_Init
 .text.HAL_HRTIM_MspInit
                0x080014d4       0x2c CMakeFiles/SuperCAP.elf.dir/Core/Src/hrtim.c.obj
                0x080014d4                HAL_HRTIM_MspInit
 .text.HAL_HRTIM_MspPostInit
                0x08001500       0x58 CMakeFiles/SuperCAP.elf.dir/Core/Src/hrtim.c.obj
                0x08001500                HAL_HRTIM_MspPostInit
 .text.MX_HRTIM1_Init
                0x08001558      0x280 CMakeFiles/SuperCAP.elf.dir/Core/Src/hrtim.c.obj
                0x08001558                MX_HRTIM1_Init
 .text.Error_Handler
                0x080017d8        0x4 CMakeFiles/SuperCAP.elf.dir/Core/Src/main.c.obj
                0x080017d8                Error_Handler
 .text.SystemClock_Config
                0x080017dc       0x9e CMakeFiles/SuperCAP.elf.dir/Core/Src/main.c.obj
                0x080017dc                SystemClock_Config
 *fill*         0x0800187a        0x2 
 .text.HAL_MspInit
                0x0800187c       0x30 CMakeFiles/SuperCAP.elf.dir/Core/Src/stm32f3xx_hal_msp.c.obj
                0x0800187c                HAL_MspInit
 .text.NMI_Handler
                0x080018ac        0x8 CMakeFiles/SuperCAP.elf.dir/Core/Src/stm32f3xx_it.c.obj
                0x080018ac                NMI_Handler
 .text.HardFault_Handler
                0x080018b4        0x2 CMakeFiles/SuperCAP.elf.dir/Core/Src/stm32f3xx_it.c.obj
                0x080018b4                HardFault_Handler
 .text.MemManage_Handler
                0x080018b6        0x2 CMakeFiles/SuperCAP.elf.dir/Core/Src/stm32f3xx_it.c.obj
                0x080018b6                MemManage_Handler
 .text.BusFault_Handler
                0x080018b8        0x2 CMakeFiles/SuperCAP.elf.dir/Core/Src/stm32f3xx_it.c.obj
                0x080018b8                BusFault_Handler
 .text.UsageFault_Handler
                0x080018ba        0x2 CMakeFiles/SuperCAP.elf.dir/Core/Src/stm32f3xx_it.c.obj
                0x080018ba                UsageFault_Handler
 .text.SVC_Handler
                0x080018bc        0x2 CMakeFiles/SuperCAP.elf.dir/Core/Src/stm32f3xx_it.c.obj
                0x080018bc                SVC_Handler
 .text.DebugMon_Handler
                0x080018be        0x2 CMakeFiles/SuperCAP.elf.dir/Core/Src/stm32f3xx_it.c.obj
                0x080018be                DebugMon_Handler
 .text.PendSV_Handler
                0x080018c0        0x2 CMakeFiles/SuperCAP.elf.dir/Core/Src/stm32f3xx_it.c.obj
                0x080018c0                PendSV_Handler
 .text.SysTick_Handler
                0x080018c2        0x8 CMakeFiles/SuperCAP.elf.dir/Core/Src/stm32f3xx_it.c.obj
                0x080018c2                SysTick_Handler
 *fill*         0x080018ca        0x2 
 .text.DMA1_Channel1_IRQHandler
                0x080018cc       0x10 CMakeFiles/SuperCAP.elf.dir/Core/Src/stm32f3xx_it.c.obj
                0x080018cc                DMA1_Channel1_IRQHandler
 .text.DMA1_Channel2_IRQHandler
                0x080018dc       0x10 CMakeFiles/SuperCAP.elf.dir/Core/Src/stm32f3xx_it.c.obj
                0x080018dc                DMA1_Channel2_IRQHandler
 .text.CAN_RX0_IRQHandler
                0x080018ec       0x10 CMakeFiles/SuperCAP.elf.dir/Core/Src/stm32f3xx_it.c.obj
                0x080018ec                CAN_RX0_IRQHandler
 .text.TIM6_DAC1_IRQHandler
                0x080018fc       0x10 CMakeFiles/SuperCAP.elf.dir/Core/Src/stm32f3xx_it.c.obj
                0x080018fc                TIM6_DAC1_IRQHandler
 .text._getpid  0x0800190c        0x4 CMakeFiles/SuperCAP.elf.dir/Core/Src/syscalls.c.obj
                0x0800190c                _getpid
 .text._kill    0x08001910       0x10 CMakeFiles/SuperCAP.elf.dir/Core/Src/syscalls.c.obj
                0x08001910                _kill
 .text._exit    0x08001920        0xc CMakeFiles/SuperCAP.elf.dir/Core/Src/syscalls.c.obj
                0x08001920                _exit
 .text._read    0x0800192c       0x20 CMakeFiles/SuperCAP.elf.dir/Core/Src/syscalls.c.obj
                0x0800192c                _read
 .text._write   0x0800194c       0x1c CMakeFiles/SuperCAP.elf.dir/Core/Src/syscalls.c.obj
                0x0800194c                _write
 .text._close   0x08001968        0x6 CMakeFiles/SuperCAP.elf.dir/Core/Src/syscalls.c.obj
                0x08001968                _close
 .text._fstat   0x0800196e        0xa CMakeFiles/SuperCAP.elf.dir/Core/Src/syscalls.c.obj
                0x0800196e                _fstat
 .text._isatty  0x08001978        0x4 CMakeFiles/SuperCAP.elf.dir/Core/Src/syscalls.c.obj
                0x08001978                _isatty
 .text._lseek   0x0800197c        0x4 CMakeFiles/SuperCAP.elf.dir/Core/Src/syscalls.c.obj
                0x0800197c                _lseek
 .text._sbrk    0x08001980       0x48 CMakeFiles/SuperCAP.elf.dir/Core/Src/sysmem.c.obj
                0x08001980                _sbrk
 .text.SystemInit
                0x080019c8       0x14 CMakeFiles/SuperCAP.elf.dir/Core/Src/system_stm32f3xx.c.obj
                0x080019c8                SystemInit
 .text.MX_TIM6_Init
                0x080019dc       0x50 CMakeFiles/SuperCAP.elf.dir/Core/Src/tim.c.obj
                0x080019dc                MX_TIM6_Init
 .text.HAL_TIM_Base_MspInit
                0x08001a2c       0x60 CMakeFiles/SuperCAP.elf.dir/Core/Src/tim.c.obj
                0x08001a2c                HAL_TIM_Base_MspInit
 .text.HAL_TIM_PWM_MspInit
                0x08001a8c       0x4c CMakeFiles/SuperCAP.elf.dir/Core/Src/tim.c.obj
                0x08001a8c                HAL_TIM_PWM_MspInit
 .text.HAL_TIM_MspPostInit
                0x08001ad8       0xc0 CMakeFiles/SuperCAP.elf.dir/Core/Src/tim.c.obj
                0x08001ad8                HAL_TIM_MspPostInit
 .text.MX_TIM1_Init
                0x08001b98       0xf8 CMakeFiles/SuperCAP.elf.dir/Core/Src/tim.c.obj
                0x08001b98                MX_TIM1_Init
 .text.MX_TIM2_Init
                0x08001c90       0x80 CMakeFiles/SuperCAP.elf.dir/Core/Src/tim.c.obj
                0x08001c90                MX_TIM2_Init
 .text.MX_TIM3_Init
                0x08001d10       0x94 CMakeFiles/SuperCAP.elf.dir/Core/Src/tim.c.obj
                0x08001d10                MX_TIM3_Init
 .text.MX_USART2_UART_Init
                0x08001da4       0x38 CMakeFiles/SuperCAP.elf.dir/Core/Src/usart.c.obj
                0x08001da4                MX_USART2_UART_Init
 .text.MX_USART3_UART_Init
                0x08001ddc       0x38 CMakeFiles/SuperCAP.elf.dir/Core/Src/usart.c.obj
                0x08001ddc                MX_USART3_UART_Init
 .text.HAL_UART_MspInit
                0x08001e14       0xdc CMakeFiles/SuperCAP.elf.dir/Core/Src/usart.c.obj
                0x08001e14                HAL_UART_MspInit
 .text.Reset_Handler
                0x08001ef0       0x50 CMakeFiles/SuperCAP.elf.dir/Core/Startup/startup_stm32f334c8tx.s.obj
                0x08001ef0                Reset_Handler
 .text.Default_Handler
                0x08001f40        0x2 CMakeFiles/SuperCAP.elf.dir/Core/Startup/startup_stm32f334c8tx.s.obj
                0x08001f40                RTC_Alarm_IRQHandler
                0x08001f40                HRTIM1_Master_IRQHandler
                0x08001f40                TIM1_CC_IRQHandler
                0x08001f40                HRTIM1_FLT_IRQHandler
                0x08001f40                PVD_IRQHandler
                0x08001f40                HRTIM1_TIMD_IRQHandler
                0x08001f40                TAMP_STAMP_IRQHandler
                0x08001f40                EXTI3_IRQHandler
                0x08001f40                EXTI0_IRQHandler
                0x08001f40                FPU_IRQHandler
                0x08001f40                CAN_TX_IRQHandler
                0x08001f40                TIM1_UP_TIM16_IRQHandler
                0x08001f40                ADC1_2_IRQHandler
                0x08001f40                HRTIM1_TIME_IRQHandler
                0x08001f40                SPI1_IRQHandler
                0x08001f40                CAN_SCE_IRQHandler
                0x08001f40                HRTIM1_TIMC_IRQHandler
                0x08001f40                DMA1_Channel4_IRQHandler
                0x08001f40                USART3_IRQHandler
                0x08001f40                DMA1_Channel7_IRQHandler
                0x08001f40                TIM7_DAC2_IRQHandler
                0x08001f40                CAN_RX1_IRQHandler
                0x08001f40                I2C1_EV_IRQHandler
                0x08001f40                DMA1_Channel6_IRQHandler
                0x08001f40                TIM3_IRQHandler
                0x08001f40                RCC_IRQHandler
                0x08001f40                Default_Handler
                0x08001f40                EXTI15_10_IRQHandler
                0x08001f40                COMP2_IRQHandler
                0x08001f40                HRTIM1_TIMA_IRQHandler
                0x08001f40                EXTI9_5_IRQHandler
                0x08001f40                RTC_WKUP_IRQHandler
                0x08001f40                DMA1_Channel5_IRQHandler
                0x08001f40                EXTI4_IRQHandler
                0x08001f40                HRTIM1_TIMB_IRQHandler
                0x08001f40                TIM1_TRG_COM_TIM17_IRQHandler
                0x08001f40                DMA1_Channel3_IRQHandler
                0x08001f40                WWDG_IRQHandler
                0x08001f40                TIM2_IRQHandler
                0x08001f40                EXTI1_IRQHandler
                0x08001f40                COMP4_6_IRQHandler
                0x08001f40                USART2_IRQHandler
                0x08001f40                FLASH_IRQHandler
                0x08001f40                USART1_IRQHandler
                0x08001f40                I2C1_ER_IRQHandler
                0x08001f40                EXTI2_TSC_IRQHandler
                0x08001f40                TIM1_BRK_TIM15_IRQHandler
 *fill*         0x08001f42        0x2 
 .text.HAL_InitTick
                0x08001f44       0x4c CMakeFiles/SuperCAP.elf.dir/Drivers/STM32F3xx_HAL_Driver/Src/stm32f3xx_hal.c.obj
                0x08001f44                HAL_InitTick
 .text.HAL_Init
                0x08001f90       0x24 CMakeFiles/SuperCAP.elf.dir/Drivers/STM32F3xx_HAL_Driver/Src/stm32f3xx_hal.c.obj
                0x08001f90                HAL_Init
 .text.HAL_IncTick
                0x08001fb4       0x18 CMakeFiles/SuperCAP.elf.dir/Drivers/STM32F3xx_HAL_Driver/Src/stm32f3xx_hal.c.obj
                0x08001fb4                HAL_IncTick
 .text.HAL_GetTick
                0x08001fcc        0xc CMakeFiles/SuperCAP.elf.dir/Drivers/STM32F3xx_HAL_Driver/Src/stm32f3xx_hal.c.obj
                0x08001fcc                HAL_GetTick
 .text.HAL_Delay
                0x08001fd8       0x28 CMakeFiles/SuperCAP.elf.dir/Drivers/STM32F3xx_HAL_Driver/Src/stm32f3xx_hal.c.obj
                0x08001fd8                HAL_Delay
 .text.HAL_ADC_ConvCpltCallback
                0x08002000        0x2 CMakeFiles/SuperCAP.elf.dir/Drivers/STM32F3xx_HAL_Driver/Src/stm32f3xx_hal_adc.c.obj
                0x08002000                HAL_ADC_ConvCpltCallback
 .text.HAL_ADC_ConvHalfCpltCallback
                0x08002002        0x2 CMakeFiles/SuperCAP.elf.dir/Drivers/STM32F3xx_HAL_Driver/Src/stm32f3xx_hal_adc.c.obj
                0x08002002                HAL_ADC_ConvHalfCpltCallback
 .text.HAL_ADC_ErrorCallback
                0x08002004        0x2 CMakeFiles/SuperCAP.elf.dir/Drivers/STM32F3xx_HAL_Driver/Src/stm32f3xx_hal_adc.c.obj
                0x08002004                HAL_ADC_ErrorCallback
 .text.ADC_Disable
                0x08002006       0x88 CMakeFiles/SuperCAP.elf.dir/Drivers/STM32F3xx_HAL_Driver/Src/stm32f3xx_hal_adc_ex.c.obj
 *fill*         0x0800208e        0x2 
 .text.ADC_Enable
                0x08002090       0x80 CMakeFiles/SuperCAP.elf.dir/Drivers/STM32F3xx_HAL_Driver/Src/stm32f3xx_hal_adc_ex.c.obj
 .text.ADC_DMAError
                0x08002110       0x1a CMakeFiles/SuperCAP.elf.dir/Drivers/STM32F3xx_HAL_Driver/Src/stm32f3xx_hal_adc_ex.c.obj
 .text.ADC_DMAHalfConvCplt
                0x0800212a        0xa CMakeFiles/SuperCAP.elf.dir/Drivers/STM32F3xx_HAL_Driver/Src/stm32f3xx_hal_adc_ex.c.obj
 .text.ADC_DMAConvCplt
                0x08002134       0x4a CMakeFiles/SuperCAP.elf.dir/Drivers/STM32F3xx_HAL_Driver/Src/stm32f3xx_hal_adc_ex.c.obj
 *fill*         0x0800217e        0x2 
 .text.HAL_ADC_Init
                0x08002180      0x214 CMakeFiles/SuperCAP.elf.dir/Drivers/STM32F3xx_HAL_Driver/Src/stm32f3xx_hal_adc_ex.c.obj
                0x08002180                HAL_ADC_Init
 .text.HAL_ADC_Start_DMA
                0x08002394      0x134 CMakeFiles/SuperCAP.elf.dir/Drivers/STM32F3xx_HAL_Driver/Src/stm32f3xx_hal_adc_ex.c.obj
                0x08002394                HAL_ADC_Start_DMA
 .text.HAL_ADCEx_Calibration_Start
                0x080024c8       0x96 CMakeFiles/SuperCAP.elf.dir/Drivers/STM32F3xx_HAL_Driver/Src/stm32f3xx_hal_adc_ex.c.obj
                0x080024c8                HAL_ADCEx_Calibration_Start
 *fill*         0x0800255e        0x2 
 .text.HAL_ADC_ConfigChannel
                0x08002560      0x384 CMakeFiles/SuperCAP.elf.dir/Drivers/STM32F3xx_HAL_Driver/Src/stm32f3xx_hal_adc_ex.c.obj
                0x08002560                HAL_ADC_ConfigChannel
 .text.HAL_ADCEx_MultiModeConfigChannel
                0x080028e4      0x118 CMakeFiles/SuperCAP.elf.dir/Drivers/STM32F3xx_HAL_Driver/Src/stm32f3xx_hal_adc_ex.c.obj
                0x080028e4                HAL_ADCEx_MultiModeConfigChannel
 .text.HAL_CAN_Init
                0x080029fc      0x14c CMakeFiles/SuperCAP.elf.dir/Drivers/STM32F3xx_HAL_Driver/Src/stm32f3xx_hal_can.c.obj
                0x080029fc                HAL_CAN_Init
 .text.HAL_CAN_ConfigFilter
                0x08002b48      0x106 CMakeFiles/SuperCAP.elf.dir/Drivers/STM32F3xx_HAL_Driver/Src/stm32f3xx_hal_can.c.obj
                0x08002b48                HAL_CAN_ConfigFilter
 .text.HAL_CAN_Start
                0x08002c4e       0x5c CMakeFiles/SuperCAP.elf.dir/Drivers/STM32F3xx_HAL_Driver/Src/stm32f3xx_hal_can.c.obj
                0x08002c4e                HAL_CAN_Start
 .text.HAL_CAN_AddTxMessage
                0x08002caa       0xfc CMakeFiles/SuperCAP.elf.dir/Drivers/STM32F3xx_HAL_Driver/Src/stm32f3xx_hal_can.c.obj
                0x08002caa                HAL_CAN_AddTxMessage
 .text.HAL_CAN_GetRxMessage
                0x08002da6      0x14a CMakeFiles/SuperCAP.elf.dir/Drivers/STM32F3xx_HAL_Driver/Src/stm32f3xx_hal_can.c.obj
                0x08002da6                HAL_CAN_GetRxMessage
 .text.HAL_CAN_ActivateNotification
                0x08002ef0       0x24 CMakeFiles/SuperCAP.elf.dir/Drivers/STM32F3xx_HAL_Driver/Src/stm32f3xx_hal_can.c.obj
                0x08002ef0                HAL_CAN_ActivateNotification
 .text.HAL_CAN_TxMailbox0CompleteCallback
                0x08002f14        0x2 CMakeFiles/SuperCAP.elf.dir/Drivers/STM32F3xx_HAL_Driver/Src/stm32f3xx_hal_can.c.obj
                0x08002f14                HAL_CAN_TxMailbox0CompleteCallback
 .text.HAL_CAN_TxMailbox1CompleteCallback
                0x08002f16        0x2 CMakeFiles/SuperCAP.elf.dir/Drivers/STM32F3xx_HAL_Driver/Src/stm32f3xx_hal_can.c.obj
                0x08002f16                HAL_CAN_TxMailbox1CompleteCallback
 .text.HAL_CAN_TxMailbox2CompleteCallback
                0x08002f18        0x2 CMakeFiles/SuperCAP.elf.dir/Drivers/STM32F3xx_HAL_Driver/Src/stm32f3xx_hal_can.c.obj
                0x08002f18                HAL_CAN_TxMailbox2CompleteCallback
 .text.HAL_CAN_TxMailbox0AbortCallback
                0x08002f1a        0x2 CMakeFiles/SuperCAP.elf.dir/Drivers/STM32F3xx_HAL_Driver/Src/stm32f3xx_hal_can.c.obj
                0x08002f1a                HAL_CAN_TxMailbox0AbortCallback
 .text.HAL_CAN_TxMailbox1AbortCallback
                0x08002f1c        0x2 CMakeFiles/SuperCAP.elf.dir/Drivers/STM32F3xx_HAL_Driver/Src/stm32f3xx_hal_can.c.obj
                0x08002f1c                HAL_CAN_TxMailbox1AbortCallback
 .text.HAL_CAN_TxMailbox2AbortCallback
                0x08002f1e        0x2 CMakeFiles/SuperCAP.elf.dir/Drivers/STM32F3xx_HAL_Driver/Src/stm32f3xx_hal_can.c.obj
                0x08002f1e                HAL_CAN_TxMailbox2AbortCallback
 .text.HAL_CAN_RxFifo0FullCallback
                0x08002f20        0x2 CMakeFiles/SuperCAP.elf.dir/Drivers/STM32F3xx_HAL_Driver/Src/stm32f3xx_hal_can.c.obj
                0x08002f20                HAL_CAN_RxFifo0FullCallback
 .text.HAL_CAN_RxFifo1MsgPendingCallback
                0x08002f22        0x2 CMakeFiles/SuperCAP.elf.dir/Drivers/STM32F3xx_HAL_Driver/Src/stm32f3xx_hal_can.c.obj
                0x08002f22                HAL_CAN_RxFifo1MsgPendingCallback
 .text.HAL_CAN_RxFifo1FullCallback
                0x08002f24        0x2 CMakeFiles/SuperCAP.elf.dir/Drivers/STM32F3xx_HAL_Driver/Src/stm32f3xx_hal_can.c.obj
                0x08002f24                HAL_CAN_RxFifo1FullCallback
 .text.HAL_CAN_SleepCallback
                0x08002f26        0x2 CMakeFiles/SuperCAP.elf.dir/Drivers/STM32F3xx_HAL_Driver/Src/stm32f3xx_hal_can.c.obj
                0x08002f26                HAL_CAN_SleepCallback
 .text.HAL_CAN_WakeUpFromRxMsgCallback
                0x08002f28        0x2 CMakeFiles/SuperCAP.elf.dir/Drivers/STM32F3xx_HAL_Driver/Src/stm32f3xx_hal_can.c.obj
                0x08002f28                HAL_CAN_WakeUpFromRxMsgCallback
 .text.HAL_CAN_ErrorCallback
                0x08002f2a        0x2 CMakeFiles/SuperCAP.elf.dir/Drivers/STM32F3xx_HAL_Driver/Src/stm32f3xx_hal_can.c.obj
                0x08002f2a                HAL_CAN_ErrorCallback
 .text.HAL_CAN_IRQHandler
                0x08002f2c      0x24a CMakeFiles/SuperCAP.elf.dir/Drivers/STM32F3xx_HAL_Driver/Src/stm32f3xx_hal_can.c.obj
                0x08002f2c                HAL_CAN_IRQHandler
 *fill*         0x08003176        0x2 
 .text.HAL_NVIC_SetPriorityGrouping
                0x08003178       0x24 CMakeFiles/SuperCAP.elf.dir/Drivers/STM32F3xx_HAL_Driver/Src/stm32f3xx_hal_cortex.c.obj
                0x08003178                HAL_NVIC_SetPriorityGrouping
 .text.HAL_NVIC_SetPriority
                0x0800319c       0x70 CMakeFiles/SuperCAP.elf.dir/Drivers/STM32F3xx_HAL_Driver/Src/stm32f3xx_hal_cortex.c.obj
                0x0800319c                HAL_NVIC_SetPriority
 .text.HAL_NVIC_EnableIRQ
                0x0800320c       0x1c CMakeFiles/SuperCAP.elf.dir/Drivers/STM32F3xx_HAL_Driver/Src/stm32f3xx_hal_cortex.c.obj
                0x0800320c                HAL_NVIC_EnableIRQ
 .text.HAL_SYSTICK_Config
                0x08003228       0x28 CMakeFiles/SuperCAP.elf.dir/Drivers/STM32F3xx_HAL_Driver/Src/stm32f3xx_hal_cortex.c.obj
                0x08003228                HAL_SYSTICK_Config
 .text.DMA_SetConfig
                0x08003250       0x2c CMakeFiles/SuperCAP.elf.dir/Drivers/STM32F3xx_HAL_Driver/Src/stm32f3xx_hal_dma.c.obj
 .text.DMA_CalcBaseAndBitshift
                0x0800327c       0x24 CMakeFiles/SuperCAP.elf.dir/Drivers/STM32F3xx_HAL_Driver/Src/stm32f3xx_hal_dma.c.obj
 .text.HAL_DMA_Init
                0x080032a0       0x50 CMakeFiles/SuperCAP.elf.dir/Drivers/STM32F3xx_HAL_Driver/Src/stm32f3xx_hal_dma.c.obj
                0x080032a0                HAL_DMA_Init
 .text.HAL_DMA_Start_IT
                0x080032f0       0x74 CMakeFiles/SuperCAP.elf.dir/Drivers/STM32F3xx_HAL_Driver/Src/stm32f3xx_hal_dma.c.obj
                0x080032f0                HAL_DMA_Start_IT
 .text.HAL_DMA_IRQHandler
                0x08003364       0xb4 CMakeFiles/SuperCAP.elf.dir/Drivers/STM32F3xx_HAL_Driver/Src/stm32f3xx_hal_dma.c.obj
                0x08003364                HAL_DMA_IRQHandler
 .text.HAL_GPIO_Init
                0x08003418      0x1bc CMakeFiles/SuperCAP.elf.dir/Drivers/STM32F3xx_HAL_Driver/Src/stm32f3xx_hal_gpio.c.obj
                0x08003418                HAL_GPIO_Init
 .text.HRTIM_MasterBase_Config
                0x080035d4       0x2a CMakeFiles/SuperCAP.elf.dir/Drivers/STM32F3xx_HAL_Driver/Src/stm32f3xx_hal_hrtim.c.obj
 .text.HRTIM_TimingUnitBase_Config
                0x080035fe       0x40 CMakeFiles/SuperCAP.elf.dir/Drivers/STM32F3xx_HAL_Driver/Src/stm32f3xx_hal_hrtim.c.obj
 .text.HRTIM_MasterWaveform_Config
                0x0800363e       0x58 CMakeFiles/SuperCAP.elf.dir/Drivers/STM32F3xx_HAL_Driver/Src/stm32f3xx_hal_hrtim.c.obj
 .text.HRTIM_TimingUnitWaveform_Config
                0x08003696      0x14e CMakeFiles/SuperCAP.elf.dir/Drivers/STM32F3xx_HAL_Driver/Src/stm32f3xx_hal_hrtim.c.obj
 .text.HRTIM_OutputConfig
                0x080037e4       0xf0 CMakeFiles/SuperCAP.elf.dir/Drivers/STM32F3xx_HAL_Driver/Src/stm32f3xx_hal_hrtim.c.obj
 .text.HRTIM_ForceRegistersUpdate
                0x080038d4       0x6e CMakeFiles/SuperCAP.elf.dir/Drivers/STM32F3xx_HAL_Driver/Src/stm32f3xx_hal_hrtim.c.obj
 *fill*         0x08003942        0x2 
 .text.HAL_HRTIM_Init
                0x08003944       0xd4 CMakeFiles/SuperCAP.elf.dir/Drivers/STM32F3xx_HAL_Driver/Src/stm32f3xx_hal_hrtim.c.obj
                0x08003944                HAL_HRTIM_Init
 .text.HAL_HRTIM_DLLCalibrationStart
                0x08003a18       0x72 CMakeFiles/SuperCAP.elf.dir/Drivers/STM32F3xx_HAL_Driver/Src/stm32f3xx_hal_hrtim.c.obj
                0x08003a18                HAL_HRTIM_DLLCalibrationStart
 .text.HAL_HRTIM_PollForDLLCalibration
                0x08003a8a       0x44 CMakeFiles/SuperCAP.elf.dir/Drivers/STM32F3xx_HAL_Driver/Src/stm32f3xx_hal_hrtim.c.obj
                0x08003a8a                HAL_HRTIM_PollForDLLCalibration
 .text.HAL_HRTIM_TimeBaseConfig
                0x08003ace       0x32 CMakeFiles/SuperCAP.elf.dir/Drivers/STM32F3xx_HAL_Driver/Src/stm32f3xx_hal_hrtim.c.obj
                0x08003ace                HAL_HRTIM_TimeBaseConfig
 .text.HAL_HRTIM_WaveformTimerConfig
                0x08003b00       0x70 CMakeFiles/SuperCAP.elf.dir/Drivers/STM32F3xx_HAL_Driver/Src/stm32f3xx_hal_hrtim.c.obj
                0x08003b00                HAL_HRTIM_WaveformTimerConfig
 .text.HAL_HRTIM_DeadTimeConfig
                0x08003b70       0xa8 CMakeFiles/SuperCAP.elf.dir/Drivers/STM32F3xx_HAL_Driver/Src/stm32f3xx_hal_hrtim.c.obj
                0x08003b70                HAL_HRTIM_DeadTimeConfig
 .text.HAL_HRTIM_WaveformCompareConfig
                0x08003c18      0x1c2 CMakeFiles/SuperCAP.elf.dir/Drivers/STM32F3xx_HAL_Driver/Src/stm32f3xx_hal_hrtim.c.obj
                0x08003c18                HAL_HRTIM_WaveformCompareConfig
 .text.HAL_HRTIM_WaveformOutputConfig
                0x08003dda       0x38 CMakeFiles/SuperCAP.elf.dir/Drivers/STM32F3xx_HAL_Driver/Src/stm32f3xx_hal_hrtim.c.obj
                0x08003dda                HAL_HRTIM_WaveformOutputConfig
 .text.HAL_HRTIM_WaveformOutputStart
                0x08003e12       0x38 CMakeFiles/SuperCAP.elf.dir/Drivers/STM32F3xx_HAL_Driver/Src/stm32f3xx_hal_hrtim.c.obj
                0x08003e12                HAL_HRTIM_WaveformOutputStart
 .text.HAL_HRTIM_WaveformCountStart
                0x08003e4a       0x34 CMakeFiles/SuperCAP.elf.dir/Drivers/STM32F3xx_HAL_Driver/Src/stm32f3xx_hal_hrtim.c.obj
                0x08003e4a                HAL_HRTIM_WaveformCountStart
 *fill*         0x08003e7e        0x2 
 .text.HAL_RCC_OscConfig
                0x08003e80      0x634 CMakeFiles/SuperCAP.elf.dir/Drivers/STM32F3xx_HAL_Driver/Src/stm32f3xx_hal_rcc.c.obj
                0x08003e80                HAL_RCC_OscConfig
 .text.HAL_RCC_EnableCSS
                0x080044b4       0x1c CMakeFiles/SuperCAP.elf.dir/Drivers/STM32F3xx_HAL_Driver/Src/stm32f3xx_hal_rcc.c.obj
                0x080044b4                HAL_RCC_EnableCSS
 .text.HAL_RCC_GetSysClockFreq
                0x080044d0       0x7c CMakeFiles/SuperCAP.elf.dir/Drivers/STM32F3xx_HAL_Driver/Src/stm32f3xx_hal_rcc.c.obj
                0x080044d0                HAL_RCC_GetSysClockFreq
 .text.HAL_RCC_ClockConfig
                0x0800454c      0x1a8 CMakeFiles/SuperCAP.elf.dir/Drivers/STM32F3xx_HAL_Driver/Src/stm32f3xx_hal_rcc.c.obj
                0x0800454c                HAL_RCC_ClockConfig
 .text.HAL_RCC_GetHCLKFreq
                0x080046f4        0xc CMakeFiles/SuperCAP.elf.dir/Drivers/STM32F3xx_HAL_Driver/Src/stm32f3xx_hal_rcc.c.obj
                0x080046f4                HAL_RCC_GetHCLKFreq
 .text.HAL_RCC_GetPCLK1Freq
                0x08004700       0x2c CMakeFiles/SuperCAP.elf.dir/Drivers/STM32F3xx_HAL_Driver/Src/stm32f3xx_hal_rcc.c.obj
                0x08004700                HAL_RCC_GetPCLK1Freq
 .text.HAL_RCC_GetPCLK2Freq
                0x0800472c       0x2c CMakeFiles/SuperCAP.elf.dir/Drivers/STM32F3xx_HAL_Driver/Src/stm32f3xx_hal_rcc.c.obj
                0x0800472c                HAL_RCC_GetPCLK2Freq
 .text.HAL_RCC_CSSCallback
                0x08004758        0x2 CMakeFiles/SuperCAP.elf.dir/Drivers/STM32F3xx_HAL_Driver/Src/stm32f3xx_hal_rcc.c.obj
                0x08004758                HAL_RCC_CSSCallback
 *fill*         0x0800475a        0x2 
 .text.HAL_RCC_NMI_IRQHandler
                0x0800475c       0x20 CMakeFiles/SuperCAP.elf.dir/Drivers/STM32F3xx_HAL_Driver/Src/stm32f3xx_hal_rcc.c.obj
                0x0800475c                HAL_RCC_NMI_IRQHandler
 .text.HAL_RCCEx_PeriphCLKConfig
                0x0800477c      0x1a4 CMakeFiles/SuperCAP.elf.dir/Drivers/STM32F3xx_HAL_Driver/Src/stm32f3xx_hal_rcc_ex.c.obj
                0x0800477c                HAL_RCCEx_PeriphCLKConfig
 .text.TIM_OC1_SetConfig
                0x08004920       0x90 CMakeFiles/SuperCAP.elf.dir/Drivers/STM32F3xx_HAL_Driver/Src/stm32f3xx_hal_tim.c.obj
 .text.TIM_OC3_SetConfig
                0x080049b0       0x7c CMakeFiles/SuperCAP.elf.dir/Drivers/STM32F3xx_HAL_Driver/Src/stm32f3xx_hal_tim.c.obj
 .text.TIM_OC4_SetConfig
                0x08004a2c       0x64 CMakeFiles/SuperCAP.elf.dir/Drivers/STM32F3xx_HAL_Driver/Src/stm32f3xx_hal_tim.c.obj
 .text.TIM_OC5_SetConfig
                0x08004a90       0x60 CMakeFiles/SuperCAP.elf.dir/Drivers/STM32F3xx_HAL_Driver/Src/stm32f3xx_hal_tim.c.obj
 .text.TIM_OC6_SetConfig
                0x08004af0       0x64 CMakeFiles/SuperCAP.elf.dir/Drivers/STM32F3xx_HAL_Driver/Src/stm32f3xx_hal_tim.c.obj
 .text.TIM_TI1_ConfigInputStage
                0x08004b54       0x26 CMakeFiles/SuperCAP.elf.dir/Drivers/STM32F3xx_HAL_Driver/Src/stm32f3xx_hal_tim.c.obj
 .text.TIM_TI2_ConfigInputStage
                0x08004b7a       0x28 CMakeFiles/SuperCAP.elf.dir/Drivers/STM32F3xx_HAL_Driver/Src/stm32f3xx_hal_tim.c.obj
 .text.TIM_ITRx_SetConfig
                0x08004ba2       0x10 CMakeFiles/SuperCAP.elf.dir/Drivers/STM32F3xx_HAL_Driver/Src/stm32f3xx_hal_tim.c.obj
 *fill*         0x08004bb2        0x2 
 .text.HAL_TIM_Base_Start_IT
                0x08004bb4       0x74 CMakeFiles/SuperCAP.elf.dir/Drivers/STM32F3xx_HAL_Driver/Src/stm32f3xx_hal_tim.c.obj
                0x08004bb4                HAL_TIM_Base_Start_IT
 .text.HAL_TIM_OC_DelayElapsedCallback
                0x08004c28        0x2 CMakeFiles/SuperCAP.elf.dir/Drivers/STM32F3xx_HAL_Driver/Src/stm32f3xx_hal_tim.c.obj
                0x08004c28                HAL_TIM_OC_DelayElapsedCallback
 .text.HAL_TIM_IC_CaptureCallback
                0x08004c2a        0x2 CMakeFiles/SuperCAP.elf.dir/Drivers/STM32F3xx_HAL_Driver/Src/stm32f3xx_hal_tim.c.obj
                0x08004c2a                HAL_TIM_IC_CaptureCallback
 .text.HAL_TIM_PWM_PulseFinishedCallback
                0x08004c2c        0x2 CMakeFiles/SuperCAP.elf.dir/Drivers/STM32F3xx_HAL_Driver/Src/stm32f3xx_hal_tim.c.obj
                0x08004c2c                HAL_TIM_PWM_PulseFinishedCallback
 .text.HAL_TIM_TriggerCallback
                0x08004c2e        0x2 CMakeFiles/SuperCAP.elf.dir/Drivers/STM32F3xx_HAL_Driver/Src/stm32f3xx_hal_tim.c.obj
                0x08004c2e                HAL_TIM_TriggerCallback
 .text.HAL_TIM_IRQHandler
                0x08004c30      0x19a CMakeFiles/SuperCAP.elf.dir/Drivers/STM32F3xx_HAL_Driver/Src/stm32f3xx_hal_tim.c.obj
                0x08004c30                HAL_TIM_IRQHandler
 *fill*         0x08004dca        0x2 
 .text.TIM_Base_SetConfig
                0x08004dcc       0x90 CMakeFiles/SuperCAP.elf.dir/Drivers/STM32F3xx_HAL_Driver/Src/stm32f3xx_hal_tim.c.obj
                0x08004dcc                TIM_Base_SetConfig
 .text.HAL_TIM_Base_Init
                0x08004e5c       0x60 CMakeFiles/SuperCAP.elf.dir/Drivers/STM32F3xx_HAL_Driver/Src/stm32f3xx_hal_tim.c.obj
                0x08004e5c                HAL_TIM_Base_Init
 .text.HAL_TIM_PWM_Init
                0x08004ebc       0x60 CMakeFiles/SuperCAP.elf.dir/Drivers/STM32F3xx_HAL_Driver/Src/stm32f3xx_hal_tim.c.obj
                0x08004ebc                HAL_TIM_PWM_Init
 .text.TIM_OC2_SetConfig
                0x08004f1c       0x80 CMakeFiles/SuperCAP.elf.dir/Drivers/STM32F3xx_HAL_Driver/Src/stm32f3xx_hal_tim.c.obj
                0x08004f1c                TIM_OC2_SetConfig
 .text.HAL_TIM_PWM_ConfigChannel
                0x08004f9c      0x13a CMakeFiles/SuperCAP.elf.dir/Drivers/STM32F3xx_HAL_Driver/Src/stm32f3xx_hal_tim.c.obj
                0x08004f9c                HAL_TIM_PWM_ConfigChannel
 .text.TIM_ETR_SetConfig
                0x080050d6       0x1a CMakeFiles/SuperCAP.elf.dir/Drivers/STM32F3xx_HAL_Driver/Src/stm32f3xx_hal_tim.c.obj
                0x080050d6                TIM_ETR_SetConfig
 .text.HAL_TIM_ConfigClockSource
                0x080050f0      0x100 CMakeFiles/SuperCAP.elf.dir/Drivers/STM32F3xx_HAL_Driver/Src/stm32f3xx_hal_tim.c.obj
                0x080050f0                HAL_TIM_ConfigClockSource
 .text.TIM_CCxChannelCmd
                0x080051f0       0x1e CMakeFiles/SuperCAP.elf.dir/Drivers/STM32F3xx_HAL_Driver/Src/stm32f3xx_hal_tim.c.obj
                0x080051f0                TIM_CCxChannelCmd
 *fill*         0x0800520e        0x2 
 .text.HAL_TIM_PWM_Start
                0x08005210      0x140 CMakeFiles/SuperCAP.elf.dir/Drivers/STM32F3xx_HAL_Driver/Src/stm32f3xx_hal_tim.c.obj
                0x08005210                HAL_TIM_PWM_Start
 .text.TIM_CCxNChannelCmd
                0x08005350       0x1e CMakeFiles/SuperCAP.elf.dir/Drivers/STM32F3xx_HAL_Driver/Src/stm32f3xx_hal_tim_ex.c.obj
 *fill*         0x0800536e        0x2 
 .text.HAL_TIMEx_PWMN_Start
                0x08005370       0xe4 CMakeFiles/SuperCAP.elf.dir/Drivers/STM32F3xx_HAL_Driver/Src/stm32f3xx_hal_tim_ex.c.obj
                0x08005370                HAL_TIMEx_PWMN_Start
 .text.HAL_TIMEx_MasterConfigSynchronization
                0x08005454       0x78 CMakeFiles/SuperCAP.elf.dir/Drivers/STM32F3xx_HAL_Driver/Src/stm32f3xx_hal_tim_ex.c.obj
                0x08005454                HAL_TIMEx_MasterConfigSynchronization
 .text.HAL_TIMEx_ConfigBreakDeadTime
                0x080054cc       0x88 CMakeFiles/SuperCAP.elf.dir/Drivers/STM32F3xx_HAL_Driver/Src/stm32f3xx_hal_tim_ex.c.obj
                0x080054cc                HAL_TIMEx_ConfigBreakDeadTime
 .text.HAL_TIMEx_CommutCallback
                0x08005554        0x2 CMakeFiles/SuperCAP.elf.dir/Drivers/STM32F3xx_HAL_Driver/Src/stm32f3xx_hal_tim_ex.c.obj
                0x08005554                HAL_TIMEx_CommutCallback
 .text.HAL_TIMEx_BreakCallback
                0x08005556        0x2 CMakeFiles/SuperCAP.elf.dir/Drivers/STM32F3xx_HAL_Driver/Src/stm32f3xx_hal_tim_ex.c.obj
                0x08005556                HAL_TIMEx_BreakCallback
 .text.HAL_TIMEx_Break2Callback
                0x08005558        0x2 CMakeFiles/SuperCAP.elf.dir/Drivers/STM32F3xx_HAL_Driver/Src/stm32f3xx_hal_tim_ex.c.obj
                0x08005558                HAL_TIMEx_Break2Callback
 *fill*         0x0800555a        0x2 
 .text.UART_SetConfig
                0x0800555c      0x164 CMakeFiles/SuperCAP.elf.dir/Drivers/STM32F3xx_HAL_Driver/Src/stm32f3xx_hal_uart.c.obj
                0x0800555c                UART_SetConfig
 .text.UART_AdvFeatureConfig
                0x080056c0       0xca CMakeFiles/SuperCAP.elf.dir/Drivers/STM32F3xx_HAL_Driver/Src/stm32f3xx_hal_uart.c.obj
                0x080056c0                UART_AdvFeatureConfig
 .text.UART_WaitOnFlagUntilTimeout
                0x0800578a       0xd4 CMakeFiles/SuperCAP.elf.dir/Drivers/STM32F3xx_HAL_Driver/Src/stm32f3xx_hal_uart.c.obj
                0x0800578a                UART_WaitOnFlagUntilTimeout
 .text.HAL_UART_Transmit
                0x0800585e       0xd8 CMakeFiles/SuperCAP.elf.dir/Drivers/STM32F3xx_HAL_Driver/Src/stm32f3xx_hal_uart.c.obj
                0x0800585e                HAL_UART_Transmit
 .text.UART_CheckIdleState
                0x08005936       0x70 CMakeFiles/SuperCAP.elf.dir/Drivers/STM32F3xx_HAL_Driver/Src/stm32f3xx_hal_uart.c.obj
                0x08005936                UART_CheckIdleState
 .text.HAL_UART_Init
                0x080059a6       0x62 CMakeFiles/SuperCAP.elf.dir/Drivers/STM32F3xx_HAL_Driver/Src/stm32f3xx_hal_uart.c.obj
                0x080059a6                HAL_UART_Init
 .text.ADC_Linear_calibration_init
                0x08005a08       0x3e CMakeFiles/SuperCAP.elf.dir/User/Algorithm/adc_to_elec.c.obj
                0x08005a08                ADC_Linear_calibration_init
 .text.ADC_Value_To_Elec
                0x08005a46       0x32 CMakeFiles/SuperCAP.elf.dir/User/Algorithm/adc_to_elec.c.obj
                0x08005a46                ADC_Value_To_Elec
 .text.Window_Filter_Init
                0x08005a78       0x1c CMakeFiles/SuperCAP.elf.dir/User/Algorithm/filter.c.obj
                0x08005a78                Window_Filter_Init
 .text.Window_Filter_Calc
                0x08005a94       0x48 CMakeFiles/SuperCAP.elf.dir/User/Algorithm/filter.c.obj
                0x08005a94                Window_Filter_Calc
 .text.PID_init
                0x08005adc       0x38 CMakeFiles/SuperCAP.elf.dir/User/Algorithm/pid.c.obj
                0x08005adc                PID_init
 .text.PID_calc
                0x08005b14      0x158 CMakeFiles/SuperCAP.elf.dir/User/Algorithm/pid.c.obj
                0x08005b14                PID_calc
 .text.buckboost_pwm_update
                0x08005c6c      0x140 CMakeFiles/SuperCAP.elf.dir/User/Application/power_loop.c.obj
 .text.control_calc
                0x08005dac      0x1a4 CMakeFiles/SuperCAP.elf.dir/User/Application/power_loop.c.obj
 .text.HAL_TIM_PeriodElapsedCallback
                0x08005f50       0x14 CMakeFiles/SuperCAP.elf.dir/User/Application/power_loop.c.obj
                0x08005f50                HAL_TIM_PeriodElapsedCallback
 .text.Running_Diagnose
                0x08005f64      0x140 CMakeFiles/SuperCAP.elf.dir/User/Application/supercap.c.obj
 .text.Show_Board_ID
                0x080060a4       0x32 CMakeFiles/SuperCAP.elf.dir/User/Application/supercap.c.obj
 *fill*         0x080060d6        0x2 
 .text.Set_Board_Config
                0x080060d8      0x1d0 CMakeFiles/SuperCAP.elf.dir/User/Application/supercap.c.obj
 .text.Calc_CAP_Remain_And_Current
                0x080062a8       0xb8 CMakeFiles/SuperCAP.elf.dir/User/Application/supercap.c.obj
 .text.CAN_Send
                0x08006360      0x104 CMakeFiles/SuperCAP.elf.dir/User/Application/supercap.c.obj
 .text.main     0x08006464      0x160 CMakeFiles/SuperCAP.elf.dir/User/Application/supercap.c.obj
                0x08006464                main
 .text.HAL_CAN_RxFifo0MsgPendingCallback
                0x080065c4       0x7c CMakeFiles/SuperCAP.elf.dir/User/Application/supercap.c.obj
                0x080065c4                HAL_CAN_RxFifo0MsgPendingCallback
 .text.BSP_ADC_Init
                0x08006640       0x28 CMakeFiles/SuperCAP.elf.dir/User/Bsp/bsp_adc.c.obj
                0x08006640                BSP_ADC_Init
 .text.BSP_ADC_Start_DMA
                0x08006668        0x8 CMakeFiles/SuperCAP.elf.dir/User/Bsp/bsp_adc.c.obj
                0x08006668                BSP_ADC_Start_DMA
 .text.BSP_CAN_Init
                0x08006670       0x40 CMakeFiles/SuperCAP.elf.dir/User/Bsp/bsp_can.c.obj
                0x08006670                BSP_CAN_Init
 .text.BSP_GPIO_Init
                0x080066b0        0x8 CMakeFiles/SuperCAP.elf.dir/User/Bsp/bsp_gpio.c.obj
                0x080066b0                BSP_GPIO_Init
 .text.BSP_HRTIM_Init
                0x080066b8       0x18 CMakeFiles/SuperCAP.elf.dir/User/Bsp/bsp_hrtim.c.obj
                0x080066b8                BSP_HRTIM_Init
 .text.BSP_HRTIM_Update_PWM
                0x080066d0       0x18 CMakeFiles/SuperCAP.elf.dir/User/Bsp/bsp_hrtim.c.obj
                0x080066d0                BSP_HRTIM_Update_PWM
 .text.BSP_HRTIM_Enable_PWM
                0x080066e8       0x10 CMakeFiles/SuperCAP.elf.dir/User/Bsp/bsp_hrtim.c.obj
                0x080066e8                BSP_HRTIM_Enable_PWM
 .text.BSP_TIM_Init
                0x080066f8       0x44 CMakeFiles/SuperCAP.elf.dir/User/Bsp/bsp_tim.c.obj
                0x080066f8                BSP_TIM_Init
 .text.BSP_TIM_Start_Loop_Timer
                0x0800673c       0x10 CMakeFiles/SuperCAP.elf.dir/User/Bsp/bsp_tim.c.obj
                0x0800673c                BSP_TIM_Start_Loop_Timer
 .text.Update_LED_PWM
                0x0800674c       0x18 CMakeFiles/SuperCAP.elf.dir/User/Bsp/bsp_tim.c.obj
                0x0800674c                Update_LED_PWM
 .text.Update_Buzzer_PWM
                0x08006764        0xc CMakeFiles/SuperCAP.elf.dir/User/Bsp/bsp_tim.c.obj
                0x08006764                Update_Buzzer_PWM
 .text.BSP_UART_INIT
                0x08006770        0xc CMakeFiles/SuperCAP.elf.dir/User/Bsp/bsp_uart.c.obj
                0x08006770                BSP_UART_INIT
 .text.__errno  0x0800677c        0xc h:/tools/gcc-arm-none/bin/../lib/gcc/arm-none-eabi/10.3.1/../../../../arm-none-eabi/lib/thumb/v7e-m+fp/hard\libg.a(lib_a-errno.o)
                0x0800677c                __errno
 .text.__libc_init_array
                0x08006788       0x48 h:/tools/gcc-arm-none/bin/../lib/gcc/arm-none-eabi/10.3.1/../../../../arm-none-eabi/lib/thumb/v7e-m+fp/hard\libg.a(lib_a-init.o)
                0x08006788                __libc_init_array
 .text.memset   0x080067d0       0xa4 h:/tools/gcc-arm-none/bin/../lib/gcc/arm-none-eabi/10.3.1/../../../../arm-none-eabi/lib/thumb/v7e-m+fp/hard\libg.a(lib_a-memset.o)
                0x080067d0                memset
 .text.sprintf  0x08006874       0x40 h:/tools/gcc-arm-none/bin/../lib/gcc/arm-none-eabi/10.3.1/../../../../arm-none-eabi/lib/thumb/v7e-m+fp/hard\libg.a(lib_a-sprintf.o)
                0x08006874                sprintf
 *fill*         0x080068b4        0x4 
 .text._svfprintf_r
                0x080068b8     0x1acc h:/tools/gcc-arm-none/bin/../lib/gcc/arm-none-eabi/10.3.1/../../../../arm-none-eabi/lib/thumb/v7e-m+fp/hard\libg.a(lib_a-svfprintf.o)
                0x080068b8                _svfprintf_r
 .text.startup.register_fini
                0x08008384       0x14 h:/tools/gcc-arm-none/bin/../lib/gcc/arm-none-eabi/10.3.1/../../../../arm-none-eabi/lib/thumb/v7e-m+fp/hard\libg.a(lib_a-__call_atexit.o)
 .text.atexit   0x08008398        0xc h:/tools/gcc-arm-none/bin/../lib/gcc/arm-none-eabi/10.3.1/../../../../arm-none-eabi/lib/thumb/v7e-m+fp/hard\libg.a(lib_a-atexit.o)
                0x08008398                atexit
 .text.quorem   0x080083a4      0x128 h:/tools/gcc-arm-none/bin/../lib/gcc/arm-none-eabi/10.3.1/../../../../arm-none-eabi/lib/thumb/v7e-m+fp/hard\libg.a(lib_a-dtoa.o)
 *fill*         0x080084cc        0x4 
 .text._dtoa_r  0x080084d0      0xf3c h:/tools/gcc-arm-none/bin/../lib/gcc/arm-none-eabi/10.3.1/../../../../arm-none-eabi/lib/thumb/v7e-m+fp/hard\libg.a(lib_a-dtoa.o)
                0x080084d0                _dtoa_r
 .text.__libc_fini_array
                0x0800940c       0x2c h:/tools/gcc-arm-none/bin/../lib/gcc/arm-none-eabi/10.3.1/../../../../arm-none-eabi/lib/thumb/v7e-m+fp/hard\libg.a(lib_a-fini.o)
                0x0800940c                __libc_fini_array
 .text._malloc_trim_r
                0x08009438       0xa0 h:/tools/gcc-arm-none/bin/../lib/gcc/arm-none-eabi/10.3.1/../../../../arm-none-eabi/lib/thumb/v7e-m+fp/hard\libg.a(lib_a-freer.o)
                0x08009438                _malloc_trim_r
 .text._free_r  0x080094d8      0x20c h:/tools/gcc-arm-none/bin/../lib/gcc/arm-none-eabi/10.3.1/../../../../arm-none-eabi/lib/thumb/v7e-m+fp/hard\libg.a(lib_a-freer.o)
                0x080094d8                _free_r
 .text._localeconv_r
                0x080096e4        0x8 h:/tools/gcc-arm-none/bin/../lib/gcc/arm-none-eabi/10.3.1/../../../../arm-none-eabi/lib/thumb/v7e-m+fp/hard\libg.a(lib_a-localeconv.o)
                0x080096e4                _localeconv_r
 .text.__retarget_lock_init_recursive
                0x080096ec        0x4 h:/tools/gcc-arm-none/bin/../lib/gcc/arm-none-eabi/10.3.1/../../../../arm-none-eabi/lib/thumb/v7e-m+fp/hard\libg.a(lib_a-lock.o)
                0x080096ec                __retarget_lock_init_recursive
 .text.__retarget_lock_close_recursive
                0x080096f0        0x4 h:/tools/gcc-arm-none/bin/../lib/gcc/arm-none-eabi/10.3.1/../../../../arm-none-eabi/lib/thumb/v7e-m+fp/hard\libg.a(lib_a-lock.o)
                0x080096f0                __retarget_lock_close_recursive
 .text.__retarget_lock_acquire_recursive
                0x080096f4        0x4 h:/tools/gcc-arm-none/bin/../lib/gcc/arm-none-eabi/10.3.1/../../../../arm-none-eabi/lib/thumb/v7e-m+fp/hard\libg.a(lib_a-lock.o)
                0x080096f4                __retarget_lock_acquire_recursive
 .text.__retarget_lock_release_recursive
                0x080096f8        0x4 h:/tools/gcc-arm-none/bin/../lib/gcc/arm-none-eabi/10.3.1/../../../../arm-none-eabi/lib/thumb/v7e-m+fp/hard\libg.a(lib_a-lock.o)
                0x080096f8                __retarget_lock_release_recursive
 .text._malloc_r
                0x080096fc      0x560 h:/tools/gcc-arm-none/bin/../lib/gcc/arm-none-eabi/10.3.1/../../../../arm-none-eabi/lib/thumb/v7e-m+fp/hard\libg.a(lib_a-mallocr.o)
                0x080096fc                _malloc_r
 .text.__malloc_lock
                0x08009c5c        0xc h:/tools/gcc-arm-none/bin/../lib/gcc/arm-none-eabi/10.3.1/../../../../arm-none-eabi/lib/thumb/v7e-m+fp/hard\libg.a(lib_a-mlock.o)
                0x08009c5c                __malloc_lock
 .text.__malloc_unlock
                0x08009c68        0xc h:/tools/gcc-arm-none/bin/../lib/gcc/arm-none-eabi/10.3.1/../../../../arm-none-eabi/lib/thumb/v7e-m+fp/hard\libg.a(lib_a-mlock.o)
                0x08009c68                __malloc_unlock
 .text._Balloc  0x08009c74       0x4c h:/tools/gcc-arm-none/bin/../lib/gcc/arm-none-eabi/10.3.1/../../../../arm-none-eabi/lib/thumb/v7e-m+fp/hard\libg.a(lib_a-mprec.o)
                0x08009c74                _Balloc
 .text._Bfree   0x08009cc0       0x14 h:/tools/gcc-arm-none/bin/../lib/gcc/arm-none-eabi/10.3.1/../../../../arm-none-eabi/lib/thumb/v7e-m+fp/hard\libg.a(lib_a-mprec.o)
                0x08009cc0                _Bfree
 .text.__multadd
                0x08009cd4       0xa8 h:/tools/gcc-arm-none/bin/../lib/gcc/arm-none-eabi/10.3.1/../../../../arm-none-eabi/lib/thumb/v7e-m+fp/hard\libg.a(lib_a-mprec.o)
                0x08009cd4                __multadd
 .text.__hi0bits
                0x08009d7c       0x40 h:/tools/gcc-arm-none/bin/../lib/gcc/arm-none-eabi/10.3.1/../../../../arm-none-eabi/lib/thumb/v7e-m+fp/hard\libg.a(lib_a-mprec.o)
                0x08009d7c                __hi0bits
 .text.__lo0bits
                0x08009dbc       0x60 h:/tools/gcc-arm-none/bin/../lib/gcc/arm-none-eabi/10.3.1/../../../../arm-none-eabi/lib/thumb/v7e-m+fp/hard\libg.a(lib_a-mprec.o)
                0x08009dbc                __lo0bits
 .text.__i2b    0x08009e1c       0x5c h:/tools/gcc-arm-none/bin/../lib/gcc/arm-none-eabi/10.3.1/../../../../arm-none-eabi/lib/thumb/v7e-m+fp/hard\libg.a(lib_a-mprec.o)
                0x08009e1c                __i2b
 .text.__multiply
                0x08009e78      0x15c h:/tools/gcc-arm-none/bin/../lib/gcc/arm-none-eabi/10.3.1/../../../../arm-none-eabi/lib/thumb/v7e-m+fp/hard\libg.a(lib_a-mprec.o)
                0x08009e78                __multiply
 .text.__pow5mult
                0x08009fd4       0xc0 h:/tools/gcc-arm-none/bin/../lib/gcc/arm-none-eabi/10.3.1/../../../../arm-none-eabi/lib/thumb/v7e-m+fp/hard\libg.a(lib_a-mprec.o)
                0x08009fd4                __pow5mult
 .text.__lshift
                0x0800a094       0xf0 h:/tools/gcc-arm-none/bin/../lib/gcc/arm-none-eabi/10.3.1/../../../../arm-none-eabi/lib/thumb/v7e-m+fp/hard\libg.a(lib_a-mprec.o)
                0x0800a094                __lshift
 .text.__mcmp   0x0800a184       0x44 h:/tools/gcc-arm-none/bin/../lib/gcc/arm-none-eabi/10.3.1/../../../../arm-none-eabi/lib/thumb/v7e-m+fp/hard\libg.a(lib_a-mprec.o)
                0x0800a184                __mcmp
 .text.__mdiff  0x0800a1c8      0x14c h:/tools/gcc-arm-none/bin/../lib/gcc/arm-none-eabi/10.3.1/../../../../arm-none-eabi/lib/thumb/v7e-m+fp/hard\libg.a(lib_a-mprec.o)
                0x0800a1c8                __mdiff
 .text.__d2b    0x0800a314       0xd0 h:/tools/gcc-arm-none/bin/../lib/gcc/arm-none-eabi/10.3.1/../../../../arm-none-eabi/lib/thumb/v7e-m+fp/hard\libg.a(lib_a-mprec.o)
                0x0800a314                __d2b
 .text.frexp    0x0800a3e4       0x6c h:/tools/gcc-arm-none/bin/../lib/gcc/arm-none-eabi/10.3.1/../../../../arm-none-eabi/lib/thumb/v7e-m+fp/hard\libg.a(lib_a-s_frexp.o)
                0x0800a3e4                frexp
 .text._sbrk_r  0x0800a450       0x24 h:/tools/gcc-arm-none/bin/../lib/gcc/arm-none-eabi/10.3.1/../../../../arm-none-eabi/lib/thumb/v7e-m+fp/hard\libg.a(lib_a-sbrkr.o)
                0x0800a450                _sbrk_r
 .text.strncpy  0x0800a474       0x64 h:/tools/gcc-arm-none/bin/../lib/gcc/arm-none-eabi/10.3.1/../../../../arm-none-eabi/lib/thumb/v7e-m+fp/hard\libg.a(lib_a-strncpy.o)
                0x0800a474                strncpy
 .text.__ssprint_r
                0x0800a4d8       0xf8 h:/tools/gcc-arm-none/bin/../lib/gcc/arm-none-eabi/10.3.1/../../../../arm-none-eabi/lib/thumb/v7e-m+fp/hard\libg.a(lib_a-svfiprintf.o)
                0x0800a4d8                __ssprint_r
 .text.__register_exitproc
                0x0800a5d0       0x8c h:/tools/gcc-arm-none/bin/../lib/gcc/arm-none-eabi/10.3.1/../../../../arm-none-eabi/lib/thumb/v7e-m+fp/hard\libg.a(lib_a-__atexit.o)
                0x0800a5d0                __register_exitproc
 .text.__assert_func
                0x0800a65c       0x40 h:/tools/gcc-arm-none/bin/../lib/gcc/arm-none-eabi/10.3.1/../../../../arm-none-eabi/lib/thumb/v7e-m+fp/hard\libg.a(lib_a-assert.o)
                0x0800a65c                __assert_func
 .text._calloc_r
                0x0800a69c       0x78 h:/tools/gcc-arm-none/bin/../lib/gcc/arm-none-eabi/10.3.1/../../../../arm-none-eabi/lib/thumb/v7e-m+fp/hard\libg.a(lib_a-callocr.o)
                0x0800a69c                _calloc_r
 .text.fiprintf
                0x0800a714       0x28 h:/tools/gcc-arm-none/bin/../lib/gcc/arm-none-eabi/10.3.1/../../../../arm-none-eabi/lib/thumb/v7e-m+fp/hard\libg.a(lib_a-fiprintf.o)
                0x0800a714                fiprintf
 .text.__locale_mb_cur_max
                0x0800a73c        0xc h:/tools/gcc-arm-none/bin/../lib/gcc/arm-none-eabi/10.3.1/../../../../arm-none-eabi/lib/thumb/v7e-m+fp/hard\libg.a(lib_a-locale.o)
                0x0800a73c                __locale_mb_cur_max
 .text.__ascii_mbtowc
                0x0800a748       0x2c h:/tools/gcc-arm-none/bin/../lib/gcc/arm-none-eabi/10.3.1/../../../../arm-none-eabi/lib/thumb/v7e-m+fp/hard\libg.a(lib_a-mbtowc_r.o)
                0x0800a748                __ascii_mbtowc
 .text.memmove  0x0800a774       0xf8 h:/tools/gcc-arm-none/bin/../lib/gcc/arm-none-eabi/10.3.1/../../../../arm-none-eabi/lib/thumb/v7e-m+fp/hard\libg.a(lib_a-memmove.o)
                0x0800a774                memmove
 .text._realloc_r
                0x0800a86c      0x3d8 h:/tools/gcc-arm-none/bin/../lib/gcc/arm-none-eabi/10.3.1/../../../../arm-none-eabi/lib/thumb/v7e-m+fp/hard\libg.a(lib_a-reallocr.o)
                0x0800a86c                _realloc_r
 .text.__sprint_r.part.0
                0x0800ac44       0x78 h:/tools/gcc-arm-none/bin/../lib/gcc/arm-none-eabi/10.3.1/../../../../arm-none-eabi/lib/thumb/v7e-m+fp/hard\libg.a(lib_a-vfiprintf.o)
 .text._vfiprintf_r
                0x0800acbc      0xdfc h:/tools/gcc-arm-none/bin/../lib/gcc/arm-none-eabi/10.3.1/../../../../arm-none-eabi/lib/thumb/v7e-m+fp/hard\libg.a(lib_a-vfiprintf.o)
                0x0800acbc                _vfiprintf_r
 .text.__sbprintf
                0x0800bab8       0x80 h:/tools/gcc-arm-none/bin/../lib/gcc/arm-none-eabi/10.3.1/../../../../arm-none-eabi/lib/thumb/v7e-m+fp/hard\libg.a(lib_a-vfiprintf.o)
 .text.__ascii_wctomb
                0x0800bb38       0x1c h:/tools/gcc-arm-none/bin/../lib/gcc/arm-none-eabi/10.3.1/../../../../arm-none-eabi/lib/thumb/v7e-m+fp/hard\libg.a(lib_a-wctomb_r.o)
                0x0800bb38                __ascii_wctomb
 .text.__swsetup_r
                0x0800bb54       0xd4 h:/tools/gcc-arm-none/bin/../lib/gcc/arm-none-eabi/10.3.1/../../../../arm-none-eabi/lib/thumb/v7e-m+fp/hard\libg.a(lib_a-wsetup.o)
                0x0800bb54                __swsetup_r
 .text.abort    0x0800bc28       0x10 h:/tools/gcc-arm-none/bin/../lib/gcc/arm-none-eabi/10.3.1/../../../../arm-none-eabi/lib/thumb/v7e-m+fp/hard\libg.a(lib_a-abort.o)
                0x0800bc28                abort
 .text.__sflush_r
                0x0800bc38      0x130 h:/tools/gcc-arm-none/bin/../lib/gcc/arm-none-eabi/10.3.1/../../../../arm-none-eabi/lib/thumb/v7e-m+fp/hard\libg.a(lib_a-fflush.o)
                0x0800bc38                __sflush_r
 .text._fflush_r
                0x0800bd68       0x5c h:/tools/gcc-arm-none/bin/../lib/gcc/arm-none-eabi/10.3.1/../../../../arm-none-eabi/lib/thumb/v7e-m+fp/hard\libg.a(lib_a-fflush.o)
                0x0800bd68                _fflush_r
 .text._cleanup_r
                0x0800bdc4        0xc h:/tools/gcc-arm-none/bin/../lib/gcc/arm-none-eabi/10.3.1/../../../../arm-none-eabi/lib/thumb/v7e-m+fp/hard\libg.a(lib_a-findfp.o)
                0x0800bdc4                _cleanup_r
 .text.__sinit  0x0800bdd0      0x10c h:/tools/gcc-arm-none/bin/../lib/gcc/arm-none-eabi/10.3.1/../../../../arm-none-eabi/lib/thumb/v7e-m+fp/hard\libg.a(lib_a-findfp.o)
                0x0800bdd0                __sinit
 .text.__sfp_lock_acquire
                0x0800bedc        0xc h:/tools/gcc-arm-none/bin/../lib/gcc/arm-none-eabi/10.3.1/../../../../arm-none-eabi/lib/thumb/v7e-m+fp/hard\libg.a(lib_a-findfp.o)
                0x0800bedc                __sfp_lock_acquire
 .text.__sfp_lock_release
                0x0800bee8        0xc h:/tools/gcc-arm-none/bin/../lib/gcc/arm-none-eabi/10.3.1/../../../../arm-none-eabi/lib/thumb/v7e-m+fp/hard\libg.a(lib_a-findfp.o)
                0x0800bee8                __sfp_lock_release
 .text.__fputwc
                0x0800bef4       0xa8 h:/tools/gcc-arm-none/bin/../lib/gcc/arm-none-eabi/10.3.1/../../../../arm-none-eabi/lib/thumb/v7e-m+fp/hard\libg.a(lib_a-fputwc.o)
                0x0800bef4                __fputwc
 .text._fputwc_r
                0x0800bf9c       0x68 h:/tools/gcc-arm-none/bin/../lib/gcc/arm-none-eabi/10.3.1/../../../../arm-none-eabi/lib/thumb/v7e-m+fp/hard\libg.a(lib_a-fputwc.o)
                0x0800bf9c                _fputwc_r
 .text.__sfvwrite_r
                0x0800c004      0x2f0 h:/tools/gcc-arm-none/bin/../lib/gcc/arm-none-eabi/10.3.1/../../../../arm-none-eabi/lib/thumb/v7e-m+fp/hard\libg.a(lib_a-fvwrite.o)
                0x0800c004                __sfvwrite_r
 .text._fwalk_reent
                0x0800c2f4       0x48 h:/tools/gcc-arm-none/bin/../lib/gcc/arm-none-eabi/10.3.1/../../../../arm-none-eabi/lib/thumb/v7e-m+fp/hard\libg.a(lib_a-fwalk.o)
                0x0800c2f4                _fwalk_reent
 .text.__smakebuf_r
                0x0800c33c       0xe0 h:/tools/gcc-arm-none/bin/../lib/gcc/arm-none-eabi/10.3.1/../../../../arm-none-eabi/lib/thumb/v7e-m+fp/hard\libg.a(lib_a-makebuf.o)
                0x0800c33c                __smakebuf_r
 .text.raise    0x0800c41c       0x5c h:/tools/gcc-arm-none/bin/../lib/gcc/arm-none-eabi/10.3.1/../../../../arm-none-eabi/lib/thumb/v7e-m+fp/hard\libg.a(lib_a-signal.o)
                0x0800c41c                raise
 .text._kill_r  0x0800c478       0x2c h:/tools/gcc-arm-none/bin/../lib/gcc/arm-none-eabi/10.3.1/../../../../arm-none-eabi/lib/thumb/v7e-m+fp/hard\libg.a(lib_a-signalr.o)
                0x0800c478                _kill_r
 .text._getpid_r
                0x0800c4a4        0x4 h:/tools/gcc-arm-none/bin/../lib/gcc/arm-none-eabi/10.3.1/../../../../arm-none-eabi/lib/thumb/v7e-m+fp/hard\libg.a(lib_a-signalr.o)
                0x0800c4a4                _getpid_r
 .text.__sread  0x0800c4a8       0x24 h:/tools/gcc-arm-none/bin/../lib/gcc/arm-none-eabi/10.3.1/../../../../arm-none-eabi/lib/thumb/v7e-m+fp/hard\libg.a(lib_a-stdio.o)
                0x0800c4a8                __sread
 .text.__swrite
                0x0800c4cc       0x40 h:/tools/gcc-arm-none/bin/../lib/gcc/arm-none-eabi/10.3.1/../../../../arm-none-eabi/lib/thumb/v7e-m+fp/hard\libg.a(lib_a-stdio.o)
                0x0800c4cc                __swrite
 .text.__sseek  0x0800c50c       0x20 h:/tools/gcc-arm-none/bin/../lib/gcc/arm-none-eabi/10.3.1/../../../../arm-none-eabi/lib/thumb/v7e-m+fp/hard\libg.a(lib_a-stdio.o)
                0x0800c50c                __sseek
 .text.__sclose
                0x0800c52c        0x8 h:/tools/gcc-arm-none/bin/../lib/gcc/arm-none-eabi/10.3.1/../../../../arm-none-eabi/lib/thumb/v7e-m+fp/hard\libg.a(lib_a-stdio.o)
                0x0800c52c                __sclose
 .text.__swbuf_r
                0x0800c534       0xb0 h:/tools/gcc-arm-none/bin/../lib/gcc/arm-none-eabi/10.3.1/../../../../arm-none-eabi/lib/thumb/v7e-m+fp/hard\libg.a(lib_a-wbuf.o)
                0x0800c534                __swbuf_r
 .text._wcrtomb_r
                0x0800c5e4       0x3c h:/tools/gcc-arm-none/bin/../lib/gcc/arm-none-eabi/10.3.1/../../../../arm-none-eabi/lib/thumb/v7e-m+fp/hard\libg.a(lib_a-wcrtomb.o)
                0x0800c5e4                _wcrtomb_r
 .text._write_r
                0x0800c620       0x2c h:/tools/gcc-arm-none/bin/../lib/gcc/arm-none-eabi/10.3.1/../../../../arm-none-eabi/lib/thumb/v7e-m+fp/hard\libg.a(lib_a-writer.o)
                0x0800c620                _write_r
 .text._close_r
                0x0800c64c       0x24 h:/tools/gcc-arm-none/bin/../lib/gcc/arm-none-eabi/10.3.1/../../../../arm-none-eabi/lib/thumb/v7e-m+fp/hard\libg.a(lib_a-closer.o)
                0x0800c64c                _close_r
 .text._fclose_r
                0x0800c670       0xcc h:/tools/gcc-arm-none/bin/../lib/gcc/arm-none-eabi/10.3.1/../../../../arm-none-eabi/lib/thumb/v7e-m+fp/hard\libg.a(lib_a-fclose.o)
                0x0800c670                _fclose_r
 .text._fstat_r
                0x0800c73c       0x2c h:/tools/gcc-arm-none/bin/../lib/gcc/arm-none-eabi/10.3.1/../../../../arm-none-eabi/lib/thumb/v7e-m+fp/hard\libg.a(lib_a-fstatr.o)
                0x0800c73c                _fstat_r
 .text._isatty_r
                0x0800c768       0x24 h:/tools/gcc-arm-none/bin/../lib/gcc/arm-none-eabi/10.3.1/../../../../arm-none-eabi/lib/thumb/v7e-m+fp/hard\libg.a(lib_a-isattyr.o)
                0x0800c768                _isatty_r
 .text._lseek_r
                0x0800c78c       0x2c h:/tools/gcc-arm-none/bin/../lib/gcc/arm-none-eabi/10.3.1/../../../../arm-none-eabi/lib/thumb/v7e-m+fp/hard\libg.a(lib_a-lseekr.o)
                0x0800c78c                _lseek_r
 .text._read_r  0x0800c7b8       0x2c h:/tools/gcc-arm-none/bin/../lib/gcc/arm-none-eabi/10.3.1/../../../../arm-none-eabi/lib/thumb/v7e-m+fp/hard\libg.a(lib_a-readr.o)
                0x0800c7b8                _read_r
 .text.fmaxf    0x0800c7e4       0x3c h:/tools/gcc-arm-none/bin/../lib/gcc/arm-none-eabi/10.3.1/../../../../arm-none-eabi/lib/thumb/v7e-m+fp/hard\libm.a(lib_a-sf_fmax.o)
                0x0800c7e4                fmaxf
 .text.fminf    0x0800c820       0x3c h:/tools/gcc-arm-none/bin/../lib/gcc/arm-none-eabi/10.3.1/../../../../arm-none-eabi/lib/thumb/v7e-m+fp/hard\libm.a(lib_a-sf_fmin.o)
                0x0800c820                fminf
 .text.__fpclassifyf
                0x0800c85c       0x38 h:/tools/gcc-arm-none/bin/../lib/gcc/arm-none-eabi/10.3.1/../../../../arm-none-eabi/lib/thumb/v7e-m+fp/hard\libm.a(lib_a-sf_fpclassify.o)
                0x0800c85c                __fpclassifyf
 *(.glue_7)
 .glue_7        0x0800c894        0x0 linker stubs
 *(.glue_7t)
 .glue_7t       0x0800c894        0x0 linker stubs
 *(.eh_frame)
 .eh_frame      0x0800c894        0x0 h:/tools/gcc-arm-none/bin/../lib/gcc/arm-none-eabi/10.3.1/thumb/v7e-m+fp/hard/crtbegin.o
 *(.init)
 .init          0x0800c894        0x4 h:/tools/gcc-arm-none/bin/../lib/gcc/arm-none-eabi/10.3.1/thumb/v7e-m+fp/hard/crti.o
                0x0800c894                _init
 .init          0x0800c898        0x8 h:/tools/gcc-arm-none/bin/../lib/gcc/arm-none-eabi/10.3.1/thumb/v7e-m+fp/hard/crtn.o
 *(.fini)
 .fini          0x0800c8a0        0x4 h:/tools/gcc-arm-none/bin/../lib/gcc/arm-none-eabi/10.3.1/thumb/v7e-m+fp/hard/crti.o
                0x0800c8a0                _fini
 .fini          0x0800c8a4        0x8 h:/tools/gcc-arm-none/bin/../lib/gcc/arm-none-eabi/10.3.1/thumb/v7e-m+fp/hard/crtn.o
                0x0800c8ac                . = ALIGN (0x4)
                0x0800c8ac                _etext = .

.vfp11_veneer   0x0800c8ac        0x0
 .vfp11_veneer  0x0800c8ac        0x0 linker stubs

.v4_bx          0x0800c8ac        0x0
 .v4_bx         0x0800c8ac        0x0 linker stubs

.iplt           0x0800c8ac        0x0
 .iplt          0x0800c8ac        0x0 h:/tools/gcc-arm-none/bin/../lib/gcc/arm-none-eabi/10.3.1/thumb/v7e-m+fp/hard/crtbegin.o

.rodata         0x0800c8b0      0x638
                0x0800c8b0                . = ALIGN (0x4)
 *(.rodata)
 *(.rodata*)
 .rodata.AHBPrescTable
                0x0800c8b0       0x10 CMakeFiles/SuperCAP.elf.dir/Core/Src/system_stm32f3xx.c.obj
                0x0800c8b0                AHBPrescTable
 .rodata.APBPrescTable
                0x0800c8c0        0x8 CMakeFiles/SuperCAP.elf.dir/Core/Src/system_stm32f3xx.c.obj
                0x0800c8c0                APBPrescTable
 .rodata.aPLLMULFactorTable
                0x0800c8c8       0x10 CMakeFiles/SuperCAP.elf.dir/Drivers/STM32F3xx_HAL_Driver/Src/stm32f3xx_hal_rcc.c.obj
                0x0800c8c8                aPLLMULFactorTable
 .rodata.aPredivFactorTable
                0x0800c8d8       0x10 CMakeFiles/SuperCAP.elf.dir/Drivers/STM32F3xx_HAL_Driver/Src/stm32f3xx_hal_rcc.c.obj
                0x0800c8d8                aPredivFactorTable
 .rodata.main.str1.4
                0x0800c8e8       0x6e CMakeFiles/SuperCAP.elf.dir/User/Application/supercap.c.obj
 *fill*         0x0800c956        0x2 
 .rodata.calibration_parameters
                0x0800c958       0xc8 CMakeFiles/SuperCAP.elf.dir/User/Application/supercap.c.obj
                0x0800c958                calibration_parameters
 .rodata.samp_parameters
                0x0800ca20       0xc8 CMakeFiles/SuperCAP.elf.dir/User/Application/supercap.c.obj
                0x0800ca20                samp_parameters
 .rodata._global_impure_ptr
                0x0800cae8        0x4 h:/tools/gcc-arm-none/bin/../lib/gcc/arm-none-eabi/10.3.1/../../../../arm-none-eabi/lib/thumb/v7e-m+fp/hard\libg.a(lib_a-impure.o)
                0x0800cae8                _global_impure_ptr
 .rodata._svfprintf_r.str1.4
                0x0800caec       0x42 h:/tools/gcc-arm-none/bin/../lib/gcc/arm-none-eabi/10.3.1/../../../../arm-none-eabi/lib/thumb/v7e-m+fp/hard\libg.a(lib_a-svfprintf.o)
 *fill*         0x0800cb2e        0x2 
 .rodata.blanks.1
                0x0800cb30       0x10 h:/tools/gcc-arm-none/bin/../lib/gcc/arm-none-eabi/10.3.1/../../../../arm-none-eabi/lib/thumb/v7e-m+fp/hard\libg.a(lib_a-svfprintf.o)
 .rodata.zeroes.0
                0x0800cb40       0x10 h:/tools/gcc-arm-none/bin/../lib/gcc/arm-none-eabi/10.3.1/../../../../arm-none-eabi/lib/thumb/v7e-m+fp/hard\libg.a(lib_a-svfprintf.o)
 .rodata._dtoa_r.str1.4
                0x0800cb50       0xa2 h:/tools/gcc-arm-none/bin/../lib/gcc/arm-none-eabi/10.3.1/../../../../arm-none-eabi/lib/thumb/v7e-m+fp/hard\libg.a(lib_a-dtoa.o)
                                 0xa6 (size before relaxing)
 *fill*         0x0800cbf2        0x2 
 .rodata.__multadd.str1.4
                0x0800cbf4       0x7f h:/tools/gcc-arm-none/bin/../lib/gcc/arm-none-eabi/10.3.1/../../../../arm-none-eabi/lib/thumb/v7e-m+fp/hard\libg.a(lib_a-mprec.o)
                                 0x93 (size before relaxing)
 *fill*         0x0800cc73        0x5 
 .rodata.__mprec_bigtens
                0x0800cc78       0x28 h:/tools/gcc-arm-none/bin/../lib/gcc/arm-none-eabi/10.3.1/../../../../arm-none-eabi/lib/thumb/v7e-m+fp/hard\libg.a(lib_a-mprec.o)
                0x0800cc78                __mprec_bigtens
 .rodata.__mprec_tens
                0x0800cca0       0xc8 h:/tools/gcc-arm-none/bin/../lib/gcc/arm-none-eabi/10.3.1/../../../../arm-none-eabi/lib/thumb/v7e-m+fp/hard\libg.a(lib_a-mprec.o)
                0x0800cca0                __mprec_tens
 .rodata.p05.0  0x0800cd68        0xc h:/tools/gcc-arm-none/bin/../lib/gcc/arm-none-eabi/10.3.1/../../../../arm-none-eabi/lib/thumb/v7e-m+fp/hard\libg.a(lib_a-mprec.o)
 .rodata.__assert_func.str1.4
                0x0800cd74       0x3f h:/tools/gcc-arm-none/bin/../lib/gcc/arm-none-eabi/10.3.1/../../../../arm-none-eabi/lib/thumb/v7e-m+fp/hard\libg.a(lib_a-assert.o)
                                 0x43 (size before relaxing)
 *fill*         0x0800cdb3        0x1 
 .rodata._setlocale_r.str1.4
                0x0800cdb4        0xa h:/tools/gcc-arm-none/bin/../lib/gcc/arm-none-eabi/10.3.1/../../../../arm-none-eabi/lib/thumb/v7e-m+fp/hard\libg.a(lib_a-locale.o)
                                  0xd (size before relaxing)
 *fill*         0x0800cdbe        0x2 
 .rodata.str1.4
                0x0800cdc0        0x2 h:/tools/gcc-arm-none/bin/../lib/gcc/arm-none-eabi/10.3.1/../../../../arm-none-eabi/lib/thumb/v7e-m+fp/hard\libg.a(lib_a-locale.o)
 .rodata._vfiprintf_r.str1.4
                0x0800cdc2       0x2f h:/tools/gcc-arm-none/bin/../lib/gcc/arm-none-eabi/10.3.1/../../../../arm-none-eabi/lib/thumb/v7e-m+fp/hard\libg.a(lib_a-vfiprintf.o)
 *fill*         0x0800cdc2        0x2 
 .rodata.blanks.1
                0x0800cdc4       0x10 h:/tools/gcc-arm-none/bin/../lib/gcc/arm-none-eabi/10.3.1/../../../../arm-none-eabi/lib/thumb/v7e-m+fp/hard\libg.a(lib_a-vfiprintf.o)
 .rodata.zeroes.0
                0x0800cdd4       0x10 h:/tools/gcc-arm-none/bin/../lib/gcc/arm-none-eabi/10.3.1/../../../../arm-none-eabi/lib/thumb/v7e-m+fp/hard\libg.a(lib_a-vfiprintf.o)
 .rodata._ctype_
                0x0800cde4      0x101 h:/tools/gcc-arm-none/bin/../lib/gcc/arm-none-eabi/10.3.1/../../../../arm-none-eabi/lib/thumb/v7e-m+fp/hard\libg.a(lib_a-ctype_.o)
                0x0800cde4                _ctype_
                0x0800cee8                . = ALIGN (0x4)
 *fill*         0x0800cee5        0x3 

.ARM.extab      0x0800cee8        0x0
                0x0800cee8                . = ALIGN (0x4)
 *(.ARM.extab* .gnu.linkonce.armextab.*)
                0x0800cee8                . = ALIGN (0x4)

.ARM            0x0800cee8        0x8
                0x0800cee8                . = ALIGN (0x4)
                0x0800cee8                __exidx_start = .
 *(.ARM.exidx*)
 .ARM.exidx     0x0800cee8        0x8 h:/tools/gcc-arm-none/bin/../lib/gcc/arm-none-eabi/10.3.1/thumb/v7e-m+fp/hard\libgcc.a(_udivmoddi4.o)
                0x0800cef0                __exidx_end = .
                0x0800cef0                . = ALIGN (0x4)

.rel.dyn        0x0800cef0        0x0
 .rel.iplt      0x0800cef0        0x0 h:/tools/gcc-arm-none/bin/../lib/gcc/arm-none-eabi/10.3.1/thumb/v7e-m+fp/hard/crtbegin.o

.preinit_array  0x0800cef0        0x0
                0x0800cef0                . = ALIGN (0x4)
                0x0800cef0                PROVIDE (__preinit_array_start = .)
 *(.preinit_array*)
                0x0800cef0                PROVIDE (__preinit_array_end = .)
                0x0800cef0                . = ALIGN (0x4)

.init_array     0x0800cef0        0x8
                0x0800cef0                . = ALIGN (0x4)
                0x0800cef0                PROVIDE (__init_array_start = .)
 *(SORT_BY_NAME(.init_array.*))
 .init_array.00000
                0x0800cef0        0x4 h:/tools/gcc-arm-none/bin/../lib/gcc/arm-none-eabi/10.3.1/../../../../arm-none-eabi/lib/thumb/v7e-m+fp/hard\libg.a(lib_a-__call_atexit.o)
 *(.init_array*)
 .init_array    0x0800cef4        0x4 h:/tools/gcc-arm-none/bin/../lib/gcc/arm-none-eabi/10.3.1/thumb/v7e-m+fp/hard/crtbegin.o
                0x0800cef8                PROVIDE (__init_array_end = .)
                0x0800cef8                . = ALIGN (0x4)

.fini_array     0x0800cef8        0x4
                0x0800cef8                . = ALIGN (0x4)
                0x0800cef8                PROVIDE (__fini_array_start = .)
 *(SORT_BY_NAME(.fini_array.*))
 *(.fini_array*)
 .fini_array    0x0800cef8        0x4 h:/tools/gcc-arm-none/bin/../lib/gcc/arm-none-eabi/10.3.1/thumb/v7e-m+fp/hard/crtbegin.o
                0x0800cefc                PROVIDE (__fini_array_end = .)
                0x0800cefc                . = ALIGN (0x4)
                0x0800cefc                _sidata = LOADADDR (.data)

.data           0x20000000      0x9b8 load address 0x0800cefc
                0x20000000                . = ALIGN (0x4)
                0x20000000                _sdata = .
 *(.data)
 *(.data*)
 .data.SystemCoreClock
                0x20000000        0x4 CMakeFiles/SuperCAP.elf.dir/Core/Src/system_stm32f3xx.c.obj
                0x20000000                SystemCoreClock
 .data.uwTickFreq
                0x20000004        0x1 CMakeFiles/SuperCAP.elf.dir/Drivers/STM32F3xx_HAL_Driver/Src/stm32f3xx_hal.c.obj
                0x20000004                uwTickFreq
 *fill*         0x20000005        0x3 
 .data.uwTickPrio
                0x20000008        0x4 CMakeFiles/SuperCAP.elf.dir/Drivers/STM32F3xx_HAL_Driver/Src/stm32f3xx_hal.c.obj
                0x20000008                uwTickPrio
 .data._impure_ptr
                0x2000000c        0x4 h:/tools/gcc-arm-none/bin/../lib/gcc/arm-none-eabi/10.3.1/../../../../arm-none-eabi/lib/thumb/v7e-m+fp/hard\libg.a(lib_a-impure.o)
                0x2000000c                _impure_ptr
 .data.impure_data
                0x20000010      0x428 h:/tools/gcc-arm-none/bin/../lib/gcc/arm-none-eabi/10.3.1/../../../../arm-none-eabi/lib/thumb/v7e-m+fp/hard\libg.a(lib_a-impure.o)
 .data.__atexit_recursive_mutex
                0x20000438        0x4 h:/tools/gcc-arm-none/bin/../lib/gcc/arm-none-eabi/10.3.1/../../../../arm-none-eabi/lib/thumb/v7e-m+fp/hard\libg.a(lib_a-__call_atexit.o)
                0x20000438                __atexit_recursive_mutex
 .data.__malloc_av_
                0x2000043c      0x408 h:/tools/gcc-arm-none/bin/../lib/gcc/arm-none-eabi/10.3.1/../../../../arm-none-eabi/lib/thumb/v7e-m+fp/hard\libg.a(lib_a-mallocr.o)
                0x2000043c                __malloc_av_
 .data.__malloc_sbrk_base
                0x20000844        0x4 h:/tools/gcc-arm-none/bin/../lib/gcc/arm-none-eabi/10.3.1/../../../../arm-none-eabi/lib/thumb/v7e-m+fp/hard\libg.a(lib_a-mallocr.o)
                0x20000844                __malloc_sbrk_base
 .data.__malloc_trim_threshold
                0x20000848        0x4 h:/tools/gcc-arm-none/bin/../lib/gcc/arm-none-eabi/10.3.1/../../../../arm-none-eabi/lib/thumb/v7e-m+fp/hard\libg.a(lib_a-mallocr.o)
                0x20000848                __malloc_trim_threshold
 .data.__global_locale
                0x2000084c      0x16c h:/tools/gcc-arm-none/bin/../lib/gcc/arm-none-eabi/10.3.1/../../../../arm-none-eabi/lib/thumb/v7e-m+fp/hard\libg.a(lib_a-locale.o)
                0x2000084c                __global_locale
 *(.RamFunc)
 *(.RamFunc*)
                0x200009b8                . = ALIGN (0x4)
                0x200009b8                _edata = .
                0x0800d8b4                _siccmram = LOADADDR (.ccmram)

.igot.plt       0x200009b8        0x0 load address 0x0800d8b4
 .igot.plt      0x200009b8        0x0 h:/tools/gcc-arm-none/bin/../lib/gcc/arm-none-eabi/10.3.1/thumb/v7e-m+fp/hard/crtbegin.o

.ccmram         0x10000000        0x0 load address 0x0800d8b4
                0x10000000                . = ALIGN (0x4)
                0x10000000                _sccmram = .
 *(.ccmram)
 *(.ccmram*)
                0x10000000                . = ALIGN (0x4)
                0x10000000                _eccmram = .
                0x10000000                . = ALIGN (0x4)

.bss            0x200009b8      0x878
                0x200009b8                _sbss = .
                0x200009b8                __bss_start__ = _sbss
 *(.bss)
 .bss           0x200009b8       0x1c h:/tools/gcc-arm-none/bin/../lib/gcc/arm-none-eabi/10.3.1/thumb/v7e-m+fp/hard/crtbegin.o
 *(.bss*)
 .bss.HAL_RCC_ADC12_CLK_ENABLED
                0x200009d4        0x4 CMakeFiles/SuperCAP.elf.dir/Core/Src/adc.c.obj
 .bss.hadc1     0x200009d8       0x50 CMakeFiles/SuperCAP.elf.dir/Core/Src/adc.c.obj
                0x200009d8                hadc1
 .bss.hadc2     0x20000a28       0x50 CMakeFiles/SuperCAP.elf.dir/Core/Src/adc.c.obj
                0x20000a28                hadc2
 .bss.hdma_adc1
                0x20000a78       0x44 CMakeFiles/SuperCAP.elf.dir/Core/Src/adc.c.obj
                0x20000a78                hdma_adc1
 .bss.hdma_adc2
                0x20000abc       0x44 CMakeFiles/SuperCAP.elf.dir/Core/Src/adc.c.obj
                0x20000abc                hdma_adc2
 .bss.hcan      0x20000b00       0x28 CMakeFiles/SuperCAP.elf.dir/Core/Src/can.c.obj
                0x20000b00                hcan
 .bss.hhrtim1   0x20000b28       0xdc CMakeFiles/SuperCAP.elf.dir/Core/Src/hrtim.c.obj
                0x20000b28                hhrtim1
 .bss.__sbrk_heap_end
                0x20000c04        0x4 CMakeFiles/SuperCAP.elf.dir/Core/Src/sysmem.c.obj
 .bss.htim1     0x20000c08       0x4c CMakeFiles/SuperCAP.elf.dir/Core/Src/tim.c.obj
                0x20000c08                htim1
 .bss.htim2     0x20000c54       0x4c CMakeFiles/SuperCAP.elf.dir/Core/Src/tim.c.obj
                0x20000c54                htim2
 .bss.htim3     0x20000ca0       0x4c CMakeFiles/SuperCAP.elf.dir/Core/Src/tim.c.obj
                0x20000ca0                htim3
 .bss.htim6     0x20000cec       0x4c CMakeFiles/SuperCAP.elf.dir/Core/Src/tim.c.obj
                0x20000cec                htim6
 .bss.huart2    0x20000d38       0x84 CMakeFiles/SuperCAP.elf.dir/Core/Src/usart.c.obj
                0x20000d38                huart2
 .bss.huart3    0x20000dbc       0x84 CMakeFiles/SuperCAP.elf.dir/Core/Src/usart.c.obj
                0x20000dbc                huart3
 .bss.uwTick    0x20000e40        0x4 CMakeFiles/SuperCAP.elf.dir/Drivers/STM32F3xx_HAL_Driver/Src/stm32f3xx_hal.c.obj
                0x20000e40                uwTick
 .bss.control   0x20000e44      0x120 CMakeFiles/SuperCAP.elf.dir/User/Application/power_loop.c.obj
                0x20000e44                control
 .bss.debug1    0x20000f64       0x10 CMakeFiles/SuperCAP.elf.dir/User/Application/power_loop.c.obj
                0x20000f64                debug1
 .bss.samp      0x20000f74      0x1fc CMakeFiles/SuperCAP.elf.dir/User/Application/power_loop.c.obj
                0x20000f74                samp
 .bss.status    0x20001170        0x3 CMakeFiles/SuperCAP.elf.dir/User/Application/power_loop.c.obj
                0x20001170                status
 *fill*         0x20001173        0x1 
 .bss.debug     0x20001174        0x4 CMakeFiles/SuperCAP.elf.dir/User/Application/supercap.c.obj
                0x20001174                debug
 .bss.disable_cnt.0
                0x20001178        0x2 CMakeFiles/SuperCAP.elf.dir/User/Application/supercap.c.obj
 *fill*         0x2000117a        0x2 
 .bss.last_can_tick
                0x2000117c        0x4 CMakeFiles/SuperCAP.elf.dir/User/Application/supercap.c.obj
                0x2000117c                last_can_tick
 .bss.s_code    0x20001180        0x4 CMakeFiles/SuperCAP.elf.dir/User/Application/supercap.c.obj
                0x20001180                s_code
 .bss.uart3_send_str
                0x20001184       0x64 CMakeFiles/SuperCAP.elf.dir/User/Application/supercap.c.obj
                0x20001184                uart3_send_str
 .bss.__lock___atexit_recursive_mutex
                0x200011e8        0x1 h:/tools/gcc-arm-none/bin/../lib/gcc/arm-none-eabi/10.3.1/../../../../arm-none-eabi/lib/thumb/v7e-m+fp/hard\libg.a(lib_a-lock.o)
                0x200011e8                __lock___atexit_recursive_mutex
 *fill*         0x200011e9        0x3 
 .bss.__lock___malloc_recursive_mutex
                0x200011ec        0x1 h:/tools/gcc-arm-none/bin/../lib/gcc/arm-none-eabi/10.3.1/../../../../arm-none-eabi/lib/thumb/v7e-m+fp/hard\libg.a(lib_a-lock.o)
                0x200011ec                __lock___malloc_recursive_mutex
 *fill*         0x200011ed        0x3 
 .bss.__lock___sfp_recursive_mutex
                0x200011f0        0x1 h:/tools/gcc-arm-none/bin/../lib/gcc/arm-none-eabi/10.3.1/../../../../arm-none-eabi/lib/thumb/v7e-m+fp/hard\libg.a(lib_a-lock.o)
                0x200011f0                __lock___sfp_recursive_mutex
 *fill*         0x200011f1        0x3 
 .bss.__lock___sinit_recursive_mutex
                0x200011f4        0x1 h:/tools/gcc-arm-none/bin/../lib/gcc/arm-none-eabi/10.3.1/../../../../arm-none-eabi/lib/thumb/v7e-m+fp/hard\libg.a(lib_a-lock.o)
                0x200011f4                __lock___sinit_recursive_mutex
 *fill*         0x200011f5        0x3 
 .bss.__malloc_current_mallinfo
                0x200011f8       0x28 h:/tools/gcc-arm-none/bin/../lib/gcc/arm-none-eabi/10.3.1/../../../../arm-none-eabi/lib/thumb/v7e-m+fp/hard\libg.a(lib_a-mallocr.o)
                0x200011f8                __malloc_current_mallinfo
 .bss.__malloc_max_sbrked_mem
                0x20001220        0x4 h:/tools/gcc-arm-none/bin/../lib/gcc/arm-none-eabi/10.3.1/../../../../arm-none-eabi/lib/thumb/v7e-m+fp/hard\libg.a(lib_a-mallocr.o)
                0x20001220                __malloc_max_sbrked_mem
 .bss.__malloc_max_total_mem
                0x20001224        0x4 h:/tools/gcc-arm-none/bin/../lib/gcc/arm-none-eabi/10.3.1/../../../../arm-none-eabi/lib/thumb/v7e-m+fp/hard\libg.a(lib_a-mallocr.o)
                0x20001224                __malloc_max_total_mem
 .bss.__malloc_top_pad
                0x20001228        0x4 h:/tools/gcc-arm-none/bin/../lib/gcc/arm-none-eabi/10.3.1/../../../../arm-none-eabi/lib/thumb/v7e-m+fp/hard\libg.a(lib_a-mallocr.o)
                0x20001228                __malloc_top_pad
 .bss.errno     0x2000122c        0x4 h:/tools/gcc-arm-none/bin/../lib/gcc/arm-none-eabi/10.3.1/../../../../arm-none-eabi/lib/thumb/v7e-m+fp/hard\libg.a(lib_a-reent.o)
                0x2000122c                errno
 *(COMMON)
                0x20001230                . = ALIGN (0x4)
                0x20001230                _ebss = .
                0x20001230                __bss_end__ = _ebss

._user_heap_stack
                0x20001230      0x600
                0x20001230                . = ALIGN (0x8)
                [!provide]                PROVIDE (end = .)
                0x20001230                PROVIDE (_end = .)
                0x20001430                . = (. + _Min_Heap_Size)
 *fill*         0x20001230      0x200 
                0x20001830                . = (. + _Min_Stack_Size)
 *fill*         0x20001430      0x400 
                0x20001830                . = ALIGN (0x8)

/DISCARD/
 libc.a(*)
 libm.a(*)
 libgcc.a(*)

.ARM.attributes
                0x00000000       0x30
 *(.ARM.attributes)
 .ARM.attributes
                0x00000000       0x1e h:/tools/gcc-arm-none/bin/../lib/gcc/arm-none-eabi/10.3.1/thumb/v7e-m+fp/hard/crti.o
 .ARM.attributes
                0x0000001e       0x34 h:/tools/gcc-arm-none/bin/../lib/gcc/arm-none-eabi/10.3.1/thumb/v7e-m+fp/hard/crtbegin.o
 .ARM.attributes
                0x00000052       0x34 CMakeFiles/SuperCAP.elf.dir/Core/Src/adc.c.obj
 .ARM.attributes
                0x00000086       0x34 CMakeFiles/SuperCAP.elf.dir/Core/Src/can.c.obj
 .ARM.attributes
                0x000000ba       0x34 CMakeFiles/SuperCAP.elf.dir/Core/Src/dma.c.obj
 .ARM.attributes
                0x000000ee       0x34 CMakeFiles/SuperCAP.elf.dir/Core/Src/gpio.c.obj
 .ARM.attributes
                0x00000122       0x34 CMakeFiles/SuperCAP.elf.dir/Core/Src/hrtim.c.obj
 .ARM.attributes
                0x00000156       0x34 CMakeFiles/SuperCAP.elf.dir/Core/Src/main.c.obj
 .ARM.attributes
                0x0000018a       0x34 CMakeFiles/SuperCAP.elf.dir/Core/Src/stm32f3xx_hal_msp.c.obj
 .ARM.attributes
                0x000001be       0x34 CMakeFiles/SuperCAP.elf.dir/Core/Src/stm32f3xx_it.c.obj
 .ARM.attributes
                0x000001f2       0x34 CMakeFiles/SuperCAP.elf.dir/Core/Src/syscalls.c.obj
 .ARM.attributes
                0x00000226       0x34 CMakeFiles/SuperCAP.elf.dir/Core/Src/sysmem.c.obj
 .ARM.attributes
                0x0000025a       0x34 CMakeFiles/SuperCAP.elf.dir/Core/Src/system_stm32f3xx.c.obj
 .ARM.attributes
                0x0000028e       0x34 CMakeFiles/SuperCAP.elf.dir/Core/Src/tim.c.obj
 .ARM.attributes
                0x000002c2       0x34 CMakeFiles/SuperCAP.elf.dir/Core/Src/usart.c.obj
 .ARM.attributes
                0x000002f6       0x21 CMakeFiles/SuperCAP.elf.dir/Core/Startup/startup_stm32f334c8tx.s.obj
 .ARM.attributes
                0x00000317       0x34 CMakeFiles/SuperCAP.elf.dir/Drivers/STM32F3xx_HAL_Driver/Src/stm32f3xx_hal.c.obj
 .ARM.attributes
                0x0000034b       0x34 CMakeFiles/SuperCAP.elf.dir/Drivers/STM32F3xx_HAL_Driver/Src/stm32f3xx_hal_adc.c.obj
 .ARM.attributes
                0x0000037f       0x34 CMakeFiles/SuperCAP.elf.dir/Drivers/STM32F3xx_HAL_Driver/Src/stm32f3xx_hal_adc_ex.c.obj
 .ARM.attributes
                0x000003b3       0x34 CMakeFiles/SuperCAP.elf.dir/Drivers/STM32F3xx_HAL_Driver/Src/stm32f3xx_hal_can.c.obj
 .ARM.attributes
                0x000003e7       0x34 CMakeFiles/SuperCAP.elf.dir/Drivers/STM32F3xx_HAL_Driver/Src/stm32f3xx_hal_cortex.c.obj
 .ARM.attributes
                0x0000041b       0x34 CMakeFiles/SuperCAP.elf.dir/Drivers/STM32F3xx_HAL_Driver/Src/stm32f3xx_hal_dma.c.obj
 .ARM.attributes
                0x0000044f       0x34 CMakeFiles/SuperCAP.elf.dir/Drivers/STM32F3xx_HAL_Driver/Src/stm32f3xx_hal_gpio.c.obj
 .ARM.attributes
                0x00000483       0x34 CMakeFiles/SuperCAP.elf.dir/Drivers/STM32F3xx_HAL_Driver/Src/stm32f3xx_hal_hrtim.c.obj
 .ARM.attributes
                0x000004b7       0x34 CMakeFiles/SuperCAP.elf.dir/Drivers/STM32F3xx_HAL_Driver/Src/stm32f3xx_hal_rcc.c.obj
 .ARM.attributes
                0x000004eb       0x34 CMakeFiles/SuperCAP.elf.dir/Drivers/STM32F3xx_HAL_Driver/Src/stm32f3xx_hal_rcc_ex.c.obj
 .ARM.attributes
                0x0000051f       0x34 CMakeFiles/SuperCAP.elf.dir/Drivers/STM32F3xx_HAL_Driver/Src/stm32f3xx_hal_tim.c.obj
 .ARM.attributes
                0x00000553       0x34 CMakeFiles/SuperCAP.elf.dir/Drivers/STM32F3xx_HAL_Driver/Src/stm32f3xx_hal_tim_ex.c.obj
 .ARM.attributes
                0x00000587       0x34 CMakeFiles/SuperCAP.elf.dir/Drivers/STM32F3xx_HAL_Driver/Src/stm32f3xx_hal_uart.c.obj
 .ARM.attributes
                0x000005bb       0x34 CMakeFiles/SuperCAP.elf.dir/User/Algorithm/adc_to_elec.c.obj
 .ARM.attributes
                0x000005ef       0x34 CMakeFiles/SuperCAP.elf.dir/User/Algorithm/filter.c.obj
 .ARM.attributes
                0x00000623       0x34 CMakeFiles/SuperCAP.elf.dir/User/Algorithm/pid.c.obj
 .ARM.attributes
                0x00000657       0x34 CMakeFiles/SuperCAP.elf.dir/User/Application/power_loop.c.obj
 .ARM.attributes
                0x0000068b       0x34 CMakeFiles/SuperCAP.elf.dir/User/Application/supercap.c.obj
 .ARM.attributes
                0x000006bf       0x34 CMakeFiles/SuperCAP.elf.dir/User/Bsp/bsp_adc.c.obj
 .ARM.attributes
                0x000006f3       0x34 CMakeFiles/SuperCAP.elf.dir/User/Bsp/bsp_can.c.obj
 .ARM.attributes
                0x00000727       0x34 CMakeFiles/SuperCAP.elf.dir/User/Bsp/bsp_gpio.c.obj
 .ARM.attributes
                0x0000075b       0x34 CMakeFiles/SuperCAP.elf.dir/User/Bsp/bsp_hrtim.c.obj
 .ARM.attributes
                0x0000078f       0x34 CMakeFiles/SuperCAP.elf.dir/User/Bsp/bsp_tim.c.obj
 .ARM.attributes
                0x000007c3       0x34 CMakeFiles/SuperCAP.elf.dir/User/Bsp/bsp_uart.c.obj
 .ARM.attributes
                0x000007f7       0x1e h:/tools/gcc-arm-none/bin/../lib/gcc/arm-none-eabi/10.3.1/thumb/v7e-m+fp/hard\libgcc.a(_arm_addsubdf3.o)
 .ARM.attributes
                0x00000815       0x34 h:/tools/gcc-arm-none/bin/../lib/gcc/arm-none-eabi/10.3.1/../../../../arm-none-eabi/lib/thumb/v7e-m+fp/hard\libg.a(lib_a-errno.o)
 .ARM.attributes
                0x00000849       0x34 h:/tools/gcc-arm-none/bin/../lib/gcc/arm-none-eabi/10.3.1/../../../../arm-none-eabi/lib/thumb/v7e-m+fp/hard\libg.a(lib_a-impure.o)
 .ARM.attributes
                0x0000087d       0x34 h:/tools/gcc-arm-none/bin/../lib/gcc/arm-none-eabi/10.3.1/../../../../arm-none-eabi/lib/thumb/v7e-m+fp/hard\libg.a(lib_a-init.o)
 .ARM.attributes
                0x000008b1       0x34 h:/tools/gcc-arm-none/bin/../lib/gcc/arm-none-eabi/10.3.1/../../../../arm-none-eabi/lib/thumb/v7e-m+fp/hard\libg.a(lib_a-memset.o)
 .ARM.attributes
                0x000008e5       0x34 h:/tools/gcc-arm-none/bin/../lib/gcc/arm-none-eabi/10.3.1/../../../../arm-none-eabi/lib/thumb/v7e-m+fp/hard\libg.a(lib_a-sprintf.o)
 .ARM.attributes
                0x00000919       0x1c h:/tools/gcc-arm-none/bin/../lib/gcc/arm-none-eabi/10.3.1/../../../../arm-none-eabi/lib/thumb/v7e-m+fp/hard\libg.a(lib_a-strlen.o)
 .ARM.attributes
                0x00000935       0x34 h:/tools/gcc-arm-none/bin/../lib/gcc/arm-none-eabi/10.3.1/../../../../arm-none-eabi/lib/thumb/v7e-m+fp/hard\libg.a(lib_a-svfprintf.o)
 .ARM.attributes
                0x00000969       0x34 h:/tools/gcc-arm-none/bin/../lib/gcc/arm-none-eabi/10.3.1/../../../../arm-none-eabi/lib/thumb/v7e-m+fp/hard\libg.a(lib_a-__call_atexit.o)
 .ARM.attributes
                0x0000099d       0x34 h:/tools/gcc-arm-none/bin/../lib/gcc/arm-none-eabi/10.3.1/../../../../arm-none-eabi/lib/thumb/v7e-m+fp/hard\libg.a(lib_a-atexit.o)
 .ARM.attributes
                0x000009d1       0x34 h:/tools/gcc-arm-none/bin/../lib/gcc/arm-none-eabi/10.3.1/../../../../arm-none-eabi/lib/thumb/v7e-m+fp/hard\libg.a(lib_a-dtoa.o)
 .ARM.attributes
                0x00000a05       0x34 h:/tools/gcc-arm-none/bin/../lib/gcc/arm-none-eabi/10.3.1/../../../../arm-none-eabi/lib/thumb/v7e-m+fp/hard\libg.a(lib_a-fini.o)
 .ARM.attributes
                0x00000a39       0x34 h:/tools/gcc-arm-none/bin/../lib/gcc/arm-none-eabi/10.3.1/../../../../arm-none-eabi/lib/thumb/v7e-m+fp/hard\libg.a(lib_a-freer.o)
 .ARM.attributes
                0x00000a6d       0x34 h:/tools/gcc-arm-none/bin/../lib/gcc/arm-none-eabi/10.3.1/../../../../arm-none-eabi/lib/thumb/v7e-m+fp/hard\libg.a(lib_a-localeconv.o)
 .ARM.attributes
                0x00000aa1       0x34 h:/tools/gcc-arm-none/bin/../lib/gcc/arm-none-eabi/10.3.1/../../../../arm-none-eabi/lib/thumb/v7e-m+fp/hard\libg.a(lib_a-lock.o)
 .ARM.attributes
                0x00000ad5       0x34 h:/tools/gcc-arm-none/bin/../lib/gcc/arm-none-eabi/10.3.1/../../../../arm-none-eabi/lib/thumb/v7e-m+fp/hard\libg.a(lib_a-mallocr.o)
 .ARM.attributes
                0x00000b09       0x1c h:/tools/gcc-arm-none/bin/../lib/gcc/arm-none-eabi/10.3.1/../../../../arm-none-eabi/lib/thumb/v7e-m+fp/hard\libg.a(lib_a-memchr.o)
 .ARM.attributes
                0x00000b25       0x1c h:/tools/gcc-arm-none/bin/../lib/gcc/arm-none-eabi/10.3.1/../../../../arm-none-eabi/lib/thumb/v7e-m+fp/hard\libg.a(lib_a-memcpy.o)
 .ARM.attributes
                0x00000b41       0x34 h:/tools/gcc-arm-none/bin/../lib/gcc/arm-none-eabi/10.3.1/../../../../arm-none-eabi/lib/thumb/v7e-m+fp/hard\libg.a(lib_a-mlock.o)
 .ARM.attributes
                0x00000b75       0x34 h:/tools/gcc-arm-none/bin/../lib/gcc/arm-none-eabi/10.3.1/../../../../arm-none-eabi/lib/thumb/v7e-m+fp/hard\libg.a(lib_a-mprec.o)
 .ARM.attributes
                0x00000ba9       0x34 h:/tools/gcc-arm-none/bin/../lib/gcc/arm-none-eabi/10.3.1/../../../../arm-none-eabi/lib/thumb/v7e-m+fp/hard\libg.a(lib_a-s_frexp.o)
 .ARM.attributes